 woff2_encode

 Timestamp is 5f28418e (Mon Aug  3 12:55:42 2020)

 Preferred load address is 0000000180000000

 Start         Length     Name                   Class
 0001:00000000 00000070H .text$di                CODE
 0001:00000070 0005d300H .text$mn                CODE
 0001:0005d370 00000020H .text$mn$00             CODE
 0001:0005d390 000003c0H .text$x                 CODE
 0001:0005d750 000000b4H .text$yd                CODE
 0002:00000000 00000268H .idata$5                DATA
 0002:00000268 00000010H .00cfg                  DATA
 0002:00000278 00000008H .CRT$XCA                DATA
 0002:00000280 00000018H .CRT$XCC                DATA
 0002:00000298 00000010H .CRT$XCL                DATA
 0002:000002a8 00000008H .CRT$XCU                DATA
 0002:000002b0 00000008H .CRT$XCZ                DATA
 0002:000002b8 00000008H .CRT$XIA                DATA
 0002:000002c0 00000028H .CRT$XIC                DATA
 0002:000002e8 00000008H .CRT$XIZ                DATA
 0002:000002f0 00000008H .CRT$XPA                DATA
 0002:000002f8 00000010H .CRT$XPX                DATA
 0002:00000308 00000008H .CRT$XPXA               DATA
 0002:00000310 00000008H .CRT$XPZ                DATA
 0002:00000318 00000008H .CRT$XTA                DATA
 0002:00000320 00000010H .CRT$XTZ                DATA
 0002:00000328 00000000H .gfids$y                DATA
 0002:00000330 00079330H .rdata                  DATA
 0002:00079660 00000404H .rdata$r                DATA
 0002:00079a64 00000414H .rdata$zzzdbg           DATA
 0002:00079e78 00000008H .rtc$IAA                DATA
 0002:00079e80 00000008H .rtc$IZZ                DATA
 0002:00079e88 00000008H .rtc$TAA                DATA
 0002:00079e90 00000010H .rtc$TZZ                DATA
 0002:00079ea0 00003ca8H .xdata                  DATA
 0002:0007db48 00000244H .xdata$x                DATA
 0002:0007dd8c 00000020H .didat$2                DATA
 0002:0007ddac 00000024H .didat$3                DATA
 0002:0007ddd0 000000e8H .didat$4                DATA
 0002:0007deb8 000007d8H .didat$6                DATA
 0002:0007e690 000000f0H .didat$7                DATA
 0002:0007e780 0000005cH .edata                  DATA
 0002:0007e7dc 00000014H .idata$2                DATA
 0002:0007e7f0 00000018H .idata$3                DATA
 0002:0007e808 00000268H .idata$4                DATA
 0002:0007ea70 00000594H .idata$6                DATA
 0003:00000000 00000e30H .data                   DATA
 0003:00000e30 00000140H .data$r                 DATA
 0003:00000f70 000000f0H .didat$5                DATA
 0003:00001060 00001838H .bss                    DATA
 0004:00000000 000030a8H .pdata                  DATA
 0005:00000000 00000060H .rsrc$01                DATA
 0005:00000060 00000180H .rsrc$02                DATA

  Address         Publics by Value              Rva+Base               Lib:Object

 0000:00000000       __hybrid_code_map          0000000000000000     <absolute>
 0000:00000000       __hybrid_code_map_count    0000000000000000     <absolute>
 0000:00000000       __guard_fids_count         0000000000000000     <absolute>
 0000:00000000       __volatile_metadata        0000000000000000     <absolute>
 0000:00000000       __guard_longjmp_count      0000000000000000     <absolute>
 0000:00000000       __guard_longjmp_table      0000000000000000     <absolute>
 0000:00000000       __guard_iat_count          0000000000000000     <absolute>
 0000:00000000       __guard_iat_table          0000000000000000     <absolute>
 0000:00000000       ___safe_se_handler_count   0000000000000000     <absolute>
 0000:00000000       __enclave_config           0000000000000000     <absolute>
 0000:00000000       ___safe_se_handler_table   0000000000000000     <absolute>
 0000:00000000       __guard_fids_table         0000000000000000     <absolute>
 0000:00000000       __hybrid_auxiliary_iat     0000000000000000     <absolute>
 0000:00000000       __dynamic_value_reloc_table 0000000000000000     <absolute>
 0000:00000100       __guard_flags              0000000000000100     <absolute>
 0000:00000000       __ImageBase                0000000180000000     <linker-defined>
 0001:00000070       ?Log2Floor@woff2@@YAHI@Z   0000000180001070 f i font.obj
 0001:00000120       ?StoreU32@woff2@@YAXIPEA_KPEAE@Z 0000000180001120 f i font.obj
 0001:00000150       ?OutputOrderedTags@Font@woff2@@QEBA?AV?$vector@IV?$allocator@I@std@@@std@@XZ 0000000180001150 f   font.obj
 0001:00000310       ?ReadTrueTypeFont@woff2@@YA_NPEAVBuffer@1@PEBE_KPEAUFont@1@@Z 0000000180001310 f   font.obj
 0001:00000740       ??4Table@Font@woff2@@QEAAAEAU012@AEBU012@@Z 0000000180001740 f i font.obj
 0001:000008c0       ?ReadCollectionFont@woff2@@YA_NPEAVBuffer@1@PEBE_KPEAUFont@1@PEAV?$map@IPEAUTable@Font@woff2@@U?$less@I@std@@V?$allocator@U?$pair@$$CBIPEAUTable@Font@woff2@@@std@@@5@@std@@@Z 00000001800018c0 f   font.obj
 0001:00000b60       ?ReadTrueTypeCollection@woff2@@YA_NPEAVBuffer@1@PEBE_KPEAUFontCollection@1@@Z 0000000180001b60 f   font.obj
 0001:00000df0       ?NumGlyphs@woff2@@YAHAEBUFont@1@@Z 0000000180001df0 f   font.obj
 0001:00000f70       ?GetGlyphData@woff2@@YA_NAEBUFont@1@HPEAPEBEPEA_K@Z 0000000180001f70 f   font.obj
 0001:00001210       ??1?$_Tree@V?$_Tmap_traits@IIU?$less@I@std@@V?$allocator@U?$pair@$$CBII@std@@@2@$0A@@std@@@std@@QEAA@XZ 0000000180002210 f i font.obj
 0001:000012b0       ??E?$_Tree_unchecked_const_iterator@V?$_Tree_val@U?$_Tree_simple_types@U?$pair@$$CBIUTable@Font@woff2@@@std@@@std@@@std@@U_Iterator_base0@2@@std@@QEAAAEAV01@XZ 00000001800022b0 f i font.obj
 0001:00001320       ??A?$map@IUTable@Font@woff2@@U?$less@I@std@@V?$allocator@U?$pair@$$CBIUTable@Font@woff2@@@std@@@5@@std@@QEAAAEAUTable@Font@woff2@@AEBI@Z 0000000180002320 f i font.obj
 0001:00001320       ??A?$map@IUTable@Font@woff2@@U?$less@I@std@@V?$allocator@U?$pair@$$CBIUTable@Font@woff2@@@std@@@5@@std@@QEAAAEAUTable@Font@woff2@@$$QEAI@Z 0000000180002320 f i transform.obj
 0001:00001410       ?_Tidy@?$vector@EV?$allocator@E@std@@@std@@AEAAXXZ 0000000180002410 f i font.obj
 0001:00001470       ?_Erase@?$_Tree@V?$_Tmap_traits@U?$pair@II@std@@GU?$less@U?$pair@II@std@@@2@V?$allocator@U?$pair@$$CBU?$pair@II@std@@G@std@@@2@$0A@@std@@@std@@IEAAXPEAU?$_Tree_node@U?$pair@$$CBU?$pair@II@std@@G@std@@PEAX@2@@Z 0000000180002470 f i woff2_enc.obj
 0001:00001470       ?_Erase@?$_Tree@V?$_Tmap_traits@IIU?$less@I@std@@V?$allocator@U?$pair@$$CBII@std@@@2@$0A@@std@@@std@@IEAAXPEAU?$_Tree_node@U?$pair@$$CBII@std@@PEAX@2@@Z 0000000180002470 f i font.obj
 0001:000014d0       ?_Erase@?$_Tree@V?$_Tmap_traits@IPEAUTable@Font@woff2@@U?$less@I@std@@V?$allocator@U?$pair@$$CBIPEAUTable@Font@woff2@@@std@@@5@$0A@@std@@@std@@IEAAXPEAU?$_Tree_node@U?$pair@$$CBIPEAUTable@Font@woff2@@@std@@PEAX@2@@Z 00000001800024d0 f i font.obj
 0001:00001530       ??$_Resize@V<lambda_cb95ad0eee601e9dec4e28d0a6c35355>@@@?$vector@UFont@woff2@@V?$allocator@UFont@woff2@@@std@@@std@@AEAAX_KV<lambda_cb95ad0eee601e9dec4e28d0a6c35355>@@@Z 0000000180002530 f i font.obj
 0001:00001900       ??$_Emplace_reallocate@AEBI@?$vector@IV?$allocator@I@std@@@std@@QEAAPEAIQEAIAEBI@Z 0000000180002900 f i font.obj
 0001:00001aa0       ??$_Deallocate@$0BA@$0A@@std@@YAXPEAX_K@Z 0000000180002aa0 f i font.obj
 0001:00001ae0       ?_Xlength@?$vector@UTable@woff2@@V?$allocator@UTable@woff2@@@std@@@std@@CAXXZ 0000000180002ae0 f i woff2_dec.obj
 0001:00001ae0       ?_Xlength@?$vector@IV?$allocator@I@std@@@std@@CAXXZ 0000000180002ae0 f i font.obj
 0001:00001ae0       ?_Xlength@?$vector@UPoint@Glyph@woff2@@V?$allocator@UPoint@Glyph@woff2@@@std@@@std@@CAXXZ 0000000180002ae0 f i glyph.obj
 0001:00001ae0       ?_Xlength@?$vector@V?$vector@UPoint@Glyph@woff2@@V?$allocator@UPoint@Glyph@woff2@@@std@@@std@@V?$allocator@V?$vector@UPoint@Glyph@woff2@@V?$allocator@UPoint@Glyph@woff2@@@std@@@std@@@2@@std@@CAXXZ 0000000180002ae0 f i glyph.obj
 0001:00001ae0       ?_Xlength@?$vector@UFont@woff2@@V?$allocator@UFont@woff2@@@std@@@std@@CAXXZ 0000000180002ae0 f i font.obj
 0001:00001ae0       ?_Xlength@?$vector@EV?$allocator@E@std@@@std@@CAXXZ 0000000180002ae0 f i font.obj
 0001:00001ae0       ?_Xlength@?$vector@V?$vector@EV?$allocator@E@std@@@std@@V?$allocator@V?$vector@EV?$allocator@E@std@@@std@@@2@@std@@CAXXZ 0000000180002ae0 f i glyph.obj
 0001:00001b00       ?erase@?$_Tree@V?$_Tmap_traits@IUTable@Font@woff2@@U?$less@I@std@@V?$allocator@U?$pair@$$CBIUTable@Font@woff2@@@std@@@5@$0A@@std@@@std@@QEAA?AV?$_Tree_iterator@V?$_Tree_val@U?$_Tree_simple_types@U?$pair@$$CBIUTable@Font@woff2@@@std@@@std@@@std@@@2@V?$_Tree_const_iterator@V?$_Tree_val@U?$_Tree_simple_types@U?$pair@$$CBIUTable@Font@woff2@@@std@@@std@@@std@@@2@@Z 0000000180002b00 f i font.obj
 0001:00001be0       ?_Extract@?$_Tree_val@U?$_Tree_simple_types@U?$pair@$$CBIUTable@Font@woff2@@@std@@@std@@@std@@QEAAPEAU?$_Tree_node@U?$pair@$$CBIUTable@Font@woff2@@@std@@PEAX@2@V?$_Tree_const_iterator@V?$_Tree_val@U?$_Tree_simple_types@U?$pair@$$CBIUTable@Font@woff2@@@std@@@std@@@std@@@2@@Z 0000000180002be0 f i font.obj
 0001:00001f60       ?_Rrotate@?$_Tree_val@U?$_Tree_simple_types@U?$pair@$$CBIUTable@Font@woff2@@@std@@@std@@@std@@QEAAXPEAU?$_Tree_node@U?$pair@$$CBIUTable@Font@woff2@@@std@@PEAX@2@@Z 0000000180002f60 f i font.obj
 0001:00001fc0       ?_Lrotate@?$_Tree_val@U?$_Tree_simple_types@U?$pair@$$CBIUTable@Font@woff2@@@std@@@std@@@std@@QEAAXPEAU?$_Tree_node@U?$pair@$$CBIUTable@Font@woff2@@@std@@PEAX@2@@Z 0000000180002fc0 f i font.obj
 0001:00002020       ??$_Destroy_range@V?$allocator@UFont@woff2@@@std@@@std@@YAXPEAUFont@woff2@@0AEAV?$allocator@UFont@woff2@@@0@@Z 0000000180003020 f i font.obj
 0001:000020b0       ?_Buy@?$vector@EV?$allocator@E@std@@@std@@AEAA_N_K@Z 00000001800030b0 f i font.obj
 0001:00002150       ??$_Insert_hint@AEAU?$pair@$$CBII@std@@PEAU?$_Tree_node@U?$pair@$$CBII@std@@PEAX@2@@?$_Tree@V?$_Tmap_traits@IIU?$less@I@std@@V?$allocator@U?$pair@$$CBII@std@@@2@$0A@@std@@@std@@IEAA?AV?$_Tree_iterator@V?$_Tree_val@U?$_Tree_simple_types@U?$pair@$$CBII@std@@@std@@@std@@@1@V?$_Tree_const_iterator@V?$_Tree_val@U?$_Tree_simple_types@U?$pair@$$CBII@std@@@std@@@std@@@1@AEAU?$pair@$$CBII@1@PEAU?$_Tree_node@U?$pair@$$CBII@std@@PEAX@1@@Z 0000000180003150 f i font.obj
 0001:00002470       ??$_Insert_hint@AEAU?$pair@$$CBIPEAUTable@Font@woff2@@@std@@PEAU?$_Tree_node@U?$pair@$$CBIPEAUTable@Font@woff2@@@std@@PEAX@2@@?$_Tree@V?$_Tmap_traits@IPEAUTable@Font@woff2@@U?$less@I@std@@V?$allocator@U?$pair@$$CBIPEAUTable@Font@woff2@@@std@@@5@$0A@@std@@@std@@IEAA?AV?$_Tree_iterator@V?$_Tree_val@U?$_Tree_simple_types@U?$pair@$$CBIPEAUTable@Font@woff2@@@std@@@std@@@std@@@1@V?$_Tree_const_iterator@V?$_Tree_val@U?$_Tree_simple_types@U?$pair@$$CBIPEAUTable@Font@woff2@@@std@@@std@@@std@@@1@AEAU?$pair@$$CBIPEAUTable@Font@woff2@@@1@PEAU?$_Tree_node@U?$pair@$$CBIPEAUTable@Font@woff2@@@std@@PEAX@1@@Z 0000000180003470 f i font.obj
 0001:00002790       ??$_Insert_hint@AEAU?$pair@$$CBIUTable@Font@woff2@@@std@@PEAU?$_Tree_node@U?$pair@$$CBIUTable@Font@woff2@@@std@@PEAX@2@@?$_Tree@V?$_Tmap_traits@IUTable@Font@woff2@@U?$less@I@std@@V?$allocator@U?$pair@$$CBIUTable@Font@woff2@@@std@@@5@$0A@@std@@@std@@IEAA?AV?$_Tree_iterator@V?$_Tree_val@U?$_Tree_simple_types@U?$pair@$$CBIUTable@Font@woff2@@@std@@@std@@@std@@@1@V?$_Tree_const_iterator@V?$_Tree_val@U?$_Tree_simple_types@U?$pair@$$CBIUTable@Font@woff2@@@std@@@std@@@std@@@1@AEAU?$pair@$$CBIUTable@Font@woff2@@@1@PEAU?$_Tree_node@U?$pair@$$CBIUTable@Font@woff2@@@std@@PEAX@1@@Z 0000000180003790 f i font.obj
 0001:00002ab0       ?_Destroy_if_node@?$_Tree@V?$_Tmap_traits@IIU?$less@I@std@@V?$allocator@U?$pair@$$CBII@std@@@2@$0A@@std@@@std@@IEAAXPEAU?$_Tree_node@U?$pair@$$CBII@std@@PEAX@2@@Z 0000000180003ab0 f i font.obj
 0001:00002ab0       ?_Destroy_if_node@?$_Tree@V?$_Tmap_traits@U?$pair@II@std@@GU?$less@U?$pair@II@std@@@2@V?$allocator@U?$pair@$$CBU?$pair@II@std@@G@std@@@2@$0A@@std@@@std@@IEAAXPEAU?$_Tree_node@U?$pair@$$CBU?$pair@II@std@@G@std@@PEAX@2@@Z 0000000180003ab0 f i woff2_enc.obj
 0001:00002ac0       ?_Destroy_if_node@?$_Tree@V?$_Tmap_traits@IPEAUTable@Font@woff2@@U?$less@I@std@@V?$allocator@U?$pair@$$CBIPEAUTable@Font@woff2@@@std@@@5@$0A@@std@@@std@@IEAAXPEAU?$_Tree_node@U?$pair@$$CBIPEAUTable@Font@woff2@@@std@@PEAX@2@@Z 0000000180003ac0 f i font.obj
 0001:00002ad0       ?_Destroy_if_node@?$_Tree@V?$_Tmap_traits@IUTable@Font@woff2@@U?$less@I@std@@V?$allocator@U?$pair@$$CBIUTable@Font@woff2@@@std@@@5@$0A@@std@@@std@@IEAAXPEAU?$_Tree_node@U?$pair@$$CBIUTable@Font@woff2@@@std@@PEAX@2@@Z 0000000180003ad0 f i font.obj
 0001:00002b40       ?_Erase@?$_Tree@V?$_Tmap_traits@IUTable@Font@woff2@@U?$less@I@std@@V?$allocator@U?$pair@$$CBIUTable@Font@woff2@@@std@@@5@$0A@@std@@@std@@IEAAXPEAU?$_Tree_node@U?$pair@$$CBIUTable@Font@woff2@@@std@@PEAX@2@@Z 0000000180003b40 f i font.obj
 0001:00002c00       ??$_Insert_at@AEAU?$pair@$$CBU?$pair@II@std@@G@std@@PEAU?$_Tree_node@U?$pair@$$CBU?$pair@II@std@@G@std@@PEAX@2@@?$_Tree@V?$_Tmap_traits@U?$pair@II@std@@GU?$less@U?$pair@II@std@@@2@V?$allocator@U?$pair@$$CBU?$pair@II@std@@G@std@@@2@$0A@@std@@@std@@IEAA?AV?$_Tree_iterator@V?$_Tree_val@U?$_Tree_simple_types@U?$pair@$$CBU?$pair@II@std@@G@std@@@std@@@std@@@1@_NPEAU?$_Tree_node@U?$pair@$$CBU?$pair@II@std@@G@std@@PEAX@1@AEAU?$pair@$$CBU?$pair@II@std@@G@1@1@Z 0000000180003c00 f i woff2_enc.obj
 0001:00002c00       ??$_Insert_at@AEAU?$pair@$$CBII@std@@PEAU?$_Tree_node@U?$pair@$$CBII@std@@PEAX@2@@?$_Tree@V?$_Tmap_traits@IIU?$less@I@std@@V?$allocator@U?$pair@$$CBII@std@@@2@$0A@@std@@@std@@IEAA?AV?$_Tree_iterator@V?$_Tree_val@U?$_Tree_simple_types@U?$pair@$$CBII@std@@@std@@@std@@@1@_NPEAU?$_Tree_node@U?$pair@$$CBII@std@@PEAX@1@AEAU?$pair@$$CBII@1@1@Z 0000000180003c00 f i font.obj
 0001:00002eb0       ??$_Insert_at@AEAU?$pair@$$CBIPEAUTable@Font@woff2@@@std@@PEAU?$_Tree_node@U?$pair@$$CBIPEAUTable@Font@woff2@@@std@@PEAX@2@@?$_Tree@V?$_Tmap_traits@IPEAUTable@Font@woff2@@U?$less@I@std@@V?$allocator@U?$pair@$$CBIPEAUTable@Font@woff2@@@std@@@5@$0A@@std@@@std@@IEAA?AV?$_Tree_iterator@V?$_Tree_val@U?$_Tree_simple_types@U?$pair@$$CBIPEAUTable@Font@woff2@@@std@@@std@@@std@@@1@_NPEAU?$_Tree_node@U?$pair@$$CBIPEAUTable@Font@woff2@@@std@@PEAX@1@AEAU?$pair@$$CBIPEAUTable@Font@woff2@@@1@1@Z 0000000180003eb0 f i font.obj
 0001:00003160       ??$_Insert_at@AEAU?$pair@$$CBIUTable@Font@woff2@@@std@@PEAU?$_Tree_node@U?$pair@$$CBIUTable@Font@woff2@@@std@@PEAX@2@@?$_Tree@V?$_Tmap_traits@IUTable@Font@woff2@@U?$less@I@std@@V?$allocator@U?$pair@$$CBIUTable@Font@woff2@@@std@@@5@$0A@@std@@@std@@IEAA?AV?$_Tree_iterator@V?$_Tree_val@U?$_Tree_simple_types@U?$pair@$$CBIUTable@Font@woff2@@@std@@@std@@@std@@@1@_NPEAU?$_Tree_node@U?$pair@$$CBIUTable@Font@woff2@@@std@@PEAX@1@AEAU?$pair@$$CBIUTable@Font@woff2@@@1@1@Z 0000000180004160 f i font.obj
 0001:00003410       ??$_Copy_nodes@U_Copy_tag@?$_Tree@V?$_Tmap_traits@IUTable@Font@woff2@@U?$less@I@std@@V?$allocator@U?$pair@$$CBIUTable@Font@woff2@@@std@@@5@$0A@@std@@@std@@@?$_Tree@V?$_Tmap_traits@IUTable@Font@woff2@@U?$less@I@std@@V?$allocator@U?$pair@$$CBIUTable@Font@woff2@@@std@@@5@$0A@@std@@@std@@IEAAPEAU?$_Tree_node@U?$pair@$$CBIUTable@Font@woff2@@@std@@PEAX@1@PEAU21@0U_Copy_tag@01@@Z 0000000180004410 f i font.obj
 0001:00003580       ?StoreBytes@woff2@@YAXPEBE_KPEA_KPEAE@Z 0000000180004580 f i glyph.obj
 0001:000035c0       ?ReadGlyph@woff2@@YA_NPEBE_KPEAVGlyph@1@@Z 00000001800045c0 f   glyph.obj
 0001:000040f0       ?StoreGlyph@woff2@@YA_NAEBVGlyph@1@PEAEPEA_K@Z 00000001800050f0 f   glyph.obj
 0001:00004350       ?resize@?$vector@EV?$allocator@E@std@@@std@@QEAAX_K@Z 0000000180005350 f i glyph.obj
 0001:000044b0       ??$_Resize@V<lambda_afda535ea4cdce804d2703d8a8d0168e>@@@?$vector@V?$vector@UPoint@Glyph@woff2@@V?$allocator@UPoint@Glyph@woff2@@@std@@@std@@V?$allocator@V?$vector@UPoint@Glyph@woff2@@V?$allocator@UPoint@Glyph@woff2@@@std@@@std@@@2@@std@@AEAAX_KV<lambda_afda535ea4cdce804d2703d8a8d0168e>@@@Z 00000001800054b0 f i glyph.obj
 0001:00004740       ??$_Resize@V<lambda_f2c7ef95aac89ca7490276157addbeca>@@@?$vector@UPoint@Glyph@woff2@@V?$allocator@UPoint@Glyph@woff2@@@std@@@std@@AEAAX_KV<lambda_f2c7ef95aac89ca7490276157addbeca>@@@Z 0000000180005740 f i glyph.obj
 0001:00004940       ??$_Destroy_range@V?$allocator@V?$vector@EV?$allocator@E@std@@@std@@@std@@@std@@YAXPEAV?$vector@EV?$allocator@E@std@@@0@0AEAV?$allocator@V?$vector@EV?$allocator@E@std@@@std@@@0@@Z 0000000180005940 f i glyph.obj
 0001:000049c0       ??$_Destroy_range@V?$allocator@V?$vector@UPoint@Glyph@woff2@@V?$allocator@UPoint@Glyph@woff2@@@std@@@std@@@std@@@std@@YAXPEAV?$vector@UPoint@Glyph@woff2@@V?$allocator@UPoint@Glyph@woff2@@@std@@@0@0AEAV?$allocator@V?$vector@UPoint@Glyph@woff2@@V?$allocator@UPoint@Glyph@woff2@@@std@@@std@@@0@@Z 00000001800059c0 f i glyph.obj
 0001:00004a80       ?_Change_array@?$vector@EV?$allocator@E@std@@@std@@AEAAXQEAE_K1@Z 0000000180005a80 f i glyph.obj
 0001:00004f90       ?NormalizeGlyphs@woff2@@YA_NPEAUFont@1@@Z 0000000180005f90 f   normalize.obj
 0001:000051c0       ?FixChecksums@woff2@@YA_NPEAUFont@1@@Z 00000001800061c0 f   normalize.obj
 0001:00005420       ?NormalizeWithoutFixingChecksums@woff2@@YA_NPEAUFont@1@@Z 0000000180006420 f   normalize.obj
 0001:000056b0       ?NormalizeFontCollection@woff2@@YA_NPEAUFontCollection@1@@Z 00000001800066b0 f   normalize.obj
 0001:000058e0       ??$Round4@_K@woff2@@YA_K_K@Z 00000001800068e0 f i normalize.obj
 0001:000065a0       ?TransformGlyfAndLocaTables@woff2@@YA_NPEAUFont@1@@Z 00000001800075a0 f   transform.obj
 0001:00006cd0       ?push_back@?$vector@EV?$allocator@E@std@@@std@@QEAAX$$QEAE@Z 0000000180007cd0 f i transform.obj
 0001:00006e20       ?Write255UShort@woff2@@YAXPEAV?$vector@EV?$allocator@E@std@@@std@@H@Z 0000000180007e20 f   variable_length.obj
 0001:00006ff0       ?Store255UShort@woff2@@YAXHPEA_KPEAE@Z 0000000180007ff0 f   variable_length.obj
 0001:000070b0       ?ComputeULongSum@woff2@@YAIPEBE_K@Z 00000001800080b0 f   woff2_common.obj
 0001:00007160       ?_Tidy@?$vector@UTable@woff2@@V?$allocator@UTable@woff2@@@std@@@std@@AEAAXXZ 0000000180008160 f i woff2_dec.obj
 0001:000077b0       ?ConvertTTFToWOFF2@woff2@@YA_NPEBE_KPEAEPEA_KAEBUWOFF2Params@1@@Z 00000001800087b0 f   woff2_enc.obj
 0001:000087d0       ??1FontCollection@woff2@@QEAA@XZ 00000001800097d0 f i woff2_enc.obj
 0001:000088f0       ?find@?$_Tree@V?$_Tmap_traits@U?$pair@II@std@@GU?$less@U?$pair@II@std@@@2@V?$allocator@U?$pair@$$CBU?$pair@II@std@@G@std@@@2@$0A@@std@@@std@@QEAA?AV?$_Tree_iterator@V?$_Tree_val@U?$_Tree_simple_types@U?$pair@$$CBU?$pair@II@std@@G@std@@@std@@@std@@@2@AEBU?$pair@II@2@@Z 00000001800098f0 f i woff2_enc.obj
 0001:00008950       ??1?$_Tree@V?$_Tmap_traits@U?$pair@II@std@@GU?$less@U?$pair@II@std@@@2@V?$allocator@U?$pair@$$CBU?$pair@II@std@@G@std@@@2@$0A@@std@@@std@@QEAA@XZ 0000000180009950 f i woff2_enc.obj
 0001:00008970       ??A?$map@U?$pair@II@std@@GU?$less@U?$pair@II@std@@@2@V?$allocator@U?$pair@$$CBU?$pair@II@std@@G@std@@@2@@std@@QEAAAEAGAEBU?$pair@II@1@@Z 0000000180009970 f i woff2_enc.obj
 0001:00008a50       ?_Tidy@?$_Tree@V?$_Tmap_traits@U?$pair@II@std@@GU?$less@U?$pair@II@std@@@2@V?$allocator@U?$pair@$$CBU?$pair@II@std@@G@std@@@2@$0A@@std@@@std@@IEAAXXZ 0000000180009a50 f i woff2_enc.obj
 0001:00008ae0       ?assign@?$basic_string@DU?$char_traits@D@std@@V?$allocator@D@2@@std@@QEAAAEAV12@QEBD_K@Z 0000000180009ae0 f i woff2_enc.obj
 0001:00008c30       ??$_Emplace_reallocate@AEBUTable@woff2@@@?$vector@UTable@woff2@@V?$allocator@UTable@woff2@@@std@@@std@@QEAAPEAUTable@woff2@@QEAU23@AEBU23@@Z 0000000180009c30 f i woff2_enc.obj
 0001:00008e50       ?_Xlen@?$basic_string@DU?$char_traits@D@std@@V?$allocator@D@2@@std@@SAXXZ 0000000180009e50 f i woff2_enc.obj
 0001:00008e70       ??$_Copy_nodes@U_Copy_tag@?$_Tree@V?$_Tmap_traits@U?$pair@II@std@@GU?$less@U?$pair@II@std@@@2@V?$allocator@U?$pair@$$CBU?$pair@II@std@@G@std@@@2@$0A@@std@@@std@@@?$_Tree@V?$_Tmap_traits@U?$pair@II@std@@GU?$less@U?$pair@II@std@@@2@V?$allocator@U?$pair@$$CBU?$pair@II@std@@G@std@@@2@$0A@@std@@@std@@IEAAPEAU?$_Tree_node@U?$pair@$$CBU?$pair@II@std@@G@std@@PEAX@1@PEAU21@0U_Copy_tag@01@@Z 0000000180009e70 f i woff2_enc.obj
 0001:00008f40       ??$_Insert_hint@AEAU?$pair@$$CBU?$pair@II@std@@G@std@@PEAU?$_Tree_node@U?$pair@$$CBU?$pair@II@std@@G@std@@PEAX@2@@?$_Tree@V?$_Tmap_traits@U?$pair@II@std@@GU?$less@U?$pair@II@std@@@2@V?$allocator@U?$pair@$$CBU?$pair@II@std@@G@std@@@2@$0A@@std@@@std@@IEAA?AV?$_Tree_iterator@V?$_Tree_val@U?$_Tree_simple_types@U?$pair@$$CBU?$pair@II@std@@G@std@@@std@@@std@@@1@V?$_Tree_const_iterator@V?$_Tree_val@U?$_Tree_simple_types@U?$pair@$$CBU?$pair@II@std@@G@std@@@std@@@std@@@1@AEAU?$pair@$$CBU?$pair@II@std@@G@1@PEAU?$_Tree_node@U?$pair@$$CBU?$pair@II@std@@G@std@@PEAX@1@@Z 0000000180009f40 f i woff2_enc.obj
 0001:00009190       ??$_Insert_nohint@AEAU?$pair@$$CBU?$pair@II@std@@G@std@@PEAU?$_Tree_node@U?$pair@$$CBU?$pair@II@std@@G@std@@PEAX@2@@?$_Tree@V?$_Tmap_traits@U?$pair@II@std@@GU?$less@U?$pair@II@std@@@2@V?$allocator@U?$pair@$$CBU?$pair@II@std@@G@std@@@2@$0A@@std@@@std@@IEAA?AU?$pair@V?$_Tree_iterator@V?$_Tree_val@U?$_Tree_simple_types@U?$pair@$$CBU?$pair@II@std@@G@std@@@std@@@std@@@std@@_N@1@_NAEAU?$pair@$$CBU?$pair@II@std@@G@1@PEAU?$_Tree_node@U?$pair@$$CBU?$pair@II@std@@G@std@@PEAX@1@@Z 000000018000a190 f i woff2_enc.obj
 0001:000092d0       __local_stdio_printf_options 000000018000a2d0 f i woff2_info.obj
 0001:00014a00       BrotliCreateBackwardReferences 0000000180015a00 f   backward_references.obj
 0001:000160c0       BrotliZopfliCreateCommands 00000001800170c0 f   backward_references_hq.obj
 0001:000166f0       BrotliZopfliComputeShortestPath 00000001800176f0 f   backward_references_hq.obj
 0001:00017650       BrotliCreateZopfliBackwardReferences 0000000180018650 f   backward_references_hq.obj
 0001:000177e0       BrotliCreateHqZopfliBackwardReferences 00000001800187e0 f   backward_references_hq.obj
 0001:00018a80       BrotliPopulationCostLiteral 0000000180019a80 f   bit_cost.obj
 0001:00018ff0       BrotliPopulationCostCommand 0000000180019ff0 f   bit_cost.obj
 0001:00019560       BrotliPopulationCostDistance 000000018001a560 f   bit_cost.obj
 0001:0001e8a0       BrotliDestroyBlockSplit    000000018001f8a0 f   block_splitter.obj
 0001:0001e8f0       BrotliSplitBlock           000000018001f8f0 f   block_splitter.obj
 0001:0001f830       BrotliStoreHuffmanTree     0000000180020830 f   brotli_bit_stream.obj
 0001:0001fd20       BrotliBuildAndStoreHuffmanTreeFast 0000000180020d20 f   brotli_bit_stream.obj
 0001:00021d80       BrotliStoreMetaBlock       0000000180022d80 f   brotli_bit_stream.obj
 0001:00022f40       BrotliStoreMetaBlockTrivial 0000000180023f40 f   brotli_bit_stream.obj
 0001:00023280       BrotliStoreMetaBlockFast   0000000180024280 f   brotli_bit_stream.obj
 0001:000237a0       BrotliStoreUncompressedMetaBlock 00000001800247a0 f   brotli_bit_stream.obj
 0001:000238d0       BrotliCompareAndPushToQueueLiteral 00000001800248d0 f   cluster.obj
 0001:00023d20       BrotliHistogramCombineLiteral 0000000180024d20 f   cluster.obj
 0001:000240e0       BrotliHistogramBitCostDistanceLiteral 00000001800250e0 f   cluster.obj
 0001:00024240       BrotliHistogramRemapLiteral 0000000180025240 f   cluster.obj
 0001:000244a0       BrotliHistogramReindexLiteral 00000001800254a0 f   cluster.obj
 0001:000246e0       BrotliClusterHistogramsLiteral 00000001800256e0 f   cluster.obj
 0001:00024a90       BrotliCompareAndPushToQueueCommand 0000000180025a90 f   cluster.obj
 0001:00024e90       BrotliHistogramCombineCommand 0000000180025e90 f   cluster.obj
 0001:00025250       BrotliHistogramBitCostDistanceCommand 0000000180026250 f   cluster.obj
 0001:00025350       BrotliCompareAndPushToQueueDistance 0000000180026350 f   cluster.obj
 0001:00025750       BrotliHistogramCombineDistance 0000000180026750 f   cluster.obj
 0001:00025b20       BrotliHistogramBitCostDistanceDistance 0000000180026b20 f   cluster.obj
 0001:00025c50       BrotliHistogramRemapDistance 0000000180026c50 f   cluster.obj
 0001:00025e90       BrotliHistogramReindexDistance 0000000180026e90 f   cluster.obj
 0001:00026010       BrotliClusterHistogramsDistance 0000000180027010 f   cluster.obj
 0001:0002fe50       BrotliCompressFragmentFast 0000000180030e50 f   compress_fragment.obj
 0001:000378f0       BrotliCompressFragmentTwoPass 00000001800388f0 f   compress_fragment_two_pass.obj
 0001:0003ca50       BrotliEncoderCompress      000000018003da50 f   encode.obj
 0001:0003d450       BrotliEncoderCompressStream 000000018003e450 f   encode.obj
 0001:0003d760       BrotliSetDepth             000000018003e760 f   entropy_encode.obj
 0001:0003d830       BrotliCreateHuffmanTree    000000018003e830 f   entropy_encode.obj
 0001:0003db20       BrotliOptimizeHuffmanCountsForRle 000000018003eb20 f   entropy_encode.obj
 0001:0003ddf0       BrotliWriteHuffmanTree     000000018003edf0 f   entropy_encode.obj
 0001:0003e210       BrotliConvertBitDepthsToSymbols 000000018003f210 f   entropy_encode.obj
 0001:0003e3e0       BrotliBuildHistogramsWithContext 000000018003f3e0 f   histogram.obj
 0001:0003ec50       BrotliEstimateBitCostsForLiterals 000000018003fc50 f   literal_cost.obj
 0001:0003ef20       BrotliBuildMetaBlock       000000018003ff20 f   metablock.obj
 0001:00042a00       BrotliBuildMetaBlockGreedy 0000000180043a00 f   metablock.obj
 0001:00043060       BrotliOptimizeHistograms   0000000180044060 f   metablock.obj
 0001:000431a0       BrotliFindAllStaticDictionaryMatches 00000001800441a0 f   static_dict.obj
 0001:000449d0       BrotliIsMostlyUTF8         00000001800459d0 f   utf8_util.obj
 0001:00044b60       ?encode@v8@@YAXAEBV?$FunctionCallbackInfo@VValue@v8@@@Nan@@@Z 0000000180045b60 f   woff2_encode.obj
 0001:00044ee0       ?Init@v8@@YAXV?$Local@VObject@v8@@@1@@Z 0000000180045ee0 f   woff2_encode.obj
 0001:0004513c       __imp_load_?Value@External@v8@@QEBAPEAXXZ 000000018004613c f   node:node.exe
 0001:00045148       __tailMerge_node_exe       0000000180046148     node:node.exe
 0001:000451c1       __imp_load_?New@External@v8@@SA?AV?$Local@VExternal@v8@@@2@PEAVIsolate@2@PEAX@Z 00000001800461c1 f   node:node.exe
 0001:000451cd       __imp_load_?ThrowException@Isolate@v8@@QEAA?AV?$Local@VValue@v8@@@2@V32@@Z 00000001800461cd f   node:node.exe
 0001:000451d9       __imp_load_?GetCurrentContext@Isolate@v8@@QEAA?AV?$Local@VContext@v8@@@2@XZ 00000001800461d9 f   node:node.exe
 0001:000451e5       __imp_load_?GetCurrent@Isolate@v8@@SAPEAV12@XZ 00000001800461e5 f   node:node.exe
 0001:000451f1       __imp_load_?CreateHandle@HandleScope@v8@@CAPEAPEAVObject@internal@2@PEAVHeapObject@42@PEAV342@@Z 00000001800461f1 f   node:node.exe
 0001:000451fd       __imp_load_??1HandleScope@v8@@QEAA@XZ 00000001800461fd f   node:node.exe
 0001:00045209       __imp_load_??0HandleScope@v8@@QEAA@PEAVIsolate@1@@Z 0000000180046209 f   node:node.exe
 0001:00045215       __imp_load_?Error@Exception@v8@@SA?AV?$Local@VValue@v8@@@2@V?$Local@VString@v8@@@2@@Z 0000000180046215 f   node:node.exe
 0001:00045221       __imp_load_?TypeError@Exception@v8@@SA?AV?$Local@VValue@v8@@@2@V?$Local@VString@v8@@@2@@Z 0000000180046221 f   node:node.exe
 0001:0004522d       __imp_load_?GetFunction@FunctionTemplate@v8@@QEAA?AV?$MaybeLocal@VFunction@v8@@@2@V?$Local@VContext@v8@@@2@@Z 000000018004622d f   node:node.exe
 0001:00045239       __imp_load_?New@FunctionTemplate@v8@@SA?AV?$Local@VFunctionTemplate@v8@@@2@PEAVIsolate@2@P6AXAEBV?$FunctionCallbackInfo@VValue@v8@@@2@@ZV?$Local@VValue@v8@@@2@V?$Local@VSignature@v8@@@2@HW4ConstructorBehavior@2@W4SideEffectType@2@@Z 0000000180046239 f   node:node.exe
 0001:00045245       __imp_load_?ToLocalEmpty@V8@v8@@CAXXZ 0000000180046245 f   node:node.exe
 0001:00045251       __imp_load_?Escape@EscapableHandleScope@v8@@AEAAPEAPEAVObject@internal@2@PEAPEAV342@@Z 0000000180046251 f   node:node.exe
 0001:0004525d       __imp_load_??0EscapableHandleScope@v8@@QEAA@PEAVIsolate@1@@Z 000000018004625d f   node:node.exe
 0001:00045269       __imp_load_?NewFromUtf8@String@v8@@SA?AV?$MaybeLocal@VString@v8@@@2@PEAVIsolate@2@PEBDW4NewStringType@2@H@Z 0000000180046269 f   node:node.exe
 0001:00045275       __imp_load_?SlowGetInternalField@Object@v8@@AEAA?AV?$Local@VValue@v8@@@2@H@Z 0000000180046275 f   node:node.exe
 0001:00045281       __imp_load_?SetInternalField@Object@v8@@QEAAXHV?$Local@VValue@v8@@@2@@Z 0000000180046281 f   node:node.exe
 0001:0004528d       __imp_load_?Set@Object@v8@@QEAA?AV?$Maybe@_N@2@V?$Local@VContext@v8@@@2@V?$Local@VValue@v8@@@2@1@Z 000000018004628d f   node:node.exe
 0001:00045299       __imp_load_?SetInternalFieldCount@ObjectTemplate@v8@@QEAAXH@Z 0000000180046299 f   node:node.exe
 0001:000452a5       __imp_load_?NewInstance@ObjectTemplate@v8@@QEAA?AV?$MaybeLocal@VObject@v8@@@2@V?$Local@VContext@v8@@@2@@Z 00000001800462a5 f   node:node.exe
 0001:000452b1       __imp_load_?New@ObjectTemplate@v8@@SA?AV?$Local@VObjectTemplate@v8@@@2@PEAVIsolate@2@V?$Local@VFunctionTemplate@v8@@@2@@Z 00000001800462b1 f   node:node.exe
 0001:000452bd       __imp_load_node_module_register 00000001800462bd f   node:node.exe
 0001:000452c9       __imp_load_?HasInstance@Buffer@node@@YA_NV?$Local@VObject@v8@@@v8@@@Z 00000001800462c9 f   node:node.exe
 0001:000452d5       __imp_load_?New@Buffer@node@@YA?AV?$MaybeLocal@VObject@v8@@@v8@@PEAVIsolate@4@PEAD_K@Z 00000001800462d5 f   node:node.exe
 0001:000452e1       __imp_load_?Data@Buffer@node@@YAPEADV?$Local@VObject@v8@@@v8@@@Z 00000001800462e1 f   node:node.exe
 0001:000452ed       __imp_load_?Length@Buffer@node@@YA_KV?$Local@VObject@v8@@@v8@@@Z 00000001800462ed f   node:node.exe
 0001:000452f9       __imp_load_?ToObject@Value@v8@@QEBA?AV?$Local@VObject@v8@@@2@XZ 00000001800462f9 f   node:node.exe
 0001:00045308       ??0bad_alloc@std@@QEAA@AEBV01@@Z 0000000180046308 f i libcpmt:xthrow.obj
 0001:00045348       ??0bad_alloc@std@@QEAA@XZ  0000000180046348 f i libcpmt:xthrow.obj
 0001:00045368       ??0exception@std@@QEAA@AEBV01@@Z 0000000180046368 f i libcpmt:xthrow.obj
 0001:000453a0       ??0length_error@std@@QEAA@AEBV01@@Z 00000001800463a0 f i libcpmt:xthrow.obj
 0001:000453e0       ??0length_error@std@@QEAA@PEBD@Z 00000001800463e0 f i libcpmt:xthrow.obj
 0001:0004542c       ??0logic_error@std@@QEAA@AEBV01@@Z 000000018004642c f i libcpmt:xthrow.obj
 0001:0004546c       ??0out_of_range@std@@QEAA@AEBV01@@Z 000000018004646c f i libcpmt:xthrow.obj
 0001:000454ac       ??0out_of_range@std@@QEAA@PEBD@Z 00000001800464ac f i libcpmt:xthrow.obj
 0001:000454f8       ??1out_of_range@std@@UEAA@XZ 00000001800464f8 f i libcpmt:xthrow.obj
 0001:000454f8       ??1length_error@std@@UEAA@XZ 00000001800464f8 f i libcpmt:xthrow.obj
 0001:000454f8       ??1bad_array_new_length@std@@UEAA@XZ 00000001800464f8 f i LIBCMT:throw_bad_alloc.obj
 0001:000454f8       ??1bad_exception@std@@UEAA@XZ 00000001800464f8 f i libvcruntime:frame.obj
 0001:000454f8       ??1bad_alloc@std@@UEAA@XZ  00000001800464f8 f i libcpmt:xthrow.obj
 0001:0004550c       ??_Eexception@std@@UEAAPEAXI@Z 000000018004650c f i libcpmt:xthrow.obj
 0001:0004550c       ??_Gbad_array_new_length@std@@UEAAPEAXI@Z 000000018004650c f i LIBCMT:throw_bad_alloc.obj
 0001:0004550c       ??_Gout_of_range@std@@UEAAPEAXI@Z 000000018004650c f i libcpmt:xthrow.obj
 0001:0004550c       ??_Gexception@std@@UEAAPEAXI@Z 000000018004650c f i libcpmt:xthrow.obj
 0001:0004550c       ??_Ebad_exception@std@@UEAAPEAXI@Z 000000018004650c f i libvcruntime:frame.obj
 0001:0004550c       ??_Ebad_array_new_length@std@@UEAAPEAXI@Z 000000018004650c f i LIBCMT:throw_bad_alloc.obj
 0001:0004550c       ??_Ebad_alloc@std@@UEAAPEAXI@Z 000000018004650c f i libcpmt:xthrow.obj
 0001:0004550c       ??_Elength_error@std@@UEAAPEAXI@Z 000000018004650c f i libcpmt:xthrow.obj
 0001:0004550c       ??_Gbad_exception@std@@UEAAPEAXI@Z 000000018004650c f i libvcruntime:frame.obj
 0001:0004550c       ??_Elogic_error@std@@UEAAPEAXI@Z 000000018004650c f i libcpmt:xthrow.obj
 0001:0004550c       ??_Gbad_alloc@std@@UEAAPEAXI@Z 000000018004650c f i libcpmt:xthrow.obj
 0001:0004550c       ??_Glength_error@std@@UEAAPEAXI@Z 000000018004650c f i libcpmt:xthrow.obj
 0001:0004550c       ??_Glogic_error@std@@UEAAPEAXI@Z 000000018004650c f i libcpmt:xthrow.obj
 0001:0004550c       ??_Eout_of_range@std@@UEAAPEAXI@Z 000000018004650c f i libcpmt:xthrow.obj
 0001:00045550       ?_Xlength_error@std@@YAXPEBD@Z 0000000180046550 f   libcpmt:xthrow.obj
 0001:00045574       ?_Xout_of_range@std@@YAXPEBD@Z 0000000180046574 f   libcpmt:xthrow.obj
 0001:00045598       ?what@exception@std@@UEBAPEBDXZ 0000000180046598 f i libcpmt:xthrow.obj
 0001:000455ac       ??0_Init_locks@std@@QEAA@XZ 00000001800465ac f   libcpmt:xlock.obj
 0001:000455f8       ??1_Init_locks@std@@QEAA@XZ 00000001800465f8 f   libcpmt:xlock.obj
 0001:0004563c       ??1_Fac_tidy_reg_t@std@@QEAA@XZ 000000018004663c f i libcpmt:locale0.obj
 0001:000456a4       _Mtxdst                    00000001800466a4 f   libcpmt:xmtx.obj
 0001:000456ac       _Mtxinit                   00000001800466ac f   libcpmt:xmtx.obj
 0001:00045b8c       __crtInitializeCriticalSectionEx 0000000180046b8c f   libcpmt:winapisupp.obj
 0001:00045bd0       __security_check_cookie    0000000180046bd0 f   LIBCMT:amdsecgs.obj
 0001:00045bf4       ??2@YAPEAX_K@Z             0000000180046bf4 f   LIBCMT:new_scalar.obj
 0001:00045c30       ??3@YAXPEAX_K@Z            0000000180046c30 f   LIBCMT:delete_scalar_size.obj
 0001:00045c38       __raise_securityfailure    0000000180046c38 f   LIBCMT:gs_report.obj
 0001:00045c6c       __report_gsfailure         0000000180046c6c f   LIBCMT:gs_report.obj
 0001:00045d40       __report_rangecheckfailure 0000000180046d40 f   LIBCMT:gs_report.obj
 0001:00045d54       __report_securityfailure   0000000180046d54 f   LIBCMT:gs_report.obj
 0001:00046204       _DllMainCRTStartup         0000000180047204 f   LIBCMT:dll_dllmain.obj
 0001:00046244       ??_Etype_info@@UEAAPEAXI@Z 0000000180047244 f i LIBCMT:std_type_info_static.obj
 0001:00046244       ??_Gtype_info@@UEAAPEAXI@Z 0000000180047244 f i LIBCMT:std_type_info_static.obj
 0001:00046270       __scrt_acquire_startup_lock 0000000180047270 f   LIBCMT:utility.obj
 0001:000462ac       __scrt_dllmain_after_initialize_c 00000001800472ac f   LIBCMT:utility.obj
 0001:000462e0       __scrt_dllmain_before_initialize_c 00000001800472e0 f   LIBCMT:utility.obj
 0001:000462f8       __scrt_dllmain_crt_thread_attach 00000001800472f8 f   LIBCMT:utility.obj
 0001:00046320       __scrt_dllmain_crt_thread_detach 0000000180047320 f   LIBCMT:utility.obj
 0001:00046338       __scrt_dllmain_exception_filter 0000000180047338 f   LIBCMT:utility.obj
 0001:00046398       __scrt_dllmain_uninitialize_c 0000000180047398 f   LIBCMT:utility.obj
 0001:000463c8       __scrt_dllmain_uninitialize_critical 00000001800473c8 f   LIBCMT:utility.obj
 0001:000463dc       __scrt_initialize_crt      00000001800473dc f   LIBCMT:utility.obj
 0001:00046428       __scrt_initialize_onexit_tables 0000000180047428 f   LIBCMT:utility.obj
 0001:00046500       __scrt_is_nonwritable_in_current_image 0000000180047500 f   LIBCMT:utility.obj
 0001:0004659c       __scrt_release_startup_lock 000000018004759c f   LIBCMT:utility.obj
 0001:000465c0       __scrt_uninitialize_crt    00000001800475c0 f   LIBCMT:utility.obj
 0001:000465ec       _onexit                    00000001800475ec f   LIBCMT:utility.obj
 0001:0004663c       atexit                     000000018004763c f   LIBCMT:utility.obj
 0001:00046654       __GSHandlerCheck           0000000180047654 f   LIBCMT:gshandler.obj
 0001:00046674       __GSHandlerCheckCommon     0000000180047674 f   LIBCMT:gshandler.obj
 0001:000466d0       _guard_check_icall_nop     00000001800476d0 f i LIBCMT:guard_support.obj
 0001:000466f0       _alloca_probe              00000001800476f0 f   LIBCMT:chkstk.obj
 0001:000466f0       __chkstk                   00000001800476f0 f   LIBCMT:chkstk.obj
 0001:00046744       ??0bad_array_new_length@std@@QEAA@AEBV01@@Z 0000000180047744 f i LIBCMT:throw_bad_alloc.obj
 0001:00046784       ??0bad_array_new_length@std@@QEAA@XZ 0000000180047784 f i LIBCMT:throw_bad_alloc.obj
 0001:000467a4       ?__scrt_throw_std_bad_alloc@@YAXXZ 00000001800477a4 f   LIBCMT:throw_bad_alloc.obj
 0001:000467c4       ?__scrt_throw_std_bad_array_new_length@@YAXXZ 00000001800477c4 f   LIBCMT:throw_bad_alloc.obj
 0001:000467e4       ??3@YAXPEAX@Z              00000001800477e4 f   LIBCMT:delete_scalar.obj
 0001:000467ec       __security_init_cookie     00000001800477ec f   LIBCMT:gs_support.obj
 0001:00046898       _get_startup_argv_mode     0000000180047898 f   LIBCMT:argv_mode.obj
 0001:00046898       DllMain                    0000000180047898 f   LIBCMT:dll_dllmain_stub.obj
 0001:000468a0       ?__scrt_initialize_type_info@@YAXXZ 00000001800478a0 f   LIBCMT:tncleanup.obj
 0001:000468b0       ?__scrt_uninitialize_type_info@@YAXXZ 00000001800478b0 f   LIBCMT:tncleanup.obj
 0001:000468bc       __local_stdio_scanf_options 00000001800478bc f i LIBCMT:default_local_stdio_options.obj
 0001:000468c4       __scrt_initialize_default_local_stdio_options 00000001800478c4 f   LIBCMT:default_local_stdio_options.obj
 0001:000468e0       __scrt_get_dyn_tls_init_callback 00000001800478e0 f   LIBCMT:dyn_tls_init.obj
 0001:000468e8       __crt_debugger_hook        00000001800478e8 f   LIBCMT:utility_desktop.obj
 0001:000468f0       __scrt_fastfail            00000001800478f0 f   LIBCMT:utility_desktop.obj
 0001:00046a3c       _RTC_Initialize            0000000180047a3c f   LIBCMT:initsect.obj
 0001:00046a78       _RTC_Terminate             0000000180047a78 f   LIBCMT:initsect.obj
 0001:00046ab4       __isa_available_init       0000000180047ab4 f   LIBCMT:cpu_disp.obj
 0001:00046c30       __scrt_is_ucrt_dll_in_use  0000000180047c30 f   LIBCMT:ucrt_detection.obj
 0001:00046c40       __std_exception_copy       0000000180047c40 f   libvcruntime:std_exception.obj
 0001:00046cd0       __std_exception_destroy    0000000180047cd0 f   libvcruntime:std_exception.obj
 0001:00046cf8       _CxxThrowException         0000000180047cf8 f   libvcruntime:throw.obj
 0001:00046db8       ??$_CallSETranslator@V__FrameHandler3@@@@YAHPEAUEHExceptionRecord@@PEA_KPEAU_CONTEXT@@PEAU_xDISPATCHER_CONTEXT@@PEBU_s_FuncInfo@@K1@Z 0000000180047db8 f i libvcruntime:risctrnsctrl.obj
 0001:00046e0c       ?CatchTryBlock@__FrameHandler3@@SAPEBU_s_TryBlockMapEntry@@PEBU_s_FuncInfo@@H@Z 0000000180047e0c f   libvcruntime:risctrnsctrl.obj
 0001:00046e64       ?ExecutionInCatch@__FrameHandler3@@SA_NPEAU_xDISPATCHER_CONTEXT@@PEBU_s_FuncInfo@@@Z 0000000180047e64 f   libvcruntime:risctrnsctrl.obj
 0001:00046e90       ?FrameUnwindToEmptyState@__FrameHandler3@@SAXPEA_KPEAU_xDISPATCHER_CONTEXT@@PEBU_s_FuncInfo@@@Z 0000000180047e90 f   libvcruntime:risctrnsctrl.obj
 0001:00046ef4       ?GetEstablisherFrame@__FrameHandler3@@SAPEA_KPEA_KPEAU_xDISPATCHER_CONTEXT@@PEBU_s_FuncInfo@@0@Z 0000000180047ef4 f   libvcruntime:risctrnsctrl.obj
 0001:00046fc0       ?GetRangeOfTrysToCheck@__FrameHandler3@@SA?AU?$pair@Viterator@TryBlockMap@__FrameHandler3@@V123@@std@@AEAVTryBlockMap@1@HH@Z 0000000180047fc0 f   libvcruntime:risctrnsctrl.obj
 0001:0004711c       ?UnwindNestedFrames@__FrameHandler3@@SAXPEA_KPEAUEHExceptionRecord@@PEAU_CONTEXT@@0PEAXPEBU_s_FuncInfo@@HHPEBU_s_HandlerType@@PEAU_xDISPATCHER_CONTEXT@@E@Z 000000018004811c f   libvcruntime:risctrnsctrl.obj
 0001:00047240       _CreateFrameInfo           0000000180048240 f   libvcruntime:risctrnsctrl.obj
 0001:0004727c       _FindAndUnlinkFrame        000000018004827c f   libvcruntime:risctrnsctrl.obj
 0001:000472d0       _GetImageBase              00000001800482d0 f   libvcruntime:risctrnsctrl.obj
 0001:000472e4       _GetThrowImageBase         00000001800482e4 f   libvcruntime:risctrnsctrl.obj
 0001:000472f8       _SetImageBase              00000001800482f8 f   libvcruntime:risctrnsctrl.obj
 0001:00047310       _SetThrowImageBase         0000000180048310 f   libvcruntime:risctrnsctrl.obj
 0001:00047328       __CxxFrameHandler3         0000000180048328 f   libvcruntime:risctrnsctrl.obj
 0001:000473c0       memcpy_repmovs             00000001800483c0 f   libvcruntime:memcpy.obj
 0001:000473e0       memcpy                     00000001800483e0 f   libvcruntime:memcpy.obj
 0001:000473e0       memmove                    00000001800483e0 f   libvcruntime:memcpy.obj
 0001:00047820       memset_repmovs             0000000180048820 f   libvcruntime:memset.obj
 0001:00047840       memset                     0000000180048840 f   libvcruntime:memset.obj
 0001:000479d0       __DestructExceptionObject  00000001800489d0 f   libvcruntime:ehhelpers.obj
 0001:00047a44       ?_CallMemberFunction0@@YAXQEAX0@Z 0000000180048a44 f i libvcruntime:ehhelpers.obj
 0001:00047a48       _IsExceptionObjectToBeDestroyed 0000000180048a48 f   libvcruntime:ehhelpers.obj
 0001:00047a78       __AdjustPointer            0000000180048a78 f   libvcruntime:ehhelpers.obj
 0001:00047a9c       __FrameUnwindFilter        0000000180048a9c f   libvcruntime:ehhelpers.obj
 0001:00047ae8       __std_terminate            0000000180048ae8 f   libvcruntime:ehhelpers.obj
 0001:00047b10       memchr                     0000000180048b10 f   libvcruntime:memchr.obj
 0001:00047b90       memcmp                     0000000180048b90 f   libvcruntime:memcmp.obj
 0001:00047c58       __C_specific_handler       0000000180048c58 f   libvcruntime:riscchandler.obj
 0001:00047e64       __vcrt_initialize          0000000180048e64 f   libvcruntime:initialization.obj
 0001:00047e98       __vcrt_thread_attach       0000000180048e98 f   libvcruntime:initialization.obj
 0001:00047eac       __vcrt_thread_detach       0000000180048eac f   libvcruntime:initialization.obj
 0001:00047ec0       __vcrt_uninitialize        0000000180048ec0 f   libvcruntime:initialization.obj
 0001:00047ee0       __vcrt_uninitialize_critical 0000000180048ee0 f   libvcruntime:initialization.obj
 0001:00047ef0       __std_type_info_compare    0000000180048ef0 f   libvcruntime:std_type_info.obj
 0001:00047f18       __std_type_info_destroy_list 0000000180048f18 f   libvcruntime:std_type_info.obj
 0001:00047f44       __vcrt_initialize_pure_virtual_call_handler 0000000180048f44 f   libvcruntime:purevirt_data.obj
 0001:00047f54       __vcrt_freefls             0000000180048f54 f   libvcruntime:per_thread_data.obj
 0001:00047f74       __vcrt_freeptd             0000000180048f74 f   libvcruntime:per_thread_data.obj
 0001:00047fc4       __vcrt_getptd              0000000180048fc4 f   libvcruntime:per_thread_data.obj
 0001:00047fe0       __vcrt_getptd_noexit       0000000180048fe0 f   libvcruntime:per_thread_data.obj
 0001:000480ac       __vcrt_initialize_ptd      00000001800490ac f   libvcruntime:per_thread_data.obj
 0001:00048100       __vcrt_uninitialize_ptd    0000000180049100 f   libvcruntime:per_thread_data.obj
 0001:00048124       ?GetCurrentState@__FrameHandler3@@SAHPEA_KPEAU_xDISPATCHER_CONTEXT@@PEBU_s_FuncInfo@@@Z 0000000180049124 f   libvcruntime:ehstate.obj
 0001:0004814c       ?GetUnwindTryBlock@__FrameHandler3@@SAHPEA_KPEAU_xDISPATCHER_CONTEXT@@PEBU_s_FuncInfo@@@Z 000000018004914c f   libvcruntime:ehstate.obj
 0001:00048178       ?SetState@__FrameHandler3@@SAXPEA_KPEBU_s_FuncInfo@@H@Z 0000000180049178 f   libvcruntime:ehstate.obj
 0001:00048184       ?SetUnwindTryBlock@__FrameHandler3@@SAXPEA_KPEAU_xDISPATCHER_CONTEXT@@PEBU_s_FuncInfo@@H@Z 0000000180049184 f   libvcruntime:ehstate.obj
 0001:000481c0       ?StateFromControlPc@__FrameHandler3@@SAHPEBU_s_FuncInfo@@PEAU_xDISPATCHER_CONTEXT@@@Z 00000001800491c0 f   libvcruntime:ehstate.obj
 0001:000481c8       ?StateFromIp@__FrameHandler3@@SAHPEBU_s_FuncInfo@@PEAU_xDISPATCHER_CONTEXT@@_K@Z 00000001800491c8 f   libvcruntime:ehstate.obj
 0001:00048c54       ??$TypeMatchHelper@V__FrameHandler3@@@@YAHPEBU_s_HandlerType@@PEBU_s_CatchableType@@PEBU_s_ThrowInfo@@@Z 0000000180049c54 f i libvcruntime:frame.obj
 0001:00048d98       ??$__InternalCxxFrameHandler@V__FrameHandler3@@@@YA?AW4_EXCEPTION_DISPOSITION@@PEAUEHExceptionRecord@@PEA_KPEAU_CONTEXT@@PEAU_xDISPATCHER_CONTEXT@@PEBU_s_FuncInfo@@H1E@Z 0000000180049d98 f i libvcruntime:frame.obj
 0001:00048fe0       ??0bad_exception@std@@QEAA@AEBV01@@Z 0000000180049fe0 f i libvcruntime:frame.obj
 0001:00049020       ??0bad_exception@std@@QEAA@XZ 000000018004a020 f i libvcruntime:frame.obj
 0001:00049040       ?CxxCallCatchBlock@__FrameHandler3@@SAPEAXPEAU_EXCEPTION_RECORD@@@Z 000000018004a040 f   libvcruntime:frame.obj
 0001:000492b4       ?FrameUnwindToState@__FrameHandler3@@SAXPEA_KPEAU_xDISPATCHER_CONTEXT@@PEBU_s_FuncInfo@@H@Z 000000018004a2b4 f   libvcruntime:frame.obj
 0001:00049448       ?GetHandlerSearchState@__FrameHandler3@@SAHPEA_KPEAU_xDISPATCHER_CONTEXT@@PEBU_s_FuncInfo@@@Z 000000018004a448 f i libvcruntime:frame.obj
 0001:0004964c       ?_CallMemberFunction1@@YAXQEAX00@Z 000000018004a64c f i libvcruntime:frame.obj
 0001:00049658       ?_CallMemberFunction2@@YAXQEAX00H@Z 000000018004a658 f i libvcruntime:frame.obj
 0001:00049680       _NLG_Notify                000000018004a680 f   libvcruntime:notify.obj
 0001:000496a0       __NLG_Dispatch2            000000018004a6a0 f   libvcruntime:notify.obj
 0001:000496b0       __NLG_Return2              000000018004a6b0 f   libvcruntime:notify.obj
 0001:000496b4       __except_validate_context_record 000000018004a6b4 f   libvcruntime:jbcxrval.obj
 0001:000496ec       __vcrt_initialize_locks    000000018004a6ec f   libvcruntime:locks.obj
 0001:00049734       __vcrt_uninitialize_locks  000000018004a734 f   libvcruntime:locks.obj
 0001:00049944       __vcrt_FlsAlloc            000000018004a944 f   libvcruntime:winapi_downlevel.obj
 0001:0004998c       __vcrt_FlsFree             000000018004a98c f   libvcruntime:winapi_downlevel.obj
 0001:000499d4       __vcrt_FlsGetValue         000000018004a9d4 f   libvcruntime:winapi_downlevel.obj
 0001:00049a1c       __vcrt_FlsSetValue         000000018004aa1c f   libvcruntime:winapi_downlevel.obj
 0001:00049a70       __vcrt_InitializeCriticalSectionEx 000000018004aa70 f   libvcruntime:winapi_downlevel.obj
 0001:00049ad4       __vcrt_initialize_winapi_thunks 000000018004aad4 f   libvcruntime:winapi_downlevel.obj
 0001:00049b04       __vcrt_uninitialize_winapi_thunks 000000018004ab04 f   libvcruntime:winapi_downlevel.obj
 0001:00049b60       _CallSettingFrame          000000018004ab60 f   libvcruntime:handlers.obj
 0001:00049bb0       _CallSettingFrameEncoded   000000018004abb0 f   libvcruntime:handlers.obj
 0001:0004a310       ??$ftprintf@PEAU_iobuf@@PEB_WAEBQEB_WAEBQEB_WAEBI@?$__crt_char_traits@_W@@SAH$$QEAPEAU_iobuf@@$$QEAPEB_WAEBQEB_W2AEBI@Z 000000018004b310 f i libucrt:assert.obj
 0001:0004a338       _wassert                   000000018004b338 f   libucrt:assert.obj
 0001:0004a3ac       fwprintf                   000000018004b3ac f i libucrt:assert.obj
 0001:0004a3f0       swprintf                   000000018004b3f0 f i libucrt:assert.obj
 0001:0004a444       __acrt_call_reportfault    000000018004b444 f   libucrt:invalid_parameter.obj
 0001:0004a5a0       __acrt_initialize_invalid_parameter_handler 000000018004b5a0 f   libucrt:invalid_parameter.obj
 0001:0004a5a8       _invalid_parameter         000000018004b5a8 f   libucrt:invalid_parameter.obj
 0001:0004a658       _invalid_parameter_noinfo  000000018004b658 f   libucrt:invalid_parameter.obj
 0001:0004a678       _invalid_parameter_noinfo_noreturn 000000018004b678 f   libucrt:invalid_parameter.obj
 0001:0004a6a8       _invoke_watson             000000018004b6a8 f   libucrt:invalid_parameter.obj
 0001:0004a6f0       abort                      000000018004b6f0 f   libucrt:abort.obj
 0001:0004a748       _fputc_nolock              000000018004b748 f   libucrt:fputc.obj
 0001:0004a760       __acrt_initialize_stdio    000000018004b760 f   libucrt:_file.obj
 0001:0004a880       __acrt_iob_func            000000018004b880 f   libucrt:_file.obj
 0001:0004a894       __acrt_uninitialize_stdio  000000018004b894 f   libucrt:_file.obj
 0001:0004a8f0       _lock_file                 000000018004b8f0 f   libucrt:_file.obj
 0001:0004a8fc       _unlock_file               000000018004b8fc f   libucrt:_file.obj
 0001:0004ab24       __acrt_stdio_flush_nolock  000000018004bb24 f   libucrt:fflush.obj
 0001:0004aba0       _fflush_nolock             000000018004bba0 f   libucrt:fflush.obj
 0001:0004abec       _flushall                  000000018004bbec f   libucrt:fflush.obj
 0001:0004abf4       fflush                     000000018004bbf4 f   libucrt:fflush.obj
 0001:0004ac5c       _fclose_nolock             000000018004bc5c f   libucrt:fclose.obj
 0001:0004ace0       fclose                     000000018004bce0 f   libucrt:fclose.obj
 0001:0004af58       ??$ensure_buffer_is_big_enough@D@formatting_buffer@__crt_stdio_output@@QEAA_N_K@Z 000000018004bf58 f i libucrt:output.obj
 0001:0004b000       ??$ensure_buffer_is_big_enough@_W@formatting_buffer@__crt_stdio_output@@QEAA_N_K@Z 000000018004c000 f i libucrt:output.obj
 0001:0004b0ac       ??$is_wide_character_specifier@_W@__crt_stdio_output@@YA_N_K_WW4length_modifier@0@@Z 000000018004c0ac f i libucrt:output.obj
 0001:0004b0ec       ??$type_case_integer_parse_into_buffer@I@?$output_processor@_WV?$string_output_adapter@_W@__crt_stdio_output@@V?$standard_base@_WV?$string_output_adapter@_W@__crt_stdio_output@@@2@@__crt_stdio_output@@AEAAXII_N@Z 000000018004c0ec f i libucrt:output.obj
 0001:0004b0ec       ??$type_case_integer_parse_into_buffer@I@?$output_processor@_WV?$stream_output_adapter@_W@__crt_stdio_output@@V?$standard_base@_WV?$stream_output_adapter@_W@__crt_stdio_output@@@2@@__crt_stdio_output@@AEAAXII_N@Z 000000018004c0ec f i libucrt:output.obj
 0001:0004b190       ??$type_case_integer_parse_into_buffer@_K@?$output_processor@_WV?$stream_output_adapter@_W@__crt_stdio_output@@V?$standard_base@_WV?$stream_output_adapter@_W@__crt_stdio_output@@@2@@__crt_stdio_output@@AEAAX_KI_N@Z 000000018004c190 f i libucrt:output.obj
 0001:0004b190       ??$type_case_integer_parse_into_buffer@_K@?$output_processor@_WV?$string_output_adapter@_W@__crt_stdio_output@@V?$standard_base@_WV?$string_output_adapter@_W@__crt_stdio_output@@@2@@__crt_stdio_output@@AEAAX_KI_N@Z 000000018004c190 f i libucrt:output.obj
 0001:0004b234       ??$write_multiple_characters@V?$stream_output_adapter@_W@__crt_stdio_output@@D@__crt_stdio_output@@YAXAEBV?$stream_output_adapter@_W@0@DHQEAH@Z 000000018004c234 f i libucrt:output.obj
 0001:0004b2c8       ??$write_multiple_characters@V?$string_output_adapter@_W@__crt_stdio_output@@D@__crt_stdio_output@@YAXAEBV?$string_output_adapter@_W@0@DHQEAH@Z 000000018004c2c8 f i libucrt:output.obj
 0001:0004b344       ??0_LocaleUpdate@@QEAA@QEAU__crt_locale_pointers@@@Z 000000018004c344 f i libucrt:output.obj
 0001:0004b514       ?crop_zeroes@__crt_stdio_output@@YAXPEADQEAU__crt_locale_pointers@@@Z 000000018004c514 f i libucrt:output.obj
 0001:0004b580       ?force_decimal_point@__crt_stdio_output@@YAXPEADQEAU__crt_locale_pointers@@@Z 000000018004c580 f i libucrt:output.obj
 0001:0004b5f0       ?parse_int_from_format_string@?$output_processor@_WV?$string_output_adapter@_W@__crt_stdio_output@@V?$standard_base@_WV?$string_output_adapter@_W@__crt_stdio_output@@@2@@__crt_stdio_output@@AEAA_NQEAH@Z 000000018004c5f0 f i libucrt:output.obj
 0001:0004b5f0       ?parse_int_from_format_string@?$output_processor@_WV?$stream_output_adapter@_W@__crt_stdio_output@@V?$standard_base@_WV?$stream_output_adapter@_W@__crt_stdio_output@@@2@@__crt_stdio_output@@AEAA_NQEAH@Z 000000018004c5f0 f i libucrt:output.obj
 0001:0004b694       ?process@?$output_processor@_WV?$stream_output_adapter@_W@__crt_stdio_output@@V?$standard_base@_WV?$stream_output_adapter@_W@__crt_stdio_output@@@2@@__crt_stdio_output@@QEAAHXZ 000000018004c694 f i libucrt:output.obj
 0001:0004b900       ?process@?$output_processor@_WV?$string_output_adapter@_W@__crt_stdio_output@@V?$standard_base@_WV?$string_output_adapter@_W@__crt_stdio_output@@@2@@__crt_stdio_output@@QEAAHXZ 000000018004c900 f i libucrt:output.obj
 0001:0004bb7c       ?state_case_size@?$output_processor@_WV?$stream_output_adapter@_W@__crt_stdio_output@@V?$standard_base@_WV?$stream_output_adapter@_W@__crt_stdio_output@@@2@@__crt_stdio_output@@AEAA_NXZ 000000018004cb7c f i libucrt:output.obj
 0001:0004bd14       ?state_case_size@?$output_processor@_WV?$string_output_adapter@_W@__crt_stdio_output@@V?$standard_base@_WV?$string_output_adapter@_W@__crt_stdio_output@@@2@@__crt_stdio_output@@AEAA_NXZ 000000018004cd14 f i libucrt:output.obj
 0001:0004beac       ?state_case_type@?$output_processor@_WV?$stream_output_adapter@_W@__crt_stdio_output@@V?$standard_base@_WV?$stream_output_adapter@_W@__crt_stdio_output@@@2@@__crt_stdio_output@@AEAA_NXZ 000000018004ceac f i libucrt:output.obj
 0001:0004c18c       ?state_case_type@?$output_processor@_WV?$string_output_adapter@_W@__crt_stdio_output@@V?$standard_base@_WV?$string_output_adapter@_W@__crt_stdio_output@@@2@@__crt_stdio_output@@AEAA_NXZ 000000018004d18c f i libucrt:output.obj
 0001:0004c458       ?type_case_Z@?$output_processor@_WV?$stream_output_adapter@_W@__crt_stdio_output@@V?$standard_base@_WV?$stream_output_adapter@_W@__crt_stdio_output@@@2@@__crt_stdio_output@@AEAA_NXZ 000000018004d458 f i libucrt:output.obj
 0001:0004c458       ?type_case_Z@?$output_processor@_WV?$string_output_adapter@_W@__crt_stdio_output@@V?$standard_base@_WV?$string_output_adapter@_W@__crt_stdio_output@@@2@@__crt_stdio_output@@AEAA_NXZ 000000018004d458 f i libucrt:output.obj
 0001:0004c4d4       ?type_case_a@?$output_processor@_WV?$stream_output_adapter@_W@__crt_stdio_output@@V?$standard_base@_WV?$stream_output_adapter@_W@__crt_stdio_output@@@2@@__crt_stdio_output@@AEAA_NXZ 000000018004d4d4 f i libucrt:output.obj
 0001:0004c4d4       ?type_case_a@?$output_processor@_WV?$string_output_adapter@_W@__crt_stdio_output@@V?$standard_base@_WV?$string_output_adapter@_W@__crt_stdio_output@@@2@@__crt_stdio_output@@AEAA_NXZ 000000018004d4d4 f i libucrt:output.obj
 0001:0004c6b4       ?type_case_c_tchar@?$output_processor@_WV?$stream_output_adapter@_W@__crt_stdio_output@@V?$standard_base@_WV?$stream_output_adapter@_W@__crt_stdio_output@@@2@@__crt_stdio_output@@AEAA_N_W@Z 000000018004d6b4 f i libucrt:output.obj
 0001:0004c6b4       ?type_case_c_tchar@?$output_processor@_WV?$string_output_adapter@_W@__crt_stdio_output@@V?$standard_base@_WV?$string_output_adapter@_W@__crt_stdio_output@@@2@@__crt_stdio_output@@AEAA_N_W@Z 000000018004d6b4 f i libucrt:output.obj
 0001:0004c75c       ?type_case_integer@?$output_processor@_WV?$string_output_adapter@_W@__crt_stdio_output@@V?$standard_base@_WV?$string_output_adapter@_W@__crt_stdio_output@@@2@@__crt_stdio_output@@AEAA_NI_N@Z 000000018004d75c f i libucrt:output.obj
 0001:0004c75c       ?type_case_integer@?$output_processor@_WV?$stream_output_adapter@_W@__crt_stdio_output@@V?$standard_base@_WV?$stream_output_adapter@_W@__crt_stdio_output@@@2@@__crt_stdio_output@@AEAA_NI_N@Z 000000018004d75c f i libucrt:output.obj
 0001:0004c928       ?type_case_n@?$output_processor@_WV?$stream_output_adapter@_W@__crt_stdio_output@@V?$standard_base@_WV?$stream_output_adapter@_W@__crt_stdio_output@@@2@@__crt_stdio_output@@AEAA_NXZ 000000018004d928 f i libucrt:output.obj
 0001:0004c928       ?type_case_n@?$output_processor@_WV?$string_output_adapter@_W@__crt_stdio_output@@V?$standard_base@_WV?$string_output_adapter@_W@__crt_stdio_output@@@2@@__crt_stdio_output@@AEAA_NXZ 000000018004d928 f i libucrt:output.obj
 0001:0004ca04       ?type_case_s@?$output_processor@_WV?$string_output_adapter@_W@__crt_stdio_output@@V?$standard_base@_WV?$string_output_adapter@_W@__crt_stdio_output@@@2@@__crt_stdio_output@@AEAA_NXZ 000000018004da04 f i libucrt:output.obj
 0001:0004ca04       ?type_case_s@?$output_processor@_WV?$stream_output_adapter@_W@__crt_stdio_output@@V?$standard_base@_WV?$stream_output_adapter@_W@__crt_stdio_output@@@2@@__crt_stdio_output@@AEAA_NXZ 000000018004da04 f i libucrt:output.obj
 0001:0004cacc       ?write_stored_string_tchar@?$output_processor@_WV?$stream_output_adapter@_W@__crt_stdio_output@@V?$standard_base@_WV?$stream_output_adapter@_W@__crt_stdio_output@@@2@@__crt_stdio_output@@AEAA_N_W@Z 000000018004dacc f i libucrt:output.obj
 0001:0004cbd4       ?write_stored_string_tchar@?$output_processor@_WV?$string_output_adapter@_W@__crt_stdio_output@@V?$standard_base@_WV?$string_output_adapter@_W@__crt_stdio_output@@@2@@__crt_stdio_output@@AEAA_N_W@Z 000000018004dbd4 f i libucrt:output.obj
 0001:0004ccc0       ?write_string@?$string_output_adapter@_W@__crt_stdio_output@@QEBAXQEB_WHQEAHAEAV__crt_deferred_errno_cache@@@Z 000000018004dcc0 f i libucrt:output.obj
 0001:0004cd68       ?write_string_impl@?$output_adapter_common@_WV?$stream_output_adapter@_W@__crt_stdio_output@@@__crt_stdio_output@@IEBAXQEB_WHQEAHAEAV__crt_deferred_errno_cache@@@Z 000000018004dd68 f i libucrt:output.obj
 0001:0004ce6c       __stdio_common_vfwprintf   000000018004de6c f   libucrt:output.obj
 0001:0004cef8       __stdio_common_vswprintf   000000018004def8 f   libucrt:output.obj
 0001:0004d020       setvbuf                    000000018004e020 f   libucrt:setvbuf.obj
 0001:0004d0bc       free                       000000018004e0bc f   libucrt:free.obj
 0001:0004d0d0       malloc                     000000018004e0d0 f   libucrt:malloc.obj
 0001:0004d0d8       log2                       000000018004e0d8 f   libucrt:log2.obj
 0001:0004d66c       __acrt_initialize_thread_local_exit_callback 000000018004e66c f   libucrt:exit.obj
 0001:0004d674       _cexit                     000000018004e674 f   libucrt:exit.obj
 0001:0004d684       _exit                      000000018004e684 f   libucrt:exit.obj
 0001:0004d690       _is_c_termination_complete 000000018004e690 f   libucrt:exit.obj
 0001:0004d698       exit                       000000018004e698 f   libucrt:exit.obj
 0001:0004d6a4       calloc                     000000018004e6a4 f   libucrt:calloc.obj
 0001:0004d6ac       realloc                    000000018004e6ac f   libucrt:realloc.obj
 0001:0004d6b4       __ascii_stricmp            000000018004e6b4 f   libucrt:stricmp.obj
 0001:0004d6f4       _stricmp                   000000018004e6f4 f   libucrt:stricmp.obj
 0001:0004d73c       _stricmp_l                 000000018004e73c f   libucrt:stricmp.obj
 0001:0004d7f0       __acrt_initialize_locks    000000018004e7f0 f   libucrt:locks.obj
 0001:0004d838       __acrt_lock                000000018004e838 f   libucrt:locks.obj
 0001:0004d854       __acrt_uninitialize_locks  000000018004e854 f   libucrt:locks.obj
 0001:0004d88c       __acrt_unlock              000000018004e88c f   libucrt:locks.obj
 0001:0004d8a8       terminate                  000000018004e8a8 f   libucrt:terminate.obj
 0001:0004d8c8       __pctype_func              000000018004e8c8 f   libucrt:ctype.obj
 0001:0004d8f8       isdigit                    000000018004e8f8 f i libucrt:_ctype.obj
 0001:0004d98c       __acrt_errno_from_os_error 000000018004e98c f   libucrt:errno.obj
 0001:0004d9d4       __acrt_errno_map_os_error  000000018004e9d4 f   libucrt:errno.obj
 0001:0004da24       __doserrno                 000000018004ea24 f   libucrt:errno.obj
 0001:0004da44       _errno                     000000018004ea44 f   libucrt:errno.obj
 0001:0004da70       ?divide@__crt_strtox@@YA_KAEAUbig_integer@1@AEBU21@@Z 000000018004ea70 f i libucrt:strtod.obj
 0001:0004df30       pow                        000000018004ef30 f   libucrt:pow.obj
 0001:0004f5d0       powf                       00000001800505d0 f   libucrt:powf.obj
 0001:00050498       __strncnt                  0000000180051498 f   libucrt:strncnt.obj
 0001:000504b0       ??$__acrt_mbs_to_wcs_cp@U__crt_win32_buffer_internal_dynamic_resizing@@@@YAHQEBDAEAV?$__crt_win32_buffer@_WU__crt_win32_buffer_internal_dynamic_resizing@@@@I@Z 00000001800514b0 f i libucrt:strftime.obj
 0001:00050628       ??$__acrt_wcs_to_mbs_cp@U__crt_win32_buffer_no_resizing@@@@YAHQEB_WAEAV?$__crt_win32_buffer@DU__crt_win32_buffer_no_resizing@@@@I@Z 0000000180051628 f i libucrt:strftime.obj
 0001:0005079c       _tolower_l                 000000018005179c f   libucrt:tolower_toupper.obj
 0001:000508dc       tolower                    00000001800518dc f   libucrt:tolower_toupper.obj
 0001:00050908       wcscpy_s                   0000000180051908 f   libucrt:wcscpy_s.obj
 0001:00050970       wcsnlen                    0000000180051970 f   libucrt:strnlen.obj
 0001:00050b48       __acrt_initialize_new_handler 0000000180051b48 f   libucrt:new_handler.obj
 0001:00050b50       _callnewh                  0000000180051b50 f   libucrt:new_handler.obj
 0001:00050b80       _query_new_handler         0000000180051b80 f   libucrt:new_handler.obj
 0001:00050bb4       _initterm                  0000000180051bb4 f   libucrt:initterm.obj
 0001:00050c18       _initterm_e                0000000180051c18 f   libucrt:initterm.obj
 0001:00050c58       _seh_filter_dll            0000000180051c58 f   libucrt:exception_filter.obj
 0001:00050c6c       _seh_filter_exe            0000000180051c6c f   libucrt:exception_filter.obj
 0001:00050fb4       __acrt_allocate_buffer_for_argv 0000000180051fb4 f   libucrt:argv_parsing.obj
 0001:00051014       _configure_narrow_argv     0000000180052014 f   libucrt:argv_parsing.obj
 0001:0005138c       __dcrt_uninitialize_environments_nolock 000000018005238c f   libucrt:environment_initialization.obj
 0001:000513c4       _initialize_narrow_environment 00000001800523c4 f   libucrt:environment_initialization.obj
 0001:0005170c       _crt_atexit                000000018005270c f   libucrt:onexit.obj
 0001:0005171c       _execute_onexit_table      000000018005271c f   libucrt:onexit.obj
 0001:00051758       _initialize_onexit_table   0000000180052758 f   libucrt:onexit.obj
 0001:00051780       _register_onexit_function  0000000180052780 f   libucrt:onexit.obj
 0001:00051800       __acrt_uninitialize_command_line 0000000180052800 f   libucrt:argv_data.obj
 0001:000518f8       __acrt_initialize          00000001800528f8 f   libucrt:initialization.obj
 0001:0005190c       __acrt_thread_attach       000000018005290c f   libucrt:initialization.obj
 0001:00051920       __acrt_thread_detach       0000000180052920 f   libucrt:initialization.obj
 0001:00051930       __acrt_uninitialize        0000000180052930 f   libucrt:initialization.obj
 0001:00051968       __acrt_uninitialize_critical 0000000180052968 f   libucrt:initialization.obj
 0001:00051978       strcpy_s                   0000000180052978 f   libucrt:strcpy_s.obj
 0001:000519d8       wcsncmp                    00000001800529d8 f   libucrt:wcsncmp.obj
 0001:00051a04       ??$parse_integer@KV?$c_string_character_source@_W@__crt_strtox@@@__crt_strtox@@YAKQEAU__crt_locale_pointers@@V?$c_string_character_source@_W@0@H_N@Z 0000000180052a04 f i libucrt:atox.obj
 0001:000520d0       strncmp                    00000001800530d0 f   libucrt:strncmp.obj
 0001:00052150       _query_app_type            0000000180053150 f   libucrt:report_runtime_error.obj
 0001:00052298       _itow_s                    0000000180053298 f   libucrt:xtoa.obj
 0001:000522b8       _set_error_mode            00000001800532b8 f   libucrt:set_error_mode.obj
 0001:000522f8       wcscat_s                   00000001800532f8 f   libucrt:wcscat_s.obj
 0001:00052378       wcsncat_s                  0000000180053378 f   libucrt:wcsncat_s.obj
 0001:00052478       __acrt_GetModuleFileNameA  0000000180053478 f   libucrt:getmodulefilenamea.obj
 0001:00052598       __acrt_show_wide_message_box 0000000180053598 f   libucrt:crtmbox.obj
 0001:00052684       __acrt_get_sigabrt_handler 0000000180053684 f   libucrt:signal.obj
 0001:000526b4       __acrt_initialize_signal_handlers 00000001800536b4 f   libucrt:signal.obj
 0001:000526d4       raise                      00000001800536d4 f   libucrt:signal.obj
 0001:00052cb8       __acrt_freeptd             0000000180053cb8 f   libucrt:per_thread_data.obj
 0001:00052cfc       __acrt_getptd              0000000180053cfc f   libucrt:per_thread_data.obj
 0001:00052dd0       __acrt_getptd_head         0000000180053dd0 f   libucrt:per_thread_data.obj
 0001:00052e78       __acrt_getptd_noexit       0000000180053e78 f   libucrt:per_thread_data.obj
 0001:00052f44       __acrt_initialize_ptd      0000000180053f44 f   libucrt:per_thread_data.obj
 0001:00052f80       __acrt_uninitialize_ptd    0000000180053f80 f   libucrt:per_thread_data.obj
 0001:00052fa4       _fileno                    0000000180053fa4 f   libucrt:fileno.obj
 0001:00053210       __acrt_stdio_flush_and_write_narrow_nolock 0000000180054210 f   libucrt:_flsbuf.obj
 0001:000532fc       __acrt_stdio_flush_and_write_wide_nolock 00000001800542fc f   libucrt:_flsbuf.obj
 0001:000535e4       __acrt_initialize_lowio    00000001800545e4 f   libucrt:ioinit.obj
 0001:00053620       __acrt_uninitialize_lowio  0000000180054620 f   libucrt:ioinit.obj
 0001:00053660       _calloc_base               0000000180054660 f   libucrt:calloc_base.obj
 0001:000536d8       _free_base                 00000001800546d8 f   libucrt:free_base.obj
 0001:000538f0       __acrt_AppPolicyGetProcessTerminationMethodInternal 00000001800548f0 f   libucrt:winapi_thunks.obj
 0001:00053940       __acrt_AppPolicyGetShowDeveloperDiagnosticInternal 0000000180054940 f   libucrt:winapi_thunks.obj
 0001:00053990       __acrt_AppPolicyGetWindowingModelInternal 0000000180054990 f   libucrt:winapi_thunks.obj
 0001:000539e0       __acrt_AreFileApisANSI     00000001800549e0 f   libucrt:winapi_thunks.obj
 0001:00053a1c       __acrt_FlsAlloc            0000000180054a1c f   libucrt:winapi_thunks.obj
 0001:00053a64       __acrt_FlsFree             0000000180054a64 f   libucrt:winapi_thunks.obj
 0001:00053aac       __acrt_FlsGetValue         0000000180054aac f   libucrt:winapi_thunks.obj
 0001:00053af4       __acrt_FlsSetValue         0000000180054af4 f   libucrt:winapi_thunks.obj
 0001:00053b48       __acrt_InitializeCriticalSectionEx 0000000180054b48 f   libucrt:winapi_thunks.obj
 0001:00053bac       __acrt_LCMapStringEx       0000000180054bac f   libucrt:winapi_thunks.obj
 0001:00053c88       __acrt_LocaleNameToLCID    0000000180054c88 f   libucrt:winapi_thunks.obj
 0001:00053cd8       __acrt_MessageBoxW         0000000180054cd8 f   libucrt:winapi_thunks.obj
 0001:00053d4c       __acrt_can_show_message_box 0000000180054d4c f   libucrt:winapi_thunks.obj
 0001:00053dbc       __acrt_get_parent_window   0000000180054dbc f   libucrt:winapi_thunks.obj
 0001:00053e34       __acrt_initialize_winapi_thunks 0000000180054e34 f   libucrt:winapi_thunks.obj
 0001:00053e68       __acrt_is_interactive      0000000180054e68 f   libucrt:winapi_thunks.obj
 0001:00053f30       __acrt_uninitialize_winapi_thunks 0000000180054f30 f   libucrt:winapi_thunks.obj
 0001:00053f74       _fcloseall                 0000000180054f74 f   libucrt:closeall.obj
 0001:00054028       __acrt_stdio_free_buffer_nolock 0000000180055028 f   libucrt:_freebuf.obj
 0001:000540f4       _commit                    00000001800550f4 f   libucrt:commit.obj
 0001:000549f4       _write                     00000001800559f4 f   libucrt:write.obj
 0001:00054ae0       _write_nolock              0000000180055ae0 f   libucrt:write.obj
 0001:00054e30       _close                     0000000180055e30 f   libucrt:close.obj
 0001:00054ed4       _close_nolock              0000000180055ed4 f   libucrt:close.obj
 0001:00054f94       ?__acrt_stdio_free_stream@@YAXV__crt_stdio_stream@@@Z 0000000180055f94 f   libucrt:stream.obj
 0001:00054fb0       _malloc_base               0000000180055fb0 f   libucrt:malloc_base.obj
 0001:00055010       wcstol                     0000000180056010 f   libucrt:strtox.obj
 0001:0005503c       _mbtowc_l                  000000018005603c f   libucrt:mbtowc.obj
 0001:000551b8       mbtowc                     00000001800561b8 f   libucrt:mbtowc.obj
 0001:000551c0       _wctomb_s_l                00000001800561c0 f   libucrt:wctomb.obj
 0001:00055360       wctomb_s                   0000000180056360 f   libucrt:wctomb.obj
 0001:00055374       __acrt_update_locale_info  0000000180056374 f   libucrt:locale_update.obj
 0001:000553a8       __acrt_update_multibyte_info 00000001800563a8 f   libucrt:locale_update.obj
 0001:00055db0       __acrt_fp_format           0000000180056db0 f   libucrt:cvt.obj
 0001:00056038       _fputwc_nolock             0000000180057038 f   libucrt:fputwc.obj
 0001:000561b4       _get_printf_count_output   00000001800571b4 f   libucrt:printf_count_output.obj
 0001:000561cc       __acrt_stdio_begin_temporary_buffering_nolock 00000001800571cc f   libucrt:_sftbuf.obj
 0001:0005629c       __acrt_stdio_end_temporary_buffering_nolock 000000018005729c f   libucrt:_sftbuf.obj
 0001:00056348       __acrt_set_locale_changed  0000000180057348 f   libucrt:wsetlocale.obj
 0001:00056354       __acrt_uninitialize_locale 0000000180057354 f   libucrt:wsetlocale.obj
 0001:00056384       __acrt_stdio_allocate_buffer_nolock 0000000180057384 f   libucrt:_getbuf.obj
 0001:00056578       _lseeki64                  0000000180057578 f   libucrt:lseek.obj
 0001:00056580       _lseeki64_nolock           0000000180057580 f   libucrt:lseek.obj
 0001:000566ac       _handle_error              00000001800576ac f   libucrt:libm_error.obj
 0001:000567d4       _handle_errorf             00000001800577d4 f   libucrt:libm_error.obj
 0001:00056908       _handle_nan                0000000180057908 f   libucrt:libm_error.obj
 0001:00056924       _handle_nanf               0000000180057924 f   libucrt:libm_error.obj
 0001:00056934       __acrt_get_developer_information_policy 0000000180057934 f   libucrt:win_policies.obj
 0001:00056988       __acrt_get_process_end_policy 0000000180057988 f   libucrt:win_policies.obj
 0001:000569c4       __acrt_get_windowing_model_policy 00000001800579c4 f   libucrt:win_policies.obj
 0001:00056a30       _realloc_base              0000000180057a30 f   libucrt:realloc_base.obj
 0001:00056aac       _isctype_l                 0000000180057aac f   libucrt:isctype.obj
 0001:00056bbc       __acrt_GetStringTypeA      0000000180057bbc f   libucrt:getstringtypea.obj
 0001:00057064       __acrt_LCMapStringA        0000000180058064 f   libucrt:lcmapstringa.obj
 0001:000570fc       iswctype                   00000001800580fc f   libucrt:iswctype.obj
 0001:0005716c       _raise_exc                 000000018005816c f   libucrt:fpexcept.obj
 0001:00057194       _raise_exc_ex              0000000180058194 f   libucrt:fpexcept.obj
 0001:000574a4       _raise_excf                00000001800584a4 f   libucrt:fpexcept.obj
 0001:000574d0       _set_errno_from_matherr    00000001800584d0 f   libucrt:fpexcept.obj
 0001:00057500       _clrfp                     0000000180058500 f   libucrt:fpctrl.obj
 0001:00057520       _ctrlfp                    0000000180058520 f   libucrt:fpctrl.obj
 0001:0005759c       _set_statfp                000000018005859c f   libucrt:fpctrl.obj
 0001:000575bc       _statfp                    00000001800585bc f   libucrt:fpctrl.obj
 0001:000575d0       __acrt_initialize_fma3     00000001800585d0 f   libucrt:fma3_available.obj
 0001:00057640       _pow_special               0000000180058640 f   libucrt:pow_special.obj
 0001:00057764       _powf_special              0000000180058764 f   libucrt:pow_special.obj
 0001:000578f0       __acrt_MultiByteToWideChar 00000001800588f0 f   libucrt:multibytetowidechar.obj
 0001:0005794c       __acrt_WideCharToMultiByte 000000018005894c f   libucrt:widechartomultibyte.obj
 0001:000579e4       __acrt_initialize_timeset  00000001800589e4 f   libucrt:timeset.obj
 0001:00057a28       _isleadbyte_l              0000000180058a28 f i libucrt:_wctype.obj
 0001:00057a88       ??$__acrt_wcs_to_mbs_cp@U__crt_win32_buffer_internal_dynamic_resizing@@@@YAHQEB_WAEAV?$__crt_win32_buffer@DU__crt_win32_buffer_internal_dynamic_resizing@@@@I@Z 0000000180058a88 f i libucrt:argv_wildcards.obj
 0001:000582b8       __acrt_expand_narrow_argv_wildcards 00000001800592b8 f   libucrt:argv_wildcards.obj
 0001:000589ec       __acrt_initialize_multibyte 00000001800599ec f   libucrt:mbctype.obj
 0001:00058a4c       __acrt_update_thread_multibyte_data 0000000180059a4c f   libucrt:mbctype.obj
 0001:00058a68       _setmbcp_nolock            0000000180059a68 f   libucrt:mbctype.obj
 0001:00058d9c       _ismbblead                 0000000180059d9c f   libucrt:ismbbyte.obj
 0001:00058db0       __acrt_initialize_command_line 0000000180059db0 f   libucrt:argv_data.obj
 0001:00058dd8       __dcrt_get_narrow_environment_from_os 0000000180059dd8 f   libucrt:get_environment_from_os.obj
 0001:00058edc       _recalloc_base             0000000180059edc f   libucrt:recalloc.obj
 0001:00058f74       __acrt_initialize_heap     0000000180059f74 f   libucrt:heap_handle.obj
 0001:00058f90       __acrt_uninitialize_heap   0000000180059f90 f   libucrt:heap_handle.obj
 0001:00058f9c       __acrt_execute_initializers 0000000180059f9c f   libucrt:shared_initialization.obj
 0001:0005901c       __acrt_execute_uninitializers 000000018005a01c f   libucrt:shared_initialization.obj
 0001:00059058       __acrt_has_user_matherr    000000018005a058 f   libucrt:matherr.obj
 0001:00059078       __acrt_initialize_user_matherr 000000018005a078 f   libucrt:matherr.obj
 0001:00059080       __acrt_invoke_user_matherr 000000018005a080 f   libucrt:matherr.obj
 0001:000590b0       __acrt_add_locale_ref      000000018005a0b0 f   libucrt:locale_refcounting.obj
 0001:0005913c       __acrt_free_locale         000000018005a13c f   libucrt:locale_refcounting.obj
 0001:000592b4       __acrt_locale_add_lc_time_reference 000000018005a2b4 f   libucrt:locale_refcounting.obj
 0001:000592dc       __acrt_locale_free_lc_time_if_unreferenced 000000018005a2dc f   libucrt:locale_refcounting.obj
 0001:00059314       __acrt_locale_release_lc_time_reference 000000018005a314 f   libucrt:locale_refcounting.obj
 0001:0005933c       __acrt_release_locale_ref  000000018005a33c f   libucrt:locale_refcounting.obj
 0001:000593e4       __acrt_update_thread_locale_data 000000018005a3e4 f   libucrt:locale_refcounting.obj
 0001:00059454       _updatetlocinfoEx_nolock   000000018005a454 f   libucrt:locale_refcounting.obj
 0001:000594bc       __acrt_lowio_create_handle_array 000000018005a4bc f   libucrt:osfinfo.obj
 0001:00059564       __acrt_lowio_destroy_handle_array 000000018005a564 f   libucrt:osfinfo.obj
 0001:000595b4       __acrt_lowio_ensure_fh_exists 000000018005a5b4 f   libucrt:osfinfo.obj
 0001:0005965c       __acrt_lowio_lock_fh       000000018005a65c f   libucrt:osfinfo.obj
 0001:00059684       __acrt_lowio_unlock_fh     000000018005a684 f   libucrt:osfinfo.obj
 0001:000596ac       _free_osfhnd               000000018005a6ac f   libucrt:osfinfo.obj
 0001:00059768       _get_osfhandle             000000018005a768 f   libucrt:osfinfo.obj
 0001:000597e0       _isatty                    000000018005a7e0 f   libucrt:isatty.obj
 0001:00059840       _query_new_mode            000000018005a840 f   libucrt:new_mode.obj
 0001:00059930       __acrt_DownlevelLocaleNameToLCID 000000018005a930 f   libucrt:lcidtoname_downlevel.obj
 0001:00059964       ?__mbrtowc_utf8@__crt_mbstring@@YA_KPEA_WPEBD_KPEAU_Mbstatet@@@Z 000000018005a964 f   libucrt:mbrtowc.obj
 0001:000599a0       ?__mbsrtowcs_utf8@__crt_mbstring@@YA_KPEA_WPEAPEBD_KPEAU_Mbstatet@@@Z 000000018005a9a0 f   libucrt:mbrtowc.obj
 0001:00059b18       _putwch_nolock             000000018005ab18 f   libucrt:putwch.obj
 0001:00059b54       ?__c32rtomb_utf8@__crt_mbstring@@YA_KPEAD_UPEAU_Mbstatet@@@Z 000000018005ab54 f   libucrt:c32rtomb.obj
 0001:00059c0c       __acrt_fp_strflt_to_string 000000018005ac0c f   libucrt:_fptostr.obj
 0001:00059cf0       __acrt_fltout              000000018005acf0 f   libucrt:cfout.obj
 0001:0005af24       __acrt_locale_free_monetary 000000018005bf24 f   libucrt:initmon.obj
 0001:0005b030       __acrt_locale_free_numeric 000000018005c030 f   libucrt:initnum.obj
 0001:0005b0f4       __acrt_locale_free_time    000000018005c0f4 f   libucrt:inittime.obj
 0001:0005b1fc       strncpy_s                  000000018005c1fc f   libucrt:strncpy_s.obj
 0001:0005b2d0       __acrt_GetStringTypeW      000000018005c2d0 f   libucrt:getstringtypew.obj
 0001:0005b2d8       __acrt_fenv_get_control    000000018005c2d8 f   libucrt:_fenvutils.obj
 0001:0005b3cc       __acrt_fenv_get_status     000000018005c3cc f   libucrt:_fenvutils.obj
 0001:0005b420       __acrt_fenv_set_control    000000018005c420 f   libucrt:_fenvutils.obj
 0001:0005b568       __acrt_fenv_set_status     000000018005c568 f   libucrt:_fenvutils.obj
 0001:0005b600       _get_fpsr                  000000018005c600 f   libucrt:fpsr.obj
 0001:0005b610       _set_fpsr                  000000018005c610 f   libucrt:fpsr.obj
 0001:0005b61a       _fclrf                     000000018005c61a f   libucrt:fpsr.obj
 0001:0005b62e       _frnd                      000000018005c62e f   libucrt:fpsr.obj
 0001:0005b650       qsort                      000000018005c650 f   libucrt:qsort.obj
 0001:0005bab0       strpbrk                    000000018005cab0 f   libucrt:strpbrk.obj
 0001:0005be90       _mbsdec                    000000018005ce90 f   libucrt:mbsdec.obj
 0001:0005be98       _mbsdec_l                  000000018005ce98 f   libucrt:mbsdec.obj
 0001:0005bf44       _msize_base                000000018005cf44 f   libucrt:msize.obj
 0001:0005bf80       ?__mbrtoc32_utf8@__crt_mbstring@@YA_KPEA_UPEBD_KPEAU_Mbstatet@@@Z 000000018005cf80 f   libucrt:mbrtoc32.obj
 0001:0005c15c       __dcrt_lowio_ensure_console_output_initialized 000000018005d15c f   libucrt:initcon.obj
 0001:0005c1b0       __dcrt_terminate_console_output 000000018005d1b0 f   libucrt:initcon.obj
 0001:0005c1cc       __dcrt_write_console       000000018005d1cc f   libucrt:initcon.obj
 0001:0005c28c       fegetenv                   000000018005d28c f   libucrt:fegetenv.obj
 0001:0005c2ac       fesetenv                   000000018005d2ac f   libucrt:fesetenv.obj
 0001:0005c2fc       feholdexcept               000000018005d2fc f   libucrt:feholdexcept.obj
 0001:0005c34c       ceil                       000000018005d34c f   libucrt:ceil.obj
 0001:0005c410       log10                      000000018005d410 f   libucrt:log10.obj
 0001:0005c9bc       _clearfp                   000000018005d9bc f   libucrt:ieee.obj
 0001:0005ca30       _log10_special             000000018005da30 f   libucrt:log_special.obj
 0001:0005cae6       IsProcessorFeaturePresent  000000018005dae6 f   kernel32:KERNEL32.dll
 0001:0005caec       ?DloadAcquireSectionWriteAccess@@YAXXZ 000000018005daec f i DelayImp:delayhlp.obj
 0001:0005cb98       ?DloadGetSRWLockFunctionPointers@@YAEXZ 000000018005db98 f i DelayImp:delayhlp.obj
 0001:0005cc34       ?DloadMakePermanentImageCommit@@YAXPEAX_K@Z 000000018005dc34 f i DelayImp:delayhlp.obj
 0001:0005cccc       ?DloadObtainSection@@YAPEAXPEAK0@Z 000000018005dccc f i DelayImp:delayhlp.obj
 0001:0005cd68       ?DloadProtectSection@@YAXKPEAK@Z 000000018005dd68 f i DelayImp:delayhlp.obj
 0001:0005cdf8       ?DloadReleaseSectionWriteAccess@@YAXXZ 000000018005ddf8 f i DelayImp:delayhlp.obj
 0001:0005ce8c       __delayLoadHelper2         000000018005de8c f   DelayImp:delayhlp.obj
 0001:0005d150       _FindPESection             000000018005e150 f   LIBCMT:pesect.obj
 0001:0005d1a0       _IsNonwritableInCurrentImage 000000018005e1a0 f   LIBCMT:pesect.obj
 0001:0005d1f0       _ValidateImageBase         000000018005e1f0 f   LIBCMT:pesect.obj
 0001:0005d220       strrchr                    000000018005e220 f   libvcruntime:strrchr.obj
 0001:0005d380       _guard_dispatch_icall_nop  000000018005e380 f   LIBCMT:guard_dispatch.obj
 0002:00000000       __imp_GetModuleHandleA     000000018005f000     kernel32:KERNEL32.dll
 0002:00000008       __imp_LoadLibraryExA       000000018005f008     kernel32:KERNEL32.dll
 0002:00000010       __imp_GetLastError         000000018005f010     kernel32:KERNEL32.dll
 0002:00000018       __imp_WideCharToMultiByte  000000018005f018     kernel32:KERNEL32.dll
 0002:00000020       __imp_EnterCriticalSection 000000018005f020     kernel32:KERNEL32.dll
[...]
 0004:00002afc       $pdata$_isctype_l          00000001800e4afc     libucrt:isctype.obj
 0004:00002b08       $pdata$__acrt_GetStringTypeA 00000001800e4b08     libucrt:getstringtypea.obj
 0004:00002b14       $pdata$?__acrt_LCMapStringA_stat@@YAHPEAU__crt_locale_pointers@@PEB_WKPEBDHPEADHHH@Z 00000001800e4b14     libucrt:lcmapstringa.obj
 0004:00002b20       $pdata$__acrt_LCMapStringA 00000001800e4b20     libucrt:lcmapstringa.obj
 0004:00002b2c       $pdata$iswctype            00000001800e4b2c     libucrt:iswctype.obj
 0004:00002b38       $pdata$_raise_exc          00000001800e4b38     libucrt:fpexcept.obj
 0004:00002b44       $pdata$_raise_exc_ex       00000001800e4b44     libucrt:fpexcept.obj
 0004:00002b50       $pdata$_raise_excf         00000001800e4b50     libucrt:fpexcept.obj
 0004:00002b5c       $pdata$_set_errno_from_matherr 00000001800e4b5c     libucrt:fpexcept.obj
 0004:00002b68       $pdata$_clrfp              00000001800e4b68     libucrt:fpctrl.obj
 0004:00002b74       $pdata$_ctrlfp             00000001800e4b74     libucrt:fpctrl.obj
 0004:00002b80       $pdata$_set_statfp         00000001800e4b80     libucrt:fpctrl.obj
 0004:00002b8c       $pdata$_statfp             00000001800e4b8c     libucrt:fpctrl.obj
 0004:00002b98       $pdata$__acrt_initialize_fma3 00000001800e4b98     libucrt:fma3_available.obj
 0004:00002ba4       $pdata$_pow_special        00000001800e4ba4     libucrt:pow_special.obj
 0004:00002bb0       $pdata$_powf_special       00000001800e4bb0     libucrt:pow_special.obj
 0004:00002bbc       $pdata$__acrt_WideCharToMultiByte 00000001800e4bbc     libucrt:widechartomultibyte.obj
 0004:00002bc8       $pdata$_isleadbyte_l       00000001800e4bc8     libucrt:_wctype.obj
 0004:00002bd4       $pdata$??$__acrt_wcs_to_mbs_cp@U__crt_win32_buffer_internal_dynamic_resizing@@@@YAHQEB_WAEAV?$__crt_win32_buffer@DU__crt_win32_buffer_internal_dynamic_resizing@@@@I@Z 00000001800e4bd4     libucrt:argv_wildcards.obj
 0004:00002be0       $pdata$??$common_expand_argv_wildcards@D@@YAHQEAPEADQEAPEAPEAD@Z 00000001800e4be0     libucrt:argv_wildcards.obj
 0004:00002bec       $pdata$??$copy_and_add_argument_to_buffer@D@@YAHQEBD0_KAEAV?$argument_list@D@?A0x5f5c8891@@@Z 00000001800e4bec     libucrt:argv_wildcards.obj
 0004:00002bf8       $pdata$??$expand_argument_wildcards@D@@YAHQEAD0AEAV?$argument_list@D@?A0x5f5c8891@@@Z 00000001800e4bf8     libucrt:argv_wildcards.obj
 0004:00002c04       $pdata$??$?RV<lambda_efdfa57d1f175319df784efa44bb7b81>@@AEAV<lambda_5f0a4c1567f8adc6734073e5d1e1b35c>@@V<lambda_2e8a7d3640ea6ccb4c2413664c2db6fd>@@@?$__crt_seh_guarded_call@X@@QEAAX$$QEAV<lambda_efdfa57d1f175319df784efa44bb7b81>@@AEAV<lambda_5f0a4c1567f8adc6734073e5d1e1b35c>@@$$QEAV<lambda_2e8a7d3640ea6ccb4c2413664c2db6fd>@@@Z 00000001800e4c04     libucrt:mbctype.obj
 0004:00002c10       $pdata$?getSystemCP@@YAHH@Z 00000001800e4c10     libucrt:mbctype.obj
 0004:00002c1c       $pdata$?setSBCS@@YAXPEAU__crt_multibyte_data@@@Z 00000001800e4c1c     libucrt:mbctype.obj
 0004:00002c28       $pdata$?setSBUpLow@@YAXPEAU__crt_multibyte_data@@@Z 00000001800e4c28     libucrt:mbctype.obj
 0004:00002c34       $pdata$?setmbcp_internal@@YAHH_NQEAU__acrt_ptd@@QEAPEAU__crt_multibyte_data@@@Z 00000001800e4c34     libucrt:mbctype.obj
 0004:00002c40       $pdata$?update_thread_multibyte_data_internal@@YAPEAU__crt_multibyte_data@@QEAU__acrt_ptd@@QEAPEAU1@@Z 00000001800e4c40     libucrt:mbctype.obj
 0004:00002c4c       $pdata$__acrt_initialize_multibyte 00000001800e4c4c     libucrt:mbctype.obj
 0004:00002c58       $pdata$__acrt_update_thread_multibyte_data 00000001800e4c58     libucrt:mbctype.obj
 0004:00002c64       $pdata$_setmbcp_nolock     00000001800e4c64     libucrt:mbctype.obj
 0004:00002c70       $pdata$?x_ismbbtype_l@@YAHPEAU__crt_locale_pointers@@IHH@Z 00000001800e4c70     libucrt:ismbbyte.obj
 0004:00002c7c       $pdata$__acrt_initialize_command_line 00000001800e4c7c     libucrt:argv_data.obj
 0004:00002c88       $pdata$__dcrt_get_narrow_environment_from_os 00000001800e4c88     libucrt:get_environment_from_os.obj
 0004:00002c94       $pdata$_recalloc_base      00000001800e4c94     libucrt:recalloc.obj
 0004:00002ca0       $pdata$__acrt_initialize_heap 00000001800e4ca0     libucrt:heap_handle.obj
 0004:00002cac       $pdata$__acrt_execute_initializers 00000001800e4cac     libucrt:shared_initialization.obj
 0004:00002cb8       $pdata$__acrt_execute_uninitializers 00000001800e4cb8     libucrt:shared_initialization.obj
 0004:00002cc4       $pdata$__acrt_free_locale  00000001800e4cc4     libucrt:locale_refcounting.obj
 0004:00002cd0       $pdata$__acrt_locale_free_lc_time_if_unreferenced 00000001800e4cd0     libucrt:locale_refcounting.obj
 0004:00002cdc       $pdata$__acrt_release_locale_ref 00000001800e4cdc     libucrt:locale_refcounting.obj
 0004:00002ce8       $pdata$__acrt_update_thread_locale_data 00000001800e4ce8     libucrt:locale_refcounting.obj
 0004:00002cf4       $pdata$_updatetlocinfoEx_nolock 00000001800e4cf4     libucrt:locale_refcounting.obj
 0004:00002d00       $pdata$__acrt_lowio_create_handle_array 00000001800e4d00     libucrt:osfinfo.obj
 0004:00002d0c       $pdata$__acrt_lowio_destroy_handle_array 00000001800e4d0c     libucrt:osfinfo.obj
 0004:00002d18       $pdata$__acrt_lowio_ensure_fh_exists 00000001800e4d18     libucrt:osfinfo.obj
 0004:00002d24       $pdata$_free_osfhnd        00000001800e4d24     libucrt:osfinfo.obj
 0004:00002d30       $pdata$_get_osfhandle      00000001800e4d30     libucrt:osfinfo.obj
 0004:00002d3c       $pdata$_isatty             00000001800e4d3c     libucrt:isatty.obj
 0004:00002d48       $pdata$?GetTableIndexFromLocaleName@@YAHPEB_W@Z 00000001800e4d48     libucrt:lcidtoname_downlevel.obj
 0004:00002d54       $pdata$__acrt_DownlevelLocaleNameToLCID 00000001800e4d54     libucrt:lcidtoname_downlevel.obj
 0004:00002d60       $pdata$?__mbrtowc_utf8@__crt_mbstring@@YA_KPEA_WPEBD_KPEAU_Mbstatet@@@Z 00000001800e4d60     libucrt:mbrtowc.obj
 0004:00002d6c       $pdata$?__mbsrtowcs_utf8@__crt_mbstring@@YA_KPEA_WPEAPEBD_KPEAU_Mbstatet@@@Z 00000001800e4d6c     libucrt:mbrtowc.obj
 0004:00002d78       $pdata$_putwch_nolock      00000001800e4d78     libucrt:putwch.obj
 0004:00002d84       $pdata$?__c32rtomb_utf8@__crt_mbstring@@YA_KPEAD_UPEAU_Mbstatet@@@Z 00000001800e4d84     libucrt:c32rtomb.obj
 0004:00002d90       $pdata$__acrt_fp_strflt_to_string 00000001800e4d90     libucrt:_fptostr.obj
 0004:00002d9c       $pdata$__acrt_fltout       00000001800e4d9c     libucrt:cfout.obj
 0004:00002da8       $pdata$__acrt_locale_free_monetary 00000001800e4da8     libucrt:initmon.obj
 0004:00002db4       $pdata$__acrt_locale_free_numeric 00000001800e4db4     libucrt:initnum.obj
 0004:00002dc0       $pdata$?free_crt_array_internal@@YAXQEAPEBX_K@Z 00000001800e4dc0     libucrt:inittime.obj
 0004:00002dcc       $pdata$__acrt_locale_free_time 00000001800e4dcc     libucrt:inittime.obj
 0004:00002dd8       $pdata$strncpy_s           00000001800e4dd8     libucrt:strncpy_s.obj
 0004:00002de4       $pdata$__acrt_fenv_set_control 00000001800e4de4     libucrt:_fenvutils.obj
 0004:00002dfc       $pdata$qsort               00000001800e4dfc     libucrt:qsort.obj
 0004:00002e08       $pdata$4$qsort             00000001800e4e08     libucrt:qsort.obj
 0004:00002e14       $pdata$5$qsort             00000001800e4e14     libucrt:qsort.obj
 0004:00002e20       $pdata$fallbackMethod      00000001800e4e20     libucrt:strpbrk.obj
 0004:00002e2c       $pdata$strpbrk             00000001800e4e2c     libucrt:strpbrk.obj
 0004:00002e38       $pdata$_mbsdec_l           00000001800e4e38     libucrt:mbsdec.obj
 0004:00002e44       $pdata$?initialize_multibyte@@YAHXZ 00000001800e4e44     libucrt:multibyte_initializer.obj
 0004:00002e50       $pdata$_msize_base         00000001800e4e50     libucrt:msize.obj
 0004:00002e5c       $pdata$?__mbrtoc32_utf8@__crt_mbstring@@YA_KPEA_UPEBD_KPEAU_Mbstatet@@@Z 00000001800e4e5c     libucrt:mbrtoc32.obj
 0004:00002e68       $pdata$__dcrt_lowio_ensure_console_output_initialized 00000001800e4e68     libucrt:initcon.obj
 0004:00002e74       $pdata$__dcrt_terminate_console_output 00000001800e4e74     libucrt:initcon.obj
 0004:00002e80       $pdata$__dcrt_write_console 00000001800e4e80     libucrt:initcon.obj
 0004:00002e8c       $pdata$fegetenv            00000001800e4e8c     libucrt:fegetenv.obj
 0004:00002e98       $pdata$fesetenv            00000001800e4e98     libucrt:fesetenv.obj
 0004:00002ea4       $pdata$feholdexcept        00000001800e4ea4     libucrt:feholdexcept.obj
 0004:00002ebc       $pdata$_clearfp            00000001800e4ebc     libucrt:ieee.obj
 0004:00002ec8       $pdata$_log10_special      00000001800e4ec8     libucrt:log_special.obj
 0004:00002ed4       $pdata$_log_special_common 00000001800e4ed4     libucrt:log_special.obj
 0004:00002ee0       $pdata$?DloadAcquireSectionWriteAccess@@YAXXZ 00000001800e4ee0     DelayImp:delayhlp.obj
 0004:00002eec       $pdata$?DloadGetSRWLockFunctionPointers@@YAEXZ 00000001800e4eec     DelayImp:delayhlp.obj
 0004:00002ef8       $pdata$?DloadMakePermanentImageCommit@@YAXPEAX_K@Z 00000001800e4ef8     DelayImp:delayhlp.obj
 0004:00002f04       $pdata$?DloadObtainSection@@YAPEAXPEAK0@Z 00000001800e4f04     DelayImp:delayhlp.obj
 0004:00002f10       $pdata$?DloadProtectSection@@YAXKPEAK@Z 00000001800e4f10     DelayImp:delayhlp.obj
 0004:00002f1c       $pdata$?DloadReleaseSectionWriteAccess@@YAXXZ 00000001800e4f1c     DelayImp:delayhlp.obj
 0004:00002f28       $pdata$__delayLoadHelper2  00000001800e4f28     DelayImp:delayhlp.obj
 0004:00002f34       $pdata$_IsNonwritableInCurrentImage 00000001800e4f34     LIBCMT:pesect.obj
 0004:00002f40       $pdata$strrchr             00000001800e4f40     libvcruntime:strrchr.obj
 0004:00002f58       $pdata$?fin$0@?0??dllmain_crt_process_attach@@YAHQEAUHINSTANCE__@@QEAX@Z@4HA 00000001800e4f58     LIBCMT:dll_dllmain.obj
 0004:00002f64       $pdata$?fin$0@?0??dllmain_crt_process_detach@@YAH_N@Z@4HA 00000001800e4f64     LIBCMT:dll_dllmain.obj
 0004:00002f70       $pdata$?filt$0@?0??dllmain_dispatch@@YAHQEAUHINSTANCE__@@KQEAX@Z@4HA 00000001800e4f70     LIBCMT:dll_dllmain.obj
 0004:00002f7c       $pdata$__scrt_is_nonwritable_in_current_image$filt$0 00000001800e4f7c     LIBCMT:utility.obj
 0004:00002f88       $pdata$?filt$0@?0???$_CallSETranslator@V__FrameHandler3@@@@YAHPEAUEHExceptionRecord@@PEA_KPEAU_CONTEXT@@PEAU_xDISPATCHER_CONTEXT@@PEBU_s_FuncInfo@@K1@Z@4HA 00000001800e4f88     libvcruntime:risctrnsctrl.obj
 0004:00002f94       $pdata$__DestructExceptionObject$filt$0 00000001800e4f94     libvcruntime:ehhelpers.obj
 0004:00002fa0       $pdata$?filt$0@?0??CxxCallCatchBlock@__FrameHandler3@@SAPEAXPEAU_EXCEPTION_RECORD@@@Z@4HA 00000001800e4fa0     libvcruntime:frame.obj
 0004:00002fac       $pdata$?fin$1@?0??CxxCallCatchBlock@__FrameHandler3@@SAPEAXPEAU_EXCEPTION_RECORD@@@Z@4HA 00000001800e4fac     libvcruntime:frame.obj
 0004:00002fb8       $pdata$?filt$0@?0??FrameUnwindToState@__FrameHandler3@@SAXPEA_KPEAU_xDISPATCHER_CONTEXT@@PEBU_s_FuncInfo@@H@Z@4HA 00000001800e4fb8     libvcruntime:frame.obj
 0004:00002fc4       $pdata$?fin$1@?0??FrameUnwindToState@__FrameHandler3@@SAXPEA_KPEAU_xDISPATCHER_CONTEXT@@PEBU_s_FuncInfo@@H@Z@4HA 00000001800e4fc4     libvcruntime:frame.obj
 0004:00002fd0       $pdata$?fin$0@?0???$?RV<lambda_84ec643ea9557e2f7dc01bb0e9624395>@@AEAV<lambda_ca71763b3c0644891230e4f79ea54fa6>@@V<lambda_439a761618c59b0600e24586724d733b>@@@?$__crt_seh_guarded_call@H@@QEAAH$$QEAV<lambda_84ec643ea9557e2f7dc01bb0e9624395>@@AEAV<lambda_ca71763b3c0644891230e4f79ea54fa6>@@$$QEAV<lambda_439a761618c59b0600e24586724d733b>@@@Z@4HA 00000001800e4fd0     libucrt:setvbuf.obj
 0004:00002fd0       $pdata$?fin$0@?0???$?RV<lambda_842d9ff0dc9ef11c61343bbaebe7f885>@@AEAV<lambda_c5860995281e5c4ce005b3de8f5874ee>@@V<lambda_d90129c13df834fdcbf8d2b88dafcf2d>@@@?$__crt_seh_guarded_call@X@@QEAAX$$QEAV<lambda_842d9ff0dc9ef11c61343bbaebe7f885>@@AEAV<lambda_c5860995281e5c4ce005b3de8f5874ee>@@$$QEAV<lambda_d90129c13df834fdcbf8d2b88dafcf2d>@@@Z@4HA 00000001800e4fd0     libucrt:fflush.obj
 0004:00002fd0       $pdata$?fin$0@?0???$?RV<lambda_c376a267cfb53b6959b3b692ec76b120>@@AEAV<lambda_9a32fed5bf61b6b509b2d3f6003082a1>@@V<lambda_572fbb9fa0ab338edf41edfd4b5fcc8d>@@@?$__crt_seh_guarded_call@H@@QEAAH$$QEAV<lambda_c376a267cfb53b6959b3b692ec76b120>@@AEAV<lambda_9a32fed5bf61b6b509b2d3f6003082a1>@@$$QEAV<lambda_572fbb9fa0ab338edf41edfd4b5fcc8d>@@@Z@4HA 00000001800e4fd0     libucrt:fflush.obj
 0004:00002fd0       $pdata$?fin$0@?0???$?RV<lambda_0d412022a4b28cc8a401ea49574e8ae6>@@AEAV<lambda_a775ed57af18ba8e4d5dc780aa9068fe>@@V<lambda_975a71a6baa488a08f4e15f6b0339b9e>@@@?$__crt_seh_guarded_call@H@@QEAAH$$QEAV<lambda_0d412022a4b28cc8a401ea49574e8ae6>@@AEAV<lambda_a775ed57af18ba8e4d5dc780aa9068fe>@@$$QEAV<lambda_975a71a6baa488a08f4e15f6b0339b9e>@@@Z@4HA 00000001800e4fd0     libucrt:output.obj
 0004:00002fdc       $pdata$?fin$0@?0???$?RV<lambda_886d6c58226a84441f68b9f2b8217b83>@@AEAV<lambda_ab61a845afdef5b7c387490eaf3616ee>@@V<lambda_f7f22ab5edc0698d5f6905b0d3f44752>@@@?$__crt_seh_guarded_call@X@@QEAAX$$QEAV<lambda_886d6c58226a84441f68b9f2b8217b83>@@AEAV<lambda_ab61a845afdef5b7c387490eaf3616ee>@@$$QEAV<lambda_f7f22ab5edc0698d5f6905b0d3f44752>@@@Z@4HA 00000001800e4fdc     libucrt:fflush.obj
 0004:00002fe8       $pdata$fclose$fin$0        00000001800e4fe8     libucrt:fclose.obj
 0004:00002ff4       $pdata$?fin$0@?0???$?RV<lambda_0ae27a3a962d80f24befdcbee591983d>@@AEAV<lambda_8d0ee55de4b1038c4002e0adecdf1839>@@V<lambda_dc504788e8f1664fe9b84e20bfb512f2>@@@?$__crt_seh_guarded_call@X@@QEAAX$$QEAV<lambda_0ae27a3a962d80f24befdcbee591983d>@@AEAV<lambda_8d0ee55de4b1038c4002e0adecdf1839>@@$$QEAV<lambda_dc504788e8f1664fe9b84e20bfb512f2>@@@Z@4HA 00000001800e4ff4     libucrt:per_thread_data.obj
 0004:00002ff4       $pdata$?fin$0@?0???$?RV<lambda_638799b9deba96c50f710eeac98168cd>@@AEAV<lambda_22ebabd17bc4fa466a2aca6d8deb888d>@@V<lambda_a6f7d7db0129f75315ebf26d50c089f1>@@@?$__crt_seh_guarded_call@H@@QEAAH$$QEAV<lambda_638799b9deba96c50f710eeac98168cd>@@AEAV<lambda_22ebabd17bc4fa466a2aca6d8deb888d>@@$$QEAV<lambda_a6f7d7db0129f75315ebf26d50c089f1>@@@Z@4HA 00000001800e4ff4     libucrt:onexit.obj
 0004:00002ff4       $pdata$?fin$0@?0???$?RV<lambda_efdfa57d1f175319df784efa44bb7b81>@@AEAV<lambda_5f0a4c1567f8adc6734073e5d1e1b35c>@@V<lambda_2e8a7d3640ea6ccb4c2413664c2db6fd>@@@?$__crt_seh_guarded_call@X@@QEAAX$$QEAV<lambda_efdfa57d1f175319df784efa44bb7b81>@@AEAV<lambda_5f0a4c1567f8adc6734073e5d1e1b35c>@@$$QEAV<lambda_2e8a7d3640ea6ccb4c2413664c2db6fd>@@@Z@4HA 00000001800e4ff4     libucrt:mbctype.obj
 0004:00002ff4       $pdata$?fin$0@?0???$?RV<lambda_2d41944a1d46af3157314b8a01080d33>@@AEAV<lambda_8f455de75cd7d7f24b4096f044d8b9e6>@@V<lambda_aa500f224e6afead328df44964fe2772>@@@?$__crt_seh_guarded_call@X@@QEAAX$$QEAV<lambda_2d41944a1d46af3157314b8a01080d33>@@AEAV<lambda_8f455de75cd7d7f24b4096f044d8b9e6>@@$$QEAV<lambda_aa500f224e6afead328df44964fe2772>@@@Z@4HA 00000001800e4ff4     libucrt:per_thread_data.obj
 0004:00002ff4       $pdata$?fin$0@?0???$?RV<lambda_7777bce6b2f8c936911f934f8298dc43>@@AEAV<lambda_f03950bc5685219e0bcd2087efbe011e>@@V<lambda_3883c3dff614d5e0c5f61bb1ac94921c>@@@?$__crt_seh_guarded_call@H@@QEAAH$$QEAV<lambda_7777bce6b2f8c936911f934f8298dc43>@@AEAV<lambda_f03950bc5685219e0bcd2087efbe011e>@@$$QEAV<lambda_3883c3dff614d5e0c5f61bb1ac94921c>@@@Z@4HA 00000001800e4ff4     libucrt:onexit.obj
 0004:00002ff4       $pdata$?fin$0@?0???$?RV<lambda_f2e299630e499de9f9a165e60fcd3db5>@@AEAV<lambda_2ae9d31cdba2644fcbeaf08da7c24588>@@V<lambda_40d01ff24d0e7b3814fdbdcee8eab3c7>@@@?$__crt_seh_guarded_call@X@@QEAAX$$QEAV<lambda_f2e299630e499de9f9a165e60fcd3db5>@@AEAV<lambda_2ae9d31cdba2644fcbeaf08da7c24588>@@$$QEAV<lambda_40d01ff24d0e7b3814fdbdcee8eab3c7>@@@Z@4HA 00000001800e4ff4     libucrt:per_thread_data.obj
 0004:00002ff4       $pdata$?fin$0@?0???$?RV<lambda_aa87e3671a710a21b5dc78c0bdf72e11>@@AEAV<lambda_92619d2358a28f41a33ba319515a20b9>@@V<lambda_6992ecaafeb10aed2b74cb1fae11a551>@@@?$__crt_seh_guarded_call@X@@QEAAX$$QEAV<lambda_aa87e3671a710a21b5dc78c0bdf72e11>@@AEAV<lambda_92619d2358a28f41a33ba319515a20b9>@@$$QEAV<lambda_6992ecaafeb10aed2b74cb1fae11a551>@@@Z@4HA 00000001800e4ff4     libucrt:per_thread_data.obj
 0004:00002ff4       $pdata$?fin$0@?0???$?RV<lambda_450d765d439847d4c735a33c368b5fc0>@@AEAV<lambda_44731a7d0e6d81c3e6aa82d741081786>@@V<lambda_601a2a7da3b7a96e9554ac7215c4b07c>@@@?$__crt_seh_guarded_call@P6AXH@Z@@QEAAP6AXH@Z$$QEAV<lambda_450d765d439847d4c735a33c368b5fc0>@@AEAV<lambda_44731a7d0e6d81c3e6aa82d741081786>@@$$QEAV<lambda_601a2a7da3b7a96e9554ac7215c4b07c>@@@Z@4HA 00000001800e4ff4     libucrt:signal.obj
 0004:00002ff4       $pdata$?fin$0@?0???$?RV<lambda_d80eeec6fff315bfe5c115232f3240e3>@@AEAV<lambda_6e4b09c48022b2350581041d5f6b0c4c>@@V<lambda_2358e3775559c9db80273638284d5e45>@@@?$__crt_seh_guarded_call@X@@QEAAX$$QEAV<lambda_d80eeec6fff315bfe5c115232f3240e3>@@AEAV<lambda_6e4b09c48022b2350581041d5f6b0c4c>@@$$QEAV<lambda_2358e3775559c9db80273638284d5e45>@@@Z@4HA 00000001800e4ff4     libucrt:exit.obj
 0004:00003000       $pdata$?filt$0@?0???R<lambda_6e4b09c48022b2350581041d5f6b0c4c>@@QEBA@XZ@4HA 00000001800e5000     libucrt:exit.obj
 0004:0000300c       $pdata$_query_new_handler$fin$0 00000001800e500c     libucrt:new_handler.obj
 0004:00003018       $pdata$raise$fin$0         00000001800e5018     libucrt:signal.obj
 0004:00003024       $pdata$__acrt_lowio_ensure_fh_exists$fin$0 00000001800e5024     libucrt:osfinfo.obj
 0004:00003024       $pdata$__acrt_initialize_lowio$fin$0 00000001800e5024     libucrt:ioinit.obj
 0004:00003030       $pdata$_fcloseall$fin$0    00000001800e5030     libucrt:closeall.obj
 0004:0000303c       $pdata$?fin$0@?0???$?RV<lambda_751a882b2c74d4b022dec766aa51a29a>@@AEAV<lambda_628dfdc04ba53c8bfc02c9951375f3f5>@@V<lambda_f6c7be5f7998530c34de24c7437d6b54>@@@?$__crt_seh_guarded_call@H@@QEAAH$$QEAV<lambda_751a882b2c74d4b022dec766aa51a29a>@@AEAV<lambda_628dfdc04ba53c8bfc02c9951375f3f5>@@$$QEAV<lambda_f6c7be5f7998530c34de24c7437d6b54>@@@Z@4HA 00000001800e503c     libucrt:close.obj
 0004:0000303c       $pdata$?fin$0@?0???$?RV<lambda_a37b2b86f63e897a80ea819b0eb08c01>@@AEAV<lambda_38ce7e780aa69e748d6df282ebc68efe>@@V<lambda_99fb1378e971ab6e7edea83e3a7a83a2>@@@?$__crt_seh_guarded_call@H@@QEAAH$$QEAV<lambda_a37b2b86f63e897a80ea819b0eb08c01>@@AEAV<lambda_38ce7e780aa69e748d6df282ebc68efe>@@$$QEAV<lambda_99fb1378e971ab6e7edea83e3a7a83a2>@@@Z@4HA 00000001800e503c     libucrt:commit.obj
 0004:00003048       $pdata$?fin$0@?0???$common_lseek@_J@@YA_JH_JH@Z@4HA 00000001800e5048     libucrt:lseek.obj
 0004:00003048       $pdata$_write$fin$0        00000001800e5048     libucrt:write.obj
 0004:00003054       $pdata$?fin$0@?0???$?RV<lambda_410d79af7f07d98d83a3f525b3859a53>@@AEAV<lambda_3e16ef9562a7dcce91392c22ab16ea36>@@V<lambda_38119f0e861e05405d8a144b9b982f0a>@@@?$__crt_seh_guarded_call@X@@QEAAX$$QEAV<lambda_410d79af7f07d98d83a3f525b3859a53>@@AEAV<lambda_3e16ef9562a7dcce91392c22ab16ea36>@@$$QEAV<lambda_38119f0e861e05405d8a144b9b982f0a>@@@Z@4HA 00000001800e5054     libucrt:wsetlocale.obj
 0004:00003060       $pdata$_ctrlfp$filt$0      00000001800e5060     libucrt:fpctrl.obj
 0004:0000306c       $pdata$?fin$0@?0??update_thread_multibyte_data_internal@@YAPEAU__crt_multibyte_data@@QEAU__acrt_ptd@@QEAPEAU1@@Z@4HA 00000001800e506c     libucrt:mbctype.obj
 0004:00003078       $pdata$__acrt_update_thread_locale_data$fin$0 00000001800e5078     libucrt:locale_refcounting.obj
 0004:00003084       $pdata$_IsNonwritableInCurrentImage$filt$0 00000001800e5084     LIBCMT:pesect.obj
 0004:00003090       $pdata$??__Fclassic_locale@std@@YAXXZ 00000001800e5090     libcpmt:locale0.obj
 0004:0000309c       $pdata$??__Finit_atexit@@YAXXZ 00000001800e509c     libcpmt:iosptrs.obj
 0005:00000060       $R000000                   00000001800e6060     * linker generated manifest res *

 Exports

  ordinal    name

        1    _register_woff2_encode_
