 woff2_decode

 Timestamp is 5f284188 (Mon Aug  3 12:55:36 2020)

 Preferred load address is 0000000180000000

 Start         Length     Name                   Class
 0001:00000000 00000070H .text$di                CODE
 0001:00000070 00024f80H .text$mn                CODE
 0001:00024ff0 00000020H .text$mn$00             CODE
 0001:00025010 000003c0H .text$x                 CODE
 0001:000253d0 000000b4H .text$yd                CODE
 0002:00000000 00000268H .idata$5                DATA
 0002:00000268 00000010H .00cfg                  DATA
 0002:00000278 00000008H .CRT$XCA                DATA
 0002:00000280 00000018H .CRT$XCC                DATA
 0002:00000298 00000010H .CRT$XCL                DATA
 0002:000002a8 00000008H .CRT$XCU                DATA
 0002:000002b0 00000008H .CRT$XCZ                DATA
 0002:000002b8 00000008H .CRT$XIA                DATA
 0002:000002c0 00000028H .CRT$XIC                DATA
 0002:000002e8 00000008H .CRT$XIZ                DATA
 0002:000002f0 00000008H .CRT$XPA                DATA
 0002:000002f8 00000010H .CRT$XPX                DATA
 0002:00000308 00000008H .CRT$XPXA               DATA
 0002:00000310 00000008H .CRT$XPZ                DATA
 0002:00000318 00000008H .CRT$XTA                DATA
 0002:00000320 00000010H .CRT$XTZ                DATA
 0002:00000328 00000000H .gfids$y                DATA
 0002:00000330 00044840H .rdata                  DATA
 0002:00044b70 0000037cH .rdata$r                DATA
 0002:00044eec 00000414H .rdata$zzzdbg           DATA
 0002:00045300 00000008H .rtc$IAA                DATA
 0002:00045308 00000008H .rtc$IZZ                DATA
 0002:00045310 00000008H .rtc$TAA                DATA
 0002:00045318 00000008H .rtc$TZZ                DATA
 0002:00045320 00001a38H .xdata                  DATA
 0002:00046d58 000001dcH .xdata$x                DATA
 0002:00046f34 00000020H .didat$2                DATA
 0002:00046f54 00000024H .didat$3                DATA
 0002:00046f78 000000e8H .didat$4                DATA
 0002:00047060 000007d8H .didat$6                DATA
 0002:00047838 000000e8H .didat$7                DATA
 0002:00047920 0000005cH .edata                  DATA
 0002:0004797c 00000014H .idata$2                DATA
 0002:00047990 00000018H .idata$3                DATA
 0002:000479a8 00000268H .idata$4                DATA
 0002:00047c10 00000594H .idata$6                DATA
 0003:00000000 00000c30H .data                   DATA
 0003:00000c30 00000118H .data$r                 DATA
 0003:00000d48 000000e8H .didat$5                DATA
 0003:00000e30 00001838H .bss                    DATA
 0004:00000000 00001c80H .pdata                  DATA
 0005:00000000 00000060H .rsrc$01                DATA
 0005:00000060 00000180H .rsrc$02                DATA

  Address         Publics by Value              Rva+Base               Lib:Object

 0000:00000000       __guard_iat_count          0000000000000000     <absolute>
 0000:00000000       __hybrid_code_map_count    0000000000000000     <absolute>
 0000:00000000       __guard_fids_count         0000000000000000     <absolute>
 0000:00000000       __volatile_metadata        0000000000000000     <absolute>
 0000:00000000       __guard_longjmp_count      0000000000000000     <absolute>
 0000:00000000       __guard_longjmp_table      0000000000000000     <absolute>
 0000:00000000       __hybrid_code_map          0000000000000000     <absolute>
 0000:00000000       __guard_iat_table          0000000000000000     <absolute>
 0000:00000000       ___safe_se_handler_count   0000000000000000     <absolute>
 0000:00000000       __enclave_config           0000000000000000     <absolute>
 0000:00000000       ___safe_se_handler_table   0000000000000000     <absolute>
 0000:00000000       __guard_fids_table         0000000000000000     <absolute>
 0000:00000000       __hybrid_auxiliary_iat     0000000000000000     <absolute>
 0000:00000000       __dynamic_value_reloc_table 0000000000000000     <absolute>
 0000:00000100       __guard_flags              0000000000000100     <absolute>
 0000:00000000       __ImageBase                0000000180000000     <linker-defined>
 0001:00000070       ?Read@Buffer@woff2@@QEAA_NPEAE_K@Z 0000000180001070 f i font.obj
 0001:000000f0       ?ReadU16@Buffer@woff2@@QEAA_NPEAG@Z 00000001800010f0 f i font.obj
 0001:00000120       ??A?$map@IIU?$less@I@std@@V?$allocator@U?$pair@$$CBII@std@@@2@@std@@QEAAAEAIAEBI@Z 0000000180001120 f i font.obj
 0001:000001f0       ?_Tidy@?$_Tree@V?$_Tmap_traits@IIU?$less@I@std@@V?$allocator@U?$pair@$$CBII@std@@@2@$0A@@std@@@std@@IEAAXXZ 00000001800011f0 f i font.obj
 0001:00000280       ?_Tidy@?$vector@IV?$allocator@I@std@@@std@@AEAAXXZ 0000000180001280 f i font.obj
 0001:000002e0       ?_Erase@?$_Tree@V?$_Tmap_traits@IIU?$less@I@std@@V?$allocator@U?$pair@$$CBII@std@@@2@$0A@@std@@@std@@IEAAXPEAU?$_Tree_node@U?$pair@$$CBII@std@@PEAX@2@@Z 00000001800012e0 f i font.obj
 0001:000002e0       ?_Erase@?$_Tree@V?$_Tmap_traits@U?$pair@II@std@@IU?$less@U?$pair@II@std@@@2@V?$allocator@U?$pair@$$CBU?$pair@II@std@@I@std@@@2@$0A@@std@@@std@@IEAAXPEAU?$_Tree_node@U?$pair@$$CBU?$pair@II@std@@I@std@@PEAX@2@@Z 00000001800012e0 f i woff2_dec.obj
 0001:000002e0       ?_Erase@?$_Tree@V?$_Tmap_traits@IGU?$less@I@std@@V?$allocator@U?$pair@$$CBIG@std@@@2@$0A@@std@@@std@@IEAAXPEAU?$_Tree_node@U?$pair@$$CBIG@std@@PEAX@2@@Z 00000001800012e0 f i woff2_dec.obj
 0001:00000340       ??$_Emplace_reallocate@AEBI@?$vector@IV?$allocator@I@std@@@std@@QEAAPEAIQEAIAEBI@Z 0000000180001340 f i font.obj
 0001:000004e0       ?_Xlength@?$vector@GV?$allocator@G@std@@@std@@CAXXZ 00000001800014e0 f i transform.obj
 0001:000004e0       ?_Xlength@?$vector@PEAUTable@woff2@@V?$allocator@PEAUTable@woff2@@@std@@@std@@CAXXZ 00000001800014e0 f i woff2_dec.obj
 0001:000004e0       ?_Xlength@?$vector@IV?$allocator@I@std@@@std@@CAXXZ 00000001800014e0 f i font.obj
 0001:000004e0       ?_Xlength@?$vector@EV?$allocator@E@std@@@std@@CAXXZ 00000001800014e0 f i font.obj
 0001:000004e0       ?_Xlength@?$vector@UTable@woff2@@V?$allocator@UTable@woff2@@@std@@@std@@CAXXZ 00000001800014e0 f i woff2_dec.obj
 0001:000004e0       ?_Xlength@?$vector@FV?$allocator@F@std@@@std@@CAXXZ 00000001800014e0 f i transform.obj
 0001:00000500       ??$_Insert_hint@AEAU?$pair@$$CBII@std@@PEAU?$_Tree_node@U?$pair@$$CBII@std@@PEAX@2@@?$_Tree@V?$_Tmap_traits@IIU?$less@I@std@@V?$allocator@U?$pair@$$CBII@std@@@2@$0A@@std@@@std@@IEAA?AV?$_Tree_iterator@V?$_Tree_val@U?$_Tree_simple_types@U?$pair@$$CBII@std@@@std@@@std@@@1@V?$_Tree_const_iterator@V?$_Tree_val@U?$_Tree_simple_types@U?$pair@$$CBII@std@@@std@@@std@@@1@AEAU?$pair@$$CBII@1@PEAU?$_Tree_node@U?$pair@$$CBII@std@@PEAX@1@@Z 0000000180001500 f i font.obj
 0001:00000500       ??$_Insert_hint@AEAU?$pair@$$CBIG@std@@PEAU?$_Tree_node@U?$pair@$$CBIG@std@@PEAX@2@@?$_Tree@V?$_Tmap_traits@IGU?$less@I@std@@V?$allocator@U?$pair@$$CBIG@std@@@2@$0A@@std@@@std@@IEAA?AV?$_Tree_iterator@V?$_Tree_val@U?$_Tree_simple_types@U?$pair@$$CBIG@std@@@std@@@std@@@1@V?$_Tree_const_iterator@V?$_Tree_val@U?$_Tree_simple_types@U?$pair@$$CBIG@std@@@std@@@std@@@1@AEAU?$pair@$$CBIG@1@PEAU?$_Tree_node@U?$pair@$$CBIG@std@@PEAX@1@@Z 0000000180001500 f i woff2_dec.obj
 0001:00000820       ?_Destroy_if_node@?$_Tree@V?$_Tmap_traits@U?$pair@II@std@@IU?$less@U?$pair@II@std@@@2@V?$allocator@U?$pair@$$CBU?$pair@II@std@@I@std@@@2@$0A@@std@@@std@@IEAAXPEAU?$_Tree_node@U?$pair@$$CBU?$pair@II@std@@I@std@@PEAX@2@@Z 0000000180001820 f i woff2_dec.obj
 0001:00000820       ?_Destroy_if_node@?$_Tree@V?$_Tmap_traits@IGU?$less@I@std@@V?$allocator@U?$pair@$$CBIG@std@@@2@$0A@@std@@@std@@IEAAXPEAU?$_Tree_node@U?$pair@$$CBIG@std@@PEAX@2@@Z 0000000180001820 f i woff2_dec.obj
 0001:00000820       ?_Destroy_if_node@?$_Tree@V?$_Tmap_traits@IIU?$less@I@std@@V?$allocator@U?$pair@$$CBII@std@@@2@$0A@@std@@@std@@IEAAXPEAU?$_Tree_node@U?$pair@$$CBII@std@@PEAX@2@@Z 0000000180001820 f i font.obj
 0001:00000830       ??$_Insert_at@AEAU?$pair@$$CBII@std@@PEAU?$_Tree_node@U?$pair@$$CBII@std@@PEAX@2@@?$_Tree@V?$_Tmap_traits@IIU?$less@I@std@@V?$allocator@U?$pair@$$CBII@std@@@2@$0A@@std@@@std@@IEAA?AV?$_Tree_iterator@V?$_Tree_val@U?$_Tree_simple_types@U?$pair@$$CBII@std@@@std@@@std@@@1@_NPEAU?$_Tree_node@U?$pair@$$CBII@std@@PEAX@1@AEAU?$pair@$$CBII@1@1@Z 0000000180001830 f i font.obj
 0001:00000830       ??$_Insert_at@AEAU?$pair@$$CBU?$pair@II@std@@I@std@@PEAU?$_Tree_node@U?$pair@$$CBU?$pair@II@std@@I@std@@PEAX@2@@?$_Tree@V?$_Tmap_traits@U?$pair@II@std@@IU?$less@U?$pair@II@std@@@2@V?$allocator@U?$pair@$$CBU?$pair@II@std@@I@std@@@2@$0A@@std@@@std@@IEAA?AV?$_Tree_iterator@V?$_Tree_val@U?$_Tree_simple_types@U?$pair@$$CBU?$pair@II@std@@I@std@@@std@@@std@@@1@_NPEAU?$_Tree_node@U?$pair@$$CBU?$pair@II@std@@I@std@@PEAX@1@AEAU?$pair@$$CBU?$pair@II@std@@I@1@1@Z 0000000180001830 f i woff2_dec.obj
 0001:00000830       ??$_Insert_at@AEAU?$pair@$$CBIG@std@@PEAU?$_Tree_node@U?$pair@$$CBIG@std@@PEAX@2@@?$_Tree@V?$_Tmap_traits@IGU?$less@I@std@@V?$allocator@U?$pair@$$CBIG@std@@@2@$0A@@std@@@std@@IEAA?AV?$_Tree_iterator@V?$_Tree_val@U?$_Tree_simple_types@U?$pair@$$CBIG@std@@@std@@@std@@@1@_NPEAU?$_Tree_node@U?$pair@$$CBIG@std@@PEAX@1@AEAU?$pair@$$CBIG@1@1@Z 0000000180001830 f i woff2_dec.obj
 0001:00000ae0       ??$_Emplace_reallocate@AEBG@?$vector@GV?$allocator@G@std@@@std@@QEAAPEAGQEAGAEBG@Z 0000000180001ae0 f i transform.obj
 0001:00000ae0       ??$_Emplace_reallocate@AEBF@?$vector@FV?$allocator@F@std@@@std@@QEAAPEAFQEAFAEBF@Z 0000000180001ae0 f i transform.obj
 0001:00000c80       ?Read255UShort@woff2@@YA_NPEAVBuffer@1@PEAI@Z 0000000180001c80 f   variable_length.obj
 0001:00000d20       ?ComputeULongSum@woff2@@YAIPEBE_K@Z 0000000180001d20 f   woff2_common.obj
 0001:00000dd0       ??_EWOFF2Out@woff2@@UEAAPEAXI@Z 0000000180001dd0 f i * CIL library *:* CIL module *
 0001:00000dd0       ??_GWOFF2Out@woff2@@UEAAPEAXI@Z 0000000180001dd0 f i woff2_dec.obj
 0001:00000e00       ?Store16@woff2@@YA_KPEAE_KH@Z 0000000180001e00 f i woff2_dec.obj
 0001:00004000       ?ConvertWOFF2ToTTF@woff2@@YA_NPEBE_KPEAVWOFF2Out@1@@Z 0000000180005000 f   woff2_dec.obj
 0001:00004430       ??A?$map@U?$pair@II@std@@IU?$less@U?$pair@II@std@@@2@V?$allocator@U?$pair@$$CBU?$pair@II@std@@I@std@@@2@@std@@QEAAAEAIAEBU?$pair@II@1@@Z 0000000180005430 f i woff2_dec.obj
 0001:000045c0       ?_Delete@?$unique_ptr@$$BY0A@EU?$default_delete@$$BY0A@E@std@@@std@@AEAAXXZ 00000001800055c0 f i woff2_dec.obj
 0001:000045c0       ?_Delete@?$unique_ptr@$$BY0A@UPoint@woff2@@U?$default_delete@$$BY0A@UPoint@woff2@@@std@@@std@@AEAAXXZ 00000001800055c0 f i woff2_dec.obj
 0001:000045d0       ?_Tidy@?$vector@U?$pair@PEBE_K@std@@V?$allocator@U?$pair@PEBE_K@std@@@2@@std@@AEAAXXZ 00000001800055d0 f i woff2_dec.obj
 0001:00004630       ?_Tidy@?$vector@UTable@woff2@@V?$allocator@UTable@woff2@@@std@@@std@@AEAAXXZ 0000000180005630 f i woff2_dec.obj
 0001:000046b0       ??$reset@PEAEX@?$unique_ptr@$$BY0A@EU?$default_delete@$$BY0A@E@std@@@std@@QEAAXPEAE@Z 00000001800056b0 f i woff2_dec.obj
 0001:000046d0       ??$_Emplace_reallocate@PEAUTable@woff2@@@?$vector@PEAUTable@woff2@@V?$allocator@PEAUTable@woff2@@@std@@@std@@QEAAPEAPEAUTable@woff2@@QEAPEAU23@$$QEAPEAU23@@Z 00000001800056d0 f i woff2_dec.obj
 0001:00004ac0       ??$_Resize@V<lambda_06569d7aee9f112244d25d5e54def049>@@@?$vector@FV?$allocator@F@std@@@std@@AEAAX_KV<lambda_06569d7aee9f112244d25d5e54def049>@@@Z 0000000180005ac0 f i woff2_dec.obj
 0001:00004ac0       ??$_Resize@V<lambda_5d91c21a7dab2480088f44d5291e9dfa>@@@?$vector@GV?$allocator@G@std@@@std@@AEAAX_KV<lambda_5d91c21a7dab2480088f44d5291e9dfa>@@@Z 0000000180005ac0 f i woff2_dec.obj
 0001:00004f50       ??$_Resize@V<lambda_f266c3dfe27f71e88ee4d827fba9e497>@@@?$vector@UTable@woff2@@V?$allocator@UTable@woff2@@@std@@@std@@AEAAX_KV<lambda_f266c3dfe27f71e88ee4d827fba9e497>@@@Z 0000000180005f50 f i woff2_dec.obj
 0001:00005260       ?_Change_array@?$vector@UTable@woff2@@V?$allocator@UTable@woff2@@@std@@@std@@AEAAXQEAUTable@woff2@@_K1@Z 0000000180006260 f i woff2_dec.obj
 0001:00005310       ??$_Sort_unchecked@PEAUTable@woff2@@U?$less@X@std@@@std@@YAXPEAUTable@woff2@@0_JU?$less@X@0@@Z 0000000180006310 f i woff2_dec.obj
 0001:00005630       ??$_Partition_by_median_guess_unchecked@PEAUTable@woff2@@U?$less@X@std@@@std@@YA?AU?$pair@PEAUTable@woff2@@PEAU12@@0@PEAUTable@woff2@@0U?$less@X@0@@Z 0000000180006630 f i woff2_dec.obj
 0001:000058e0       ??$_Insert_hint@AEAU?$pair@$$CBU?$pair@II@std@@I@std@@PEAU?$_Tree_node@U?$pair@$$CBU?$pair@II@std@@I@std@@PEAX@2@@?$_Tree@V?$_Tmap_traits@U?$pair@II@std@@IU?$less@U?$pair@II@std@@@2@V?$allocator@U?$pair@$$CBU?$pair@II@std@@I@std@@@2@$0A@@std@@@std@@IEAA?AV?$_Tree_iterator@V?$_Tree_val@U?$_Tree_simple_types@U?$pair@$$CBU?$pair@II@std@@I@std@@@std@@@std@@@1@V?$_Tree_const_iterator@V?$_Tree_val@U?$_Tree_simple_types@U?$pair@$$CBU?$pair@II@std@@I@std@@@std@@@std@@@1@AEAU?$pair@$$CBU?$pair@II@std@@I@1@PEAU?$_Tree_node@U?$pair@$$CBU?$pair@II@std@@I@std@@PEAX@1@@Z 00000001800068e0 f i woff2_dec.obj
 0001:00005b30       ??$_Guess_median_unchecked@PEAUTable@woff2@@U?$less@X@std@@@std@@YAXPEAUTable@woff2@@00U?$less@X@0@@Z 0000000180006b30 f i woff2_dec.obj
 0001:00005f00       ??$_Pop_heap_hole_by_index@PEAUTable@woff2@@U12@U?$less@X@std@@@std@@YAXPEAUTable@woff2@@_J1$$QEAU12@U?$less@X@0@@Z 0000000180006f00 f i woff2_dec.obj
 0001:00006050       ??$_Insert_nohint@AEAU?$pair@$$CBU?$pair@II@std@@I@std@@PEAU?$_Tree_node@U?$pair@$$CBU?$pair@II@std@@I@std@@PEAX@2@@?$_Tree@V?$_Tmap_traits@U?$pair@II@std@@IU?$less@U?$pair@II@std@@@2@V?$allocator@U?$pair@$$CBU?$pair@II@std@@I@std@@@2@$0A@@std@@@std@@IEAA?AU?$pair@V?$_Tree_iterator@V?$_Tree_val@U?$_Tree_simple_types@U?$pair@$$CBU?$pair@II@std@@I@std@@@std@@@std@@@std@@_N@1@_NAEAU?$pair@$$CBU?$pair@II@std@@I@1@PEAU?$_Tree_node@U?$pair@$$CBU?$pair@II@std@@I@std@@PEAX@1@@Z 0000000180007050 f i woff2_dec.obj
 0001:00006350       ??$_Copy_nodes@U_Copy_tag@?$_Tree@V?$_Tmap_traits@IIU?$less@I@std@@V?$allocator@U?$pair@$$CBII@std@@@2@$0A@@std@@@std@@@?$_Tree@V?$_Tmap_traits@IIU?$less@I@std@@V?$allocator@U?$pair@$$CBII@std@@@2@$0A@@std@@@std@@IEAAPEAU?$_Tree_node@U?$pair@$$CBII@std@@PEAX@1@PEAU21@0U_Copy_tag@01@@Z 0000000180007350 f i woff2_dec.obj
 0001:00006420       __local_stdio_printf_options 0000000180007420 f i woff2_info.obj
 0001:00006430       ?Size@WOFF2MemoryOut@woff2@@UEAA_KXZ 0000000180007430 f i woff2_out.obj
 0001:00006440       ??_EWOFF2MemoryOut@woff2@@UEAAPEAXI@Z 0000000180007440 f i * CIL library *:* CIL module *
 0001:00006440       ??_GWOFF2MemoryOut@woff2@@UEAAPEAXI@Z 0000000180007440 f i woff2_out.obj
 0001:00006470       ?Write@WOFF2MemoryOut@woff2@@UEAA_NPEBX_K@Z 0000000180007470 f   woff2_out.obj
 0001:00006480       ?Write@WOFF2MemoryOut@woff2@@UEAA_NPEBX_K1@Z 0000000180007480 f   woff2_out.obj
 0001:000064f0       BrotliWarmupBitReader      00000001800074f0 f   bit_reader.obj
 0001:0000ab70       BrotliDecoderDecompressStream 000000018000bb70 f   decode.obj
 0001:0000c1e0       BrotliBuildCodeLengthsHuffmanTable 000000018000d1e0 f   huffman.obj
 0001:0000c400       BrotliBuildHuffmanTable    000000018000d400 f   huffman.obj
 0001:0000c700       BrotliBuildSimpleHuffmanTable 000000018000d700 f   huffman.obj
 0001:0000c920       BrotliDecoderStateInitWithCustomAllocators 000000018000d920 f   state.obj
 0001:0000ca40       BrotliDecoderStateCleanupAfterMetablock 000000018000da40 f   state.obj
 0001:0000cae0       BrotliDecoderStateCleanup  000000018000dae0 f   state.obj
 0001:0000cc90       ?decode@@YAXAEBV?$FunctionCallbackInfo@VValue@v8@@@Nan@@@Z 000000018000dc90 f   woff2_decode.obj
 0001:0000cf20       ?Init@@YAXV?$Local@VObject@v8@@@v8@@@Z 000000018000df20 f   woff2_decode.obj
 0001:0000d17c       __imp_load_?Value@External@v8@@QEBAPEAXXZ 000000018000e17c f   node:node.exe
 0001:0000d188       __tailMerge_node_exe       000000018000e188     node:node.exe
 0001:0000d201       __imp_load_?New@External@v8@@SA?AV?$Local@VExternal@v8@@@2@PEAVIsolate@2@PEAX@Z 000000018000e201 f   node:node.exe
 0001:0000d20d       __imp_load_?ThrowException@Isolate@v8@@QEAA?AV?$Local@VValue@v8@@@2@V32@@Z 000000018000e20d f   node:node.exe
 0001:0000d219       __imp_load_?GetCurrentContext@Isolate@v8@@QEAA?AV?$Local@VContext@v8@@@2@XZ 000000018000e219 f   node:node.exe
 0001:0000d225       __imp_load_?GetCurrent@Isolate@v8@@SAPEAV12@XZ 000000018000e225 f   node:node.exe
 0001:0000d231       __imp_load_?CreateHandle@HandleScope@v8@@CAPEAPEAVObject@internal@2@PEAVHeapObject@42@PEAV342@@Z 000000018000e231 f   node:node.exe
 0001:0000d23d       __imp_load_??1HandleScope@v8@@QEAA@XZ 000000018000e23d f   node:node.exe
 0001:0000d249       __imp_load_??0HandleScope@v8@@QEAA@PEAVIsolate@1@@Z 000000018000e249 f   node:node.exe
 0001:0000d255       __imp_load_?Error@Exception@v8@@SA?AV?$Local@VValue@v8@@@2@V?$Local@VString@v8@@@2@@Z 000000018000e255 f   node:node.exe
 0001:0000d261       __imp_load_?TypeError@Exception@v8@@SA?AV?$Local@VValue@v8@@@2@V?$Local@VString@v8@@@2@@Z 000000018000e261 f   node:node.exe
 0001:0000d26d       __imp_load_?GetFunction@FunctionTemplate@v8@@QEAA?AV?$MaybeLocal@VFunction@v8@@@2@V?$Local@VContext@v8@@@2@@Z 000000018000e26d f   node:node.exe
 0001:0000d279       __imp_load_?New@FunctionTemplate@v8@@SA?AV?$Local@VFunctionTemplate@v8@@@2@PEAVIsolate@2@P6AXAEBV?$FunctionCallbackInfo@VValue@v8@@@2@@ZV?$Local@VValue@v8@@@2@V?$Local@VSignature@v8@@@2@HW4ConstructorBehavior@2@W4SideEffectType@2@@Z 000000018000e279 f   node:node.exe
 0001:0000d285       __imp_load_?ToLocalEmpty@V8@v8@@CAXXZ 000000018000e285 f   node:node.exe
 0001:0000d291       __imp_load_?Escape@EscapableHandleScope@v8@@AEAAPEAPEAVObject@internal@2@PEAPEAV342@@Z 000000018000e291 f   node:node.exe
 0001:0000d29d       __imp_load_??0EscapableHandleScope@v8@@QEAA@PEAVIsolate@1@@Z 000000018000e29d f   node:node.exe
 0001:0000d2a9       __imp_load_?NewFromUtf8@String@v8@@SA?AV?$MaybeLocal@VString@v8@@@2@PEAVIsolate@2@PEBDW4NewStringType@2@H@Z 000000018000e2a9 f   node:node.exe
 0001:0000d2b5       __imp_load_?SlowGetInternalField@Object@v8@@AEAA?AV?$Local@VValue@v8@@@2@H@Z 000000018000e2b5 f   node:node.exe
 0001:0000d2c1       __imp_load_?SetInternalField@Object@v8@@QEAAXHV?$Local@VValue@v8@@@2@@Z 000000018000e2c1 f   node:node.exe
 0001:0000d2cd       __imp_load_?Set@Object@v8@@QEAA?AV?$Maybe@_N@2@V?$Local@VContext@v8@@@2@V?$Local@VValue@v8@@@2@1@Z 000000018000e2cd f   node:node.exe
 0001:0000d2d9       __imp_load_?SetInternalFieldCount@ObjectTemplate@v8@@QEAAXH@Z 000000018000e2d9 f   node:node.exe
 0001:0000d2e5       __imp_load_?NewInstance@ObjectTemplate@v8@@QEAA?AV?$MaybeLocal@VObject@v8@@@2@V?$Local@VContext@v8@@@2@@Z 000000018000e2e5 f   node:node.exe
 0001:0000d2f1       __imp_load_?New@ObjectTemplate@v8@@SA?AV?$Local@VObjectTemplate@v8@@@2@PEAVIsolate@2@V?$Local@VFunctionTemplate@v8@@@2@@Z 000000018000e2f1 f   node:node.exe
 0001:0000d2fd       __imp_load_node_module_register 000000018000e2fd f   node:node.exe
 0001:0000d309       __imp_load_?HasInstance@Buffer@node@@YA_NV?$Local@VObject@v8@@@v8@@@Z 000000018000e309 f   node:node.exe
 0001:0000d315       __imp_load_?New@Buffer@node@@YA?AV?$MaybeLocal@VObject@v8@@@v8@@PEAVIsolate@4@PEAD_K@Z 000000018000e315 f   node:node.exe
 0001:0000d321       __imp_load_?Data@Buffer@node@@YAPEADV?$Local@VObject@v8@@@v8@@@Z 000000018000e321 f   node:node.exe
 0001:0000d32d       __imp_load_?Length@Buffer@node@@YA_KV?$Local@VObject@v8@@@v8@@@Z 000000018000e32d f   node:node.exe
 0001:0000d339       __imp_load_?ToObject@Value@v8@@QEBA?AV?$Local@VObject@v8@@@2@XZ 000000018000e339 f   node:node.exe
 0001:0000d348       ??0bad_alloc@std@@QEAA@AEBV01@@Z 000000018000e348 f i libcpmt:xthrow.obj
 0001:0000d388       ??0bad_alloc@std@@QEAA@XZ  000000018000e388 f i libcpmt:xthrow.obj
 0001:0000d3a8       ??0exception@std@@QEAA@AEBV01@@Z 000000018000e3a8 f i libcpmt:xthrow.obj
 0001:0000d3e0       ??0length_error@std@@QEAA@AEBV01@@Z 000000018000e3e0 f i libcpmt:xthrow.obj
 0001:0000d420       ??0length_error@std@@QEAA@PEBD@Z 000000018000e420 f i libcpmt:xthrow.obj
 0001:0000d46c       ??0logic_error@std@@QEAA@AEBV01@@Z 000000018000e46c f i libcpmt:xthrow.obj
 0001:0000d4ac       ??1bad_exception@std@@UEAA@XZ 000000018000e4ac f i libvcruntime:frame.obj
 0001:0000d4ac       ??1bad_alloc@std@@UEAA@XZ  000000018000e4ac f i libcpmt:xthrow.obj
 0001:0000d4ac       ??1length_error@std@@UEAA@XZ 000000018000e4ac f i libcpmt:xthrow.obj
 0001:0000d4ac       ??1bad_array_new_length@std@@UEAA@XZ 000000018000e4ac f i LIBCMT:throw_bad_alloc.obj
 0001:0000d4c0       ??_Elength_error@std@@UEAAPEAXI@Z 000000018000e4c0 f i libcpmt:xthrow.obj
 0001:0000d4c0       ??_Gbad_exception@std@@UEAAPEAXI@Z 000000018000e4c0 f i libvcruntime:frame.obj
 0001:0000d4c0       ??_Ebad_alloc@std@@UEAAPEAXI@Z 000000018000e4c0 f i libcpmt:xthrow.obj
 0001:0000d4c0       ??_Gexception@std@@UEAAPEAXI@Z 000000018000e4c0 f i libcpmt:xthrow.obj
 0001:0000d4c0       ??_Elogic_error@std@@UEAAPEAXI@Z 000000018000e4c0 f i libcpmt:xthrow.obj
 0001:0000d4c0       ??_Ebad_array_new_length@std@@UEAAPEAXI@Z 000000018000e4c0 f i LIBCMT:throw_bad_alloc.obj
 0001:0000d4c0       ??_Ebad_exception@std@@UEAAPEAXI@Z 000000018000e4c0 f i libvcruntime:frame.obj
 0001:0000d4c0       ??_Glogic_error@std@@UEAAPEAXI@Z 000000018000e4c0 f i libcpmt:xthrow.obj
 0001:0000d4c0       ??_Gbad_array_new_length@std@@UEAAPEAXI@Z 000000018000e4c0 f i LIBCMT:throw_bad_alloc.obj
 0001:0000d4c0       ??_Eexception@std@@UEAAPEAXI@Z 000000018000e4c0 f i libcpmt:xthrow.obj
 0001:0000d4c0       ??_Glength_error@std@@UEAAPEAXI@Z 000000018000e4c0 f i libcpmt:xthrow.obj
 0001:0000d4c0       ??_Gbad_alloc@std@@UEAAPEAXI@Z 000000018000e4c0 f i libcpmt:xthrow.obj
 0001:0000d504       ?_Xlength_error@std@@YAXPEBD@Z 000000018000e504 f   libcpmt:xthrow.obj
 0001:0000d528       ?what@exception@std@@UEBAPEBDXZ 000000018000e528 f i libcpmt:xthrow.obj
 0001:0000d53c       ??0_Init_locks@std@@QEAA@XZ 000000018000e53c f   libcpmt:xlock.obj
 0001:0000d588       ??1_Init_locks@std@@QEAA@XZ 000000018000e588 f   libcpmt:xlock.obj
 0001:0000d5cc       ??1_Fac_tidy_reg_t@std@@QEAA@XZ 000000018000e5cc f i libcpmt:locale0.obj
 0001:0000d634       _Mtxdst                    000000018000e634 f   libcpmt:xmtx.obj
 0001:0000d63c       _Mtxinit                   000000018000e63c f   libcpmt:xmtx.obj
 0001:0000db1c       __crtInitializeCriticalSectionEx 000000018000eb1c f   libcpmt:winapisupp.obj
 0001:0000db60       __security_check_cookie    000000018000eb60 f   LIBCMT:amdsecgs.obj
 0001:0000db84       ??2@YAPEAX_K@Z             000000018000eb84 f   LIBCMT:new_scalar.obj
 0001:0000dbc0       ??_V@YAXPEAX@Z             000000018000ebc0 f   LIBCMT:delete_array.obj
 0001:0000dbc0       ??3@YAXPEAX_K@Z            000000018000ebc0 f   LIBCMT:delete_scalar_size.obj
 0001:0000dbc8       ??_U@YAPEAX_K@Z            000000018000ebc8 f   LIBCMT:new_array.obj
 0001:0000dbd0       __raise_securityfailure    000000018000ebd0 f   LIBCMT:gs_report.obj
 0001:0000dc04       __report_gsfailure         000000018000ec04 f   LIBCMT:gs_report.obj
 0001:0000dcd8       __report_rangecheckfailure 000000018000ecd8 f   LIBCMT:gs_report.obj
 0001:0000dcec       __report_securityfailure   000000018000ecec f   LIBCMT:gs_report.obj
 0001:0000e19c       _DllMainCRTStartup         000000018000f19c f   LIBCMT:dll_dllmain.obj
 0001:0000e1dc       ??_Gtype_info@@UEAAPEAXI@Z 000000018000f1dc f i LIBCMT:std_type_info_static.obj
 0001:0000e1dc       ??_Etype_info@@UEAAPEAXI@Z 000000018000f1dc f i LIBCMT:std_type_info_static.obj
 0001:0000e208       __scrt_acquire_startup_lock 000000018000f208 f   LIBCMT:utility.obj
 0001:0000e244       __scrt_dllmain_after_initialize_c 000000018000f244 f   LIBCMT:utility.obj
 0001:0000e278       __scrt_dllmain_before_initialize_c 000000018000f278 f   LIBCMT:utility.obj
 0001:0000e290       __scrt_dllmain_crt_thread_attach 000000018000f290 f   LIBCMT:utility.obj
 0001:0000e2b8       __scrt_dllmain_crt_thread_detach 000000018000f2b8 f   LIBCMT:utility.obj
 0001:0000e2d0       __scrt_dllmain_exception_filter 000000018000f2d0 f   LIBCMT:utility.obj
 0001:0000e330       __scrt_dllmain_uninitialize_c 000000018000f330 f   LIBCMT:utility.obj
 0001:0000e360       __scrt_dllmain_uninitialize_critical 000000018000f360 f   LIBCMT:utility.obj
 0001:0000e374       __scrt_initialize_crt      000000018000f374 f   LIBCMT:utility.obj
 0001:0000e3c0       __scrt_initialize_onexit_tables 000000018000f3c0 f   LIBCMT:utility.obj
 0001:0000e498       __scrt_is_nonwritable_in_current_image 000000018000f498 f   LIBCMT:utility.obj
 0001:0000e534       __scrt_release_startup_lock 000000018000f534 f   LIBCMT:utility.obj
 0001:0000e558       __scrt_uninitialize_crt    000000018000f558 f   LIBCMT:utility.obj
 0001:0000e584       _onexit                    000000018000f584 f   LIBCMT:utility.obj
 0001:0000e5d4       atexit                     000000018000f5d4 f   LIBCMT:utility.obj
 0001:0000e5ec       __GSHandlerCheck           000000018000f5ec f   LIBCMT:gshandler.obj
 0001:0000e60c       __GSHandlerCheckCommon     000000018000f60c f   LIBCMT:gshandler.obj
 0001:0000e668       _guard_check_icall_nop     000000018000f668 f i LIBCMT:guard_support.obj
 0001:0000e680       _alloca_probe              000000018000f680 f   LIBCMT:chkstk.obj
 0001:0000e680       __chkstk                   000000018000f680 f   LIBCMT:chkstk.obj
 0001:0000e6d4       ??0bad_array_new_length@std@@QEAA@AEBV01@@Z 000000018000f6d4 f i LIBCMT:throw_bad_alloc.obj
 0001:0000e714       ??0bad_array_new_length@std@@QEAA@XZ 000000018000f714 f i LIBCMT:throw_bad_alloc.obj
 0001:0000e734       ?__scrt_throw_std_bad_alloc@@YAXXZ 000000018000f734 f   LIBCMT:throw_bad_alloc.obj
 0001:0000e754       ?__scrt_throw_std_bad_array_new_length@@YAXXZ 000000018000f754 f   LIBCMT:throw_bad_alloc.obj
 0001:0000e774       ??3@YAXPEAX@Z              000000018000f774 f   LIBCMT:delete_scalar.obj
 0001:0000e77c       __security_init_cookie     000000018000f77c f   LIBCMT:gs_support.obj
 0001:0000e828       _get_startup_argv_mode     000000018000f828 f   LIBCMT:argv_mode.obj
 0001:0000e828       DllMain                    000000018000f828 f   LIBCMT:dll_dllmain_stub.obj
 0001:0000e830       ?__scrt_initialize_type_info@@YAXXZ 000000018000f830 f   LIBCMT:tncleanup.obj
 0001:0000e840       ?__scrt_uninitialize_type_info@@YAXXZ 000000018000f840 f   LIBCMT:tncleanup.obj
 0001:0000e84c       __local_stdio_scanf_options 000000018000f84c f i LIBCMT:default_local_stdio_options.obj
 0001:0000e854       __scrt_initialize_default_local_stdio_options 000000018000f854 f   LIBCMT:default_local_stdio_options.obj
 0001:0000e870       __scrt_get_dyn_tls_init_callback 000000018000f870 f   LIBCMT:dyn_tls_init.obj
 0001:0000e878       __crt_debugger_hook        000000018000f878 f   LIBCMT:utility_desktop.obj
 0001:0000e880       __scrt_fastfail            000000018000f880 f   LIBCMT:utility_desktop.obj
 0001:0000e9cc       _RTC_Initialize            000000018000f9cc f   LIBCMT:initsect.obj
 0001:0000ea08       _RTC_Terminate             000000018000fa08 f   LIBCMT:initsect.obj
 0001:0000ea44       __isa_available_init       000000018000fa44 f   LIBCMT:cpu_disp.obj
 0001:0000ebc0       __scrt_is_ucrt_dll_in_use  000000018000fbc0 f   LIBCMT:ucrt_detection.obj
 0001:0000ebd0       _purecall                  000000018000fbd0 f   libvcruntime:purevirt.obj
 0001:0000ec00       __std_exception_copy       000000018000fc00 f   libvcruntime:std_exception.obj
 0001:0000ec90       __std_exception_destroy    000000018000fc90 f   libvcruntime:std_exception.obj
 0001:0000ecb8       _CxxThrowException         000000018000fcb8 f   libvcruntime:throw.obj
 0001:0000ed78       ??$_CallSETranslator@V__FrameHandler3@@@@YAHPEAUEHExceptionRecord@@PEA_KPEAU_CONTEXT@@PEAU_xDISPATCHER_CONTEXT@@PEBU_s_FuncInfo@@K1@Z 000000018000fd78 f i libvcruntime:risctrnsctrl.obj
 0001:0000edcc       ?CatchTryBlock@__FrameHandler3@@SAPEBU_s_TryBlockMapEntry@@PEBU_s_FuncInfo@@H@Z 000000018000fdcc f   libvcruntime:risctrnsctrl.obj
 0001:0000ee24       ?ExecutionInCatch@__FrameHandler3@@SA_NPEAU_xDISPATCHER_CONTEXT@@PEBU_s_FuncInfo@@@Z 000000018000fe24 f   libvcruntime:risctrnsctrl.obj
 0001:0000ee50       ?FrameUnwindToEmptyState@__FrameHandler3@@SAXPEA_KPEAU_xDISPATCHER_CONTEXT@@PEBU_s_FuncInfo@@@Z 000000018000fe50 f   libvcruntime:risctrnsctrl.obj
 0001:0000eeb4       ?GetEstablisherFrame@__FrameHandler3@@SAPEA_KPEA_KPEAU_xDISPATCHER_CONTEXT@@PEBU_s_FuncInfo@@0@Z 000000018000feb4 f   libvcruntime:risctrnsctrl.obj
 0001:0000ef80       ?GetRangeOfTrysToCheck@__FrameHandler3@@SA?AU?$pair@Viterator@TryBlockMap@__FrameHandler3@@V123@@std@@AEAVTryBlockMap@1@HH@Z 000000018000ff80 f   libvcruntime:risctrnsctrl.obj
 0001:0000f0dc       ?UnwindNestedFrames@__FrameHandler3@@SAXPEA_KPEAUEHExceptionRecord@@PEAU_CONTEXT@@0PEAXPEBU_s_FuncInfo@@HHPEBU_s_HandlerType@@PEAU_xDISPATCHER_CONTEXT@@E@Z 00000001800100dc f   libvcruntime:risctrnsctrl.obj
 0001:0000f200       _CreateFrameInfo           0000000180010200 f   libvcruntime:risctrnsctrl.obj
 0001:0000f23c       _FindAndUnlinkFrame        000000018001023c f   libvcruntime:risctrnsctrl.obj
 0001:0000f290       _GetImageBase              0000000180010290 f   libvcruntime:risctrnsctrl.obj
 0001:0000f2a4       _GetThrowImageBase         00000001800102a4 f   libvcruntime:risctrnsctrl.obj
 0001:0000f2b8       _SetImageBase              00000001800102b8 f   libvcruntime:risctrnsctrl.obj
 0001:0000f2d0       _SetThrowImageBase         00000001800102d0 f   libvcruntime:risctrnsctrl.obj
 0001:0000f2e8       __CxxFrameHandler3         00000001800102e8 f   libvcruntime:risctrnsctrl.obj
 0001:0000f380       memcpy_repmovs             0000000180010380 f   libvcruntime:memcpy.obj
 0001:0000f3a0       memmove                    00000001800103a0 f   libvcruntime:memcpy.obj
 0001:0000f3a0       memcpy                     00000001800103a0 f   libvcruntime:memcpy.obj
 0001:0000f7e0       memset_repmovs             00000001800107e0 f   libvcruntime:memset.obj
 0001:0000f800       memset                     0000000180010800 f   libvcruntime:memset.obj
 0001:0000f990       __DestructExceptionObject  0000000180010990 f   libvcruntime:ehhelpers.obj
 0001:0000fa04       ?_CallMemberFunction0@@YAXQEAX0@Z 0000000180010a04 f i libvcruntime:ehhelpers.obj
 0001:0000fa08       _IsExceptionObjectToBeDestroyed 0000000180010a08 f   libvcruntime:ehhelpers.obj
 0001:0000fa38       __AdjustPointer            0000000180010a38 f   libvcruntime:ehhelpers.obj
 0001:0000fa5c       __FrameUnwindFilter        0000000180010a5c f   libvcruntime:ehhelpers.obj
 0001:0000faa8       __std_terminate            0000000180010aa8 f   libvcruntime:ehhelpers.obj
 0001:0000fad0       memchr                     0000000180010ad0 f   libvcruntime:memchr.obj
 0001:0000fb50       memcmp                     0000000180010b50 f   libvcruntime:memcmp.obj
 0001:0000fc18       __C_specific_handler       0000000180010c18 f   libvcruntime:riscchandler.obj
 0001:0000fe24       __vcrt_initialize          0000000180010e24 f   libvcruntime:initialization.obj
 0001:0000fe58       __vcrt_thread_attach       0000000180010e58 f   libvcruntime:initialization.obj
 0001:0000fe6c       __vcrt_thread_detach       0000000180010e6c f   libvcruntime:initialization.obj
 0001:0000fe80       __vcrt_uninitialize        0000000180010e80 f   libvcruntime:initialization.obj
 0001:0000fea0       __vcrt_uninitialize_critical 0000000180010ea0 f   libvcruntime:initialization.obj
 0001:0000feb0       __std_type_info_compare    0000000180010eb0 f   libvcruntime:std_type_info.obj
 0001:0000fed8       __std_type_info_destroy_list 0000000180010ed8 f   libvcruntime:std_type_info.obj
 0001:0000ff04       __vcrt_initialize_pure_virtual_call_handler 0000000180010f04 f   libvcruntime:purevirt_data.obj
 0001:0000ff14       __vcrt_freefls             0000000180010f14 f   libvcruntime:per_thread_data.obj
 0001:0000ff34       __vcrt_freeptd             0000000180010f34 f   libvcruntime:per_thread_data.obj
 0001:0000ff84       __vcrt_getptd              0000000180010f84 f   libvcruntime:per_thread_data.obj
 0001:0000ffa0       __vcrt_getptd_noexit       0000000180010fa0 f   libvcruntime:per_thread_data.obj
 0001:0001006c       __vcrt_initialize_ptd      000000018001106c f   libvcruntime:per_thread_data.obj
 0001:000100c0       __vcrt_uninitialize_ptd    00000001800110c0 f   libvcruntime:per_thread_data.obj
 0001:000100e4       ?GetCurrentState@__FrameHandler3@@SAHPEA_KPEAU_xDISPATCHER_CONTEXT@@PEBU_s_FuncInfo@@@Z 00000001800110e4 f   libvcruntime:ehstate.obj
 0001:0001010c       ?GetUnwindTryBlock@__FrameHandler3@@SAHPEA_KPEAU_xDISPATCHER_CONTEXT@@PEBU_s_FuncInfo@@@Z 000000018001110c f   libvcruntime:ehstate.obj
 0001:00010138       ?SetState@__FrameHandler3@@SAXPEA_KPEBU_s_FuncInfo@@H@Z 0000000180011138 f   libvcruntime:ehstate.obj
 0001:00010144       ?SetUnwindTryBlock@__FrameHandler3@@SAXPEA_KPEAU_xDISPATCHER_CONTEXT@@PEBU_s_FuncInfo@@H@Z 0000000180011144 f   libvcruntime:ehstate.obj
 0001:00010180       ?StateFromControlPc@__FrameHandler3@@SAHPEBU_s_FuncInfo@@PEAU_xDISPATCHER_CONTEXT@@@Z 0000000180011180 f   libvcruntime:ehstate.obj
 0001:00010188       ?StateFromIp@__FrameHandler3@@SAHPEBU_s_FuncInfo@@PEAU_xDISPATCHER_CONTEXT@@_K@Z 0000000180011188 f   libvcruntime:ehstate.obj
 0001:00010c14       ??$TypeMatchHelper@V__FrameHandler3@@@@YAHPEBU_s_HandlerType@@PEBU_s_CatchableType@@PEBU_s_ThrowInfo@@@Z 0000000180011c14 f i libvcruntime:frame.obj
 0001:00010d58       ??$__InternalCxxFrameHandler@V__FrameHandler3@@@@YA?AW4_EXCEPTION_DISPOSITION@@PEAUEHExceptionRecord@@PEA_KPEAU_CONTEXT@@PEAU_xDISPATCHER_CONTEXT@@PEBU_s_FuncInfo@@H1E@Z 0000000180011d58 f i libvcruntime:frame.obj
 0001:00010fa0       ??0bad_exception@std@@QEAA@AEBV01@@Z 0000000180011fa0 f i libvcruntime:frame.obj
 0001:00010fe0       ??0bad_exception@std@@QEAA@XZ 0000000180011fe0 f i libvcruntime:frame.obj
 0001:00011000       ?CxxCallCatchBlock@__FrameHandler3@@SAPEAXPEAU_EXCEPTION_RECORD@@@Z 0000000180012000 f   libvcruntime:frame.obj
 0001:00011274       ?FrameUnwindToState@__FrameHandler3@@SAXPEA_KPEAU_xDISPATCHER_CONTEXT@@PEBU_s_FuncInfo@@H@Z 0000000180012274 f   libvcruntime:frame.obj
 0001:00011408       ?GetHandlerSearchState@__FrameHandler3@@SAHPEA_KPEAU_xDISPATCHER_CONTEXT@@PEBU_s_FuncInfo@@@Z 0000000180012408 f i libvcruntime:frame.obj
 0001:0001160c       ?_CallMemberFunction1@@YAXQEAX00@Z 000000018001260c f i libvcruntime:frame.obj
 0001:00011618       ?_CallMemberFunction2@@YAXQEAX00H@Z 0000000180012618 f i libvcruntime:frame.obj
 0001:00011640       _NLG_Notify                0000000180012640 f   libvcruntime:notify.obj
 0001:00011660       __NLG_Dispatch2            0000000180012660 f   libvcruntime:notify.obj
 0001:00011670       __NLG_Return2              0000000180012670 f   libvcruntime:notify.obj
 0001:00011674       __except_validate_context_record 0000000180012674 f   libvcruntime:jbcxrval.obj
 0001:000116ac       __vcrt_initialize_locks    00000001800126ac f   libvcruntime:locks.obj
 0001:000116f4       __vcrt_uninitialize_locks  00000001800126f4 f   libvcruntime:locks.obj
 0001:00011904       __vcrt_FlsAlloc            0000000180012904 f   libvcruntime:winapi_downlevel.obj
 0001:0001194c       __vcrt_FlsFree             000000018001294c f   libvcruntime:winapi_downlevel.obj
 0001:00011994       __vcrt_FlsGetValue         0000000180012994 f   libvcruntime:winapi_downlevel.obj
 0001:000119dc       __vcrt_FlsSetValue         00000001800129dc f   libvcruntime:winapi_downlevel.obj
 0001:00011a30       __vcrt_InitializeCriticalSectionEx 0000000180012a30 f   libvcruntime:winapi_downlevel.obj
 0001:00011a94       __vcrt_initialize_winapi_thunks 0000000180012a94 f   libvcruntime:winapi_downlevel.obj
 0001:00011ac4       __vcrt_uninitialize_winapi_thunks 0000000180012ac4 f   libvcruntime:winapi_downlevel.obj
 0001:00011b20       _CallSettingFrame          0000000180012b20 f   libvcruntime:handlers.obj
 0001:00011b70       _CallSettingFrameEncoded   0000000180012b70 f   libvcruntime:handlers.obj
 0001:000122d0       ??$ftprintf@PEAU_iobuf@@PEB_WAEBQEB_WAEBQEB_WAEBI@?$__crt_char_traits@_W@@SAH$$QEAPEAU_iobuf@@$$QEAPEB_WAEBQEB_W2AEBI@Z 00000001800132d0 f i libucrt:assert.obj
 0001:000122f8       _wassert                   00000001800132f8 f   libucrt:assert.obj
 0001:0001236c       fwprintf                   000000018001336c f i libucrt:assert.obj
 0001:000123b0       swprintf                   00000001800133b0 f i libucrt:assert.obj
 0001:00012404       __acrt_call_reportfault    0000000180013404 f   libucrt:invalid_parameter.obj
 0001:00012560       __acrt_initialize_invalid_parameter_handler 0000000180013560 f   libucrt:invalid_parameter.obj
 0001:00012568       _invalid_parameter         0000000180013568 f   libucrt:invalid_parameter.obj
 0001:00012618       _invalid_parameter_noinfo  0000000180013618 f   libucrt:invalid_parameter.obj
 0001:00012638       _invalid_parameter_noinfo_noreturn 0000000180013638 f   libucrt:invalid_parameter.obj
 0001:00012668       _invoke_watson             0000000180013668 f   libucrt:invalid_parameter.obj
 0001:000126b0       abort                      00000001800136b0 f   libucrt:abort.obj
 0001:00012708       _fputc_nolock              0000000180013708 f   libucrt:fputc.obj
 0001:00012720       __acrt_initialize_stdio    0000000180013720 f   libucrt:_file.obj
 0001:00012840       __acrt_iob_func            0000000180013840 f   libucrt:_file.obj
 0001:00012854       __acrt_uninitialize_stdio  0000000180013854 f   libucrt:_file.obj
 0001:000128b0       _lock_file                 00000001800138b0 f   libucrt:_file.obj
 0001:000128bc       _unlock_file               00000001800138bc f   libucrt:_file.obj
 0001:00012ae4       __acrt_stdio_flush_nolock  0000000180013ae4 f   libucrt:fflush.obj
 0001:00012b60       _fflush_nolock             0000000180013b60 f   libucrt:fflush.obj
 0001:00012bac       _flushall                  0000000180013bac f   libucrt:fflush.obj
 0001:00012bb4       fflush                     0000000180013bb4 f   libucrt:fflush.obj
 0001:00012c1c       _fclose_nolock             0000000180013c1c f   libucrt:fclose.obj
 0001:00012ca0       fclose                     0000000180013ca0 f   libucrt:fclose.obj
 0001:00012f18       ??$ensure_buffer_is_big_enough@D@formatting_buffer@__crt_stdio_output@@QEAA_N_K@Z 0000000180013f18 f i libucrt:output.obj
 0001:00012fc0       ??$ensure_buffer_is_big_enough@_W@formatting_buffer@__crt_stdio_output@@QEAA_N_K@Z 0000000180013fc0 f i libucrt:output.obj
 0001:0001306c       ??$is_wide_character_specifier@_W@__crt_stdio_output@@YA_N_K_WW4length_modifier@0@@Z 000000018001406c f i libucrt:output.obj
 0001:000130ac       ??$type_case_integer_parse_into_buffer@I@?$output_processor@_WV?$stream_output_adapter@_W@__crt_stdio_output@@V?$standard_base@_WV?$stream_output_adapter@_W@__crt_stdio_output@@@2@@__crt_stdio_output@@AEAAXII_N@Z 00000001800140ac f i libucrt:output.obj
 0001:000130ac       ??$type_case_integer_parse_into_buffer@I@?$output_processor@_WV?$string_output_adapter@_W@__crt_stdio_output@@V?$standard_base@_WV?$string_output_adapter@_W@__crt_stdio_output@@@2@@__crt_stdio_output@@AEAAXII_N@Z 00000001800140ac f i libucrt:output.obj
 0001:00013150       ??$type_case_integer_parse_into_buffer@_K@?$output_processor@_WV?$string_output_adapter@_W@__crt_stdio_output@@V?$standard_base@_WV?$string_output_adapter@_W@__crt_stdio_output@@@2@@__crt_stdio_output@@AEAAX_KI_N@Z 0000000180014150 f i libucrt:output.obj
 0001:00013150       ??$type_case_integer_parse_into_buffer@_K@?$output_processor@_WV?$stream_output_adapter@_W@__crt_stdio_output@@V?$standard_base@_WV?$stream_output_adapter@_W@__crt_stdio_output@@@2@@__crt_stdio_output@@AEAAX_KI_N@Z 0000000180014150 f i libucrt:output.obj
 0001:000131f4       ??$write_multiple_characters@V?$stream_output_adapter@_W@__crt_stdio_output@@D@__crt_stdio_output@@YAXAEBV?$stream_output_adapter@_W@0@DHQEAH@Z 00000001800141f4 f i libucrt:output.obj
 0001:00013288       ??$write_multiple_characters@V?$string_output_adapter@_W@__crt_stdio_output@@D@__crt_stdio_output@@YAXAEBV?$string_output_adapter@_W@0@DHQEAH@Z 0000000180014288 f i libucrt:output.obj
 0001:00013304       ??0_LocaleUpdate@@QEAA@QEAU__crt_locale_pointers@@@Z 0000000180014304 f i libucrt:output.obj
 0001:000134d4       ?crop_zeroes@__crt_stdio_output@@YAXPEADQEAU__crt_locale_pointers@@@Z 00000001800144d4 f i libucrt:output.obj
 0001:00013540       ?force_decimal_point@__crt_stdio_output@@YAXPEADQEAU__crt_locale_pointers@@@Z 0000000180014540 f i libucrt:output.obj
 0001:000135b0       ?parse_int_from_format_string@?$output_processor@_WV?$stream_output_adapter@_W@__crt_stdio_output@@V?$standard_base@_WV?$stream_output_adapter@_W@__crt_stdio_output@@@2@@__crt_stdio_output@@AEAA_NQEAH@Z 00000001800145b0 f i libucrt:output.obj
 0001:000135b0       ?parse_int_from_format_string@?$output_processor@_WV?$string_output_adapter@_W@__crt_stdio_output@@V?$standard_base@_WV?$string_output_adapter@_W@__crt_stdio_output@@@2@@__crt_stdio_output@@AEAA_NQEAH@Z 00000001800145b0 f i libucrt:output.obj
 0001:00013654       ?process@?$output_processor@_WV?$stream_output_adapter@_W@__crt_stdio_output@@V?$standard_base@_WV?$stream_output_adapter@_W@__crt_stdio_output@@@2@@__crt_stdio_output@@QEAAHXZ 0000000180014654 f i libucrt:output.obj
 0001:000138c0       ?process@?$output_processor@_WV?$string_output_adapter@_W@__crt_stdio_output@@V?$standard_base@_WV?$string_output_adapter@_W@__crt_stdio_output@@@2@@__crt_stdio_output@@QEAAHXZ 00000001800148c0 f i libucrt:output.obj
 0001:00013b3c       ?state_case_size@?$output_processor@_WV?$stream_output_adapter@_W@__crt_stdio_output@@V?$standard_base@_WV?$stream_output_adapter@_W@__crt_stdio_output@@@2@@__crt_stdio_output@@AEAA_NXZ 0000000180014b3c f i libucrt:output.obj
 0001:00013cd4       ?state_case_size@?$output_processor@_WV?$string_output_adapter@_W@__crt_stdio_output@@V?$standard_base@_WV?$string_output_adapter@_W@__crt_stdio_output@@@2@@__crt_stdio_output@@AEAA_NXZ 0000000180014cd4 f i libucrt:output.obj
 0001:00013e6c       ?state_case_type@?$output_processor@_WV?$stream_output_adapter@_W@__crt_stdio_output@@V?$standard_base@_WV?$stream_output_adapter@_W@__crt_stdio_output@@@2@@__crt_stdio_output@@AEAA_NXZ 0000000180014e6c f i libucrt:output.obj
 0001:0001414c       ?state_case_type@?$output_processor@_WV?$string_output_adapter@_W@__crt_stdio_output@@V?$standard_base@_WV?$string_output_adapter@_W@__crt_stdio_output@@@2@@__crt_stdio_output@@AEAA_NXZ 000000018001514c f i libucrt:output.obj
 0001:00014418       ?type_case_Z@?$output_processor@_WV?$stream_output_adapter@_W@__crt_stdio_output@@V?$standard_base@_WV?$stream_output_adapter@_W@__crt_stdio_output@@@2@@__crt_stdio_output@@AEAA_NXZ 0000000180015418 f i libucrt:output.obj
 0001:00014418       ?type_case_Z@?$output_processor@_WV?$string_output_adapter@_W@__crt_stdio_output@@V?$standard_base@_WV?$string_output_adapter@_W@__crt_stdio_output@@@2@@__crt_stdio_output@@AEAA_NXZ 0000000180015418 f i libucrt:output.obj
 0001:00014494       ?type_case_a@?$output_processor@_WV?$stream_output_adapter@_W@__crt_stdio_output@@V?$standard_base@_WV?$stream_output_adapter@_W@__crt_stdio_output@@@2@@__crt_stdio_output@@AEAA_NXZ 0000000180015494 f i libucrt:output.obj
 0001:00014494       ?type_case_a@?$output_processor@_WV?$string_output_adapter@_W@__crt_stdio_output@@V?$standard_base@_WV?$string_output_adapter@_W@__crt_stdio_output@@@2@@__crt_stdio_output@@AEAA_NXZ 0000000180015494 f i libucrt:output.obj
 0001:00014674       ?type_case_c_tchar@?$output_processor@_WV?$string_output_adapter@_W@__crt_stdio_output@@V?$standard_base@_WV?$string_output_adapter@_W@__crt_stdio_output@@@2@@__crt_stdio_output@@AEAA_N_W@Z 0000000180015674 f i libucrt:output.obj
 0001:00014674       ?type_case_c_tchar@?$output_processor@_WV?$stream_output_adapter@_W@__crt_stdio_output@@V?$standard_base@_WV?$stream_output_adapter@_W@__crt_stdio_output@@@2@@__crt_stdio_output@@AEAA_N_W@Z 0000000180015674 f i libucrt:output.obj
 0001:0001471c       ?type_case_integer@?$output_processor@_WV?$string_output_adapter@_W@__crt_stdio_output@@V?$standard_base@_WV?$string_output_adapter@_W@__crt_stdio_output@@@2@@__crt_stdio_output@@AEAA_NI_N@Z 000000018001571c f i libucrt:output.obj
 0001:0001471c       ?type_case_integer@?$output_processor@_WV?$stream_output_adapter@_W@__crt_stdio_output@@V?$standard_base@_WV?$stream_output_adapter@_W@__crt_stdio_output@@@2@@__crt_stdio_output@@AEAA_NI_N@Z 000000018001571c f i libucrt:output.obj
 0001:000148e8       ?type_case_n@?$output_processor@_WV?$stream_output_adapter@_W@__crt_stdio_output@@V?$standard_base@_WV?$stream_output_adapter@_W@__crt_stdio_output@@@2@@__crt_stdio_output@@AEAA_NXZ 00000001800158e8 f i libucrt:output.obj
 0001:000148e8       ?type_case_n@?$output_processor@_WV?$string_output_adapter@_W@__crt_stdio_output@@V?$standard_base@_WV?$string_output_adapter@_W@__crt_stdio_output@@@2@@__crt_stdio_output@@AEAA_NXZ 00000001800158e8 f i libucrt:output.obj
 0001:000149c4       ?type_case_s@?$output_processor@_WV?$stream_output_adapter@_W@__crt_stdio_output@@V?$standard_base@_WV?$stream_output_adapter@_W@__crt_stdio_output@@@2@@__crt_stdio_output@@AEAA_NXZ 00000001800159c4 f i libucrt:output.obj
 0001:000149c4       ?type_case_s@?$output_processor@_WV?$string_output_adapter@_W@__crt_stdio_output@@V?$standard_base@_WV?$string_output_adapter@_W@__crt_stdio_output@@@2@@__crt_stdio_output@@AEAA_NXZ 00000001800159c4 f i libucrt:output.obj
 0001:00014a8c       ?write_stored_string_tchar@?$output_processor@_WV?$stream_output_adapter@_W@__crt_stdio_output@@V?$standard_base@_WV?$stream_output_adapter@_W@__crt_stdio_output@@@2@@__crt_stdio_output@@AEAA_N_W@Z 0000000180015a8c f i libucrt:output.obj
 0001:00014b94       ?write_stored_string_tchar@?$output_processor@_WV?$string_output_adapter@_W@__crt_stdio_output@@V?$standard_base@_WV?$string_output_adapter@_W@__crt_stdio_output@@@2@@__crt_stdio_output@@AEAA_N_W@Z 0000000180015b94 f i libucrt:output.obj
 0001:00014c80       ?write_string@?$string_output_adapter@_W@__crt_stdio_output@@QEBAXQEB_WHQEAHAEAV__crt_deferred_errno_cache@@@Z 0000000180015c80 f i libucrt:output.obj
 0001:00014d28       ?write_string_impl@?$output_adapter_common@_WV?$stream_output_adapter@_W@__crt_stdio_output@@@__crt_stdio_output@@IEBAXQEB_WHQEAHAEAV__crt_deferred_errno_cache@@@Z 0000000180015d28 f i libucrt:output.obj
 0001:00014e2c       __stdio_common_vfwprintf   0000000180015e2c f   libucrt:output.obj
 0001:00014eb8       __stdio_common_vswprintf   0000000180015eb8 f   libucrt:output.obj
 0001:00014fe0       setvbuf                    0000000180015fe0 f   libucrt:setvbuf.obj
 0001:0001507c       free                       000000018001607c f   libucrt:free.obj
 0001:00015090       malloc                     0000000180016090 f   libucrt:malloc.obj
 0001:00015304       __acrt_initialize_thread_local_exit_callback 0000000180016304 f   libucrt:exit.obj
 0001:0001530c       _cexit                     000000018001630c f   libucrt:exit.obj
 0001:0001531c       _exit                      000000018001631c f   libucrt:exit.obj
 0001:00015328       _is_c_termination_complete 0000000180016328 f   libucrt:exit.obj
 0001:00015330       calloc                     0000000180016330 f   libucrt:calloc.obj
 0001:00015338       realloc                    0000000180016338 f   libucrt:realloc.obj
 0001:00015340       __ascii_stricmp            0000000180016340 f   libucrt:stricmp.obj
 0001:00015380       _stricmp                   0000000180016380 f   libucrt:stricmp.obj
 0001:000153c8       _stricmp_l                 00000001800163c8 f   libucrt:stricmp.obj
 0001:0001547c       __acrt_initialize_locks    000000018001647c f   libucrt:locks.obj
 0001:000154c4       __acrt_lock                00000001800164c4 f   libucrt:locks.obj
 0001:000154e0       __acrt_uninitialize_locks  00000001800164e0 f   libucrt:locks.obj
 0001:00015518       __acrt_unlock              0000000180016518 f   libucrt:locks.obj
 0001:00015534       terminate                  0000000180016534 f   libucrt:terminate.obj
 0001:00015554       __pctype_func              0000000180016554 f   libucrt:ctype.obj
 0001:00015584       isdigit                    0000000180016584 f i libucrt:_ctype.obj
 0001:00015618       __acrt_errno_from_os_error 0000000180016618 f   libucrt:errno.obj
 0001:00015660       __acrt_errno_map_os_error  0000000180016660 f   libucrt:errno.obj
 0001:000156b0       __doserrno                 00000001800166b0 f   libucrt:errno.obj
 0001:000156d0       _errno                     00000001800166d0 f   libucrt:errno.obj
 0001:000156f0       ?divide@__crt_strtox@@YA_KAEAUbig_integer@1@AEBU21@@Z 00000001800166f0 f i libucrt:strtod.obj
 0001:00015bb0       pow                        0000000180016bb0 f   libucrt:pow.obj
 0001:00017250       powf                       0000000180018250 f   libucrt:powf.obj
 0001:00018118       __strncnt                  0000000180019118 f   libucrt:strncnt.obj
 0001:00018130       ??$__acrt_mbs_to_wcs_cp@U__crt_win32_buffer_internal_dynamic_resizing@@@@YAHQEBDAEAV?$__crt_win32_buffer@_WU__crt_win32_buffer_internal_dynamic_resizing@@@@I@Z 0000000180019130 f i libucrt:strftime.obj
 0001:000182a8       ??$__acrt_wcs_to_mbs_cp@U__crt_win32_buffer_no_resizing@@@@YAHQEB_WAEAV?$__crt_win32_buffer@DU__crt_win32_buffer_no_resizing@@@@I@Z 00000001800192a8 f i libucrt:strftime.obj
 0001:0001841c       _tolower_l                 000000018001941c f   libucrt:tolower_toupper.obj
 0001:0001855c       tolower                    000000018001955c f   libucrt:tolower_toupper.obj
 0001:00018588       wcscpy_s                   0000000180019588 f   libucrt:wcscpy_s.obj
 0001:000185f0       wcsnlen                    00000001800195f0 f   libucrt:strnlen.obj
 0001:000187c8       __acrt_initialize_new_handler 00000001800197c8 f   libucrt:new_handler.obj
 0001:000187d0       _callnewh                  00000001800197d0 f   libucrt:new_handler.obj
 0001:00018800       _query_new_handler         0000000180019800 f   libucrt:new_handler.obj
 0001:00018834       _initterm                  0000000180019834 f   libucrt:initterm.obj
 0001:00018898       _initterm_e                0000000180019898 f   libucrt:initterm.obj
 0001:000188d8       _seh_filter_dll            00000001800198d8 f   libucrt:exception_filter.obj
 0001:000188ec       _seh_filter_exe            00000001800198ec f   libucrt:exception_filter.obj
 0001:00018c34       __acrt_allocate_buffer_for_argv 0000000180019c34 f   libucrt:argv_parsing.obj
 0001:00018c94       _configure_narrow_argv     0000000180019c94 f   libucrt:argv_parsing.obj
 0001:0001900c       __dcrt_uninitialize_environments_nolock 000000018001a00c f   libucrt:environment_initialization.obj
 0001:00019044       _initialize_narrow_environment 000000018001a044 f   libucrt:environment_initialization.obj
 0001:0001938c       _crt_atexit                000000018001a38c f   libucrt:onexit.obj
 0001:0001939c       _execute_onexit_table      000000018001a39c f   libucrt:onexit.obj
 0001:000193d8       _initialize_onexit_table   000000018001a3d8 f   libucrt:onexit.obj
 0001:00019400       _register_onexit_function  000000018001a400 f   libucrt:onexit.obj
 0001:00019480       __acrt_uninitialize_command_line 000000018001a480 f   libucrt:argv_data.obj
 0001:00019578       __acrt_initialize          000000018001a578 f   libucrt:initialization.obj
 0001:0001958c       __acrt_thread_attach       000000018001a58c f   libucrt:initialization.obj
 0001:000195a0       __acrt_thread_detach       000000018001a5a0 f   libucrt:initialization.obj
 0001:000195b0       __acrt_uninitialize        000000018001a5b0 f   libucrt:initialization.obj
 0001:000195e8       __acrt_uninitialize_critical 000000018001a5e8 f   libucrt:initialization.obj
 0001:000195f8       strcpy_s                   000000018001a5f8 f   libucrt:strcpy_s.obj
 0001:00019658       wcsncmp                    000000018001a658 f   libucrt:wcsncmp.obj
 0001:00019684       ??$parse_integer@KV?$c_string_character_source@_W@__crt_strtox@@@__crt_strtox@@YAKQEAU__crt_locale_pointers@@V?$c_string_character_source@_W@0@H_N@Z 000000018001a684 f i libucrt:atox.obj
 0001:00019d50       strncmp                    000000018001ad50 f   libucrt:strncmp.obj
 0001:00019dd0       _query_app_type            000000018001add0 f   libucrt:report_runtime_error.obj
 0001:00019f18       _itow_s                    000000018001af18 f   libucrt:xtoa.obj
 0001:00019f38       _set_error_mode            000000018001af38 f   libucrt:set_error_mode.obj
 0001:00019f78       wcscat_s                   000000018001af78 f   libucrt:wcscat_s.obj
 0001:00019ff8       wcsncat_s                  000000018001aff8 f   libucrt:wcsncat_s.obj
 0001:0001a0f8       __acrt_GetModuleFileNameA  000000018001b0f8 f   libucrt:getmodulefilenamea.obj
 0001:0001a218       __acrt_show_wide_message_box 000000018001b218 f   libucrt:crtmbox.obj
 0001:0001a304       __acrt_get_sigabrt_handler 000000018001b304 f   libucrt:signal.obj
 0001:0001a334       __acrt_initialize_signal_handlers 000000018001b334 f   libucrt:signal.obj
 0001:0001a354       raise                      000000018001b354 f   libucrt:signal.obj
 0001:0001a938       __acrt_freeptd             000000018001b938 f   libucrt:per_thread_data.obj
 0001:0001a97c       __acrt_getptd              000000018001b97c f   libucrt:per_thread_data.obj
 0001:0001aa50       __acrt_getptd_head         000000018001ba50 f   libucrt:per_thread_data.obj
 0001:0001aaf8       __acrt_getptd_noexit       000000018001baf8 f   libucrt:per_thread_data.obj
 0001:0001abc4       __acrt_initialize_ptd      000000018001bbc4 f   libucrt:per_thread_data.obj
 0001:0001ac00       __acrt_uninitialize_ptd    000000018001bc00 f   libucrt:per_thread_data.obj
 0001:0001ac24       _fileno                    000000018001bc24 f   libucrt:fileno.obj
 0001:0001ae90       __acrt_stdio_flush_and_write_narrow_nolock 000000018001be90 f   libucrt:_flsbuf.obj
 0001:0001af7c       __acrt_stdio_flush_and_write_wide_nolock 000000018001bf7c f   libucrt:_flsbuf.obj
 0001:0001b264       __acrt_initialize_lowio    000000018001c264 f   libucrt:ioinit.obj
 0001:0001b2a0       __acrt_uninitialize_lowio  000000018001c2a0 f   libucrt:ioinit.obj
 0001:0001b2e0       _calloc_base               000000018001c2e0 f   libucrt:calloc_base.obj
 0001:0001b358       _free_base                 000000018001c358 f   libucrt:free_base.obj
 0001:0001b570       __acrt_AppPolicyGetProcessTerminationMethodInternal 000000018001c570 f   libucrt:winapi_thunks.obj
 0001:0001b5c0       __acrt_AppPolicyGetShowDeveloperDiagnosticInternal 000000018001c5c0 f   libucrt:winapi_thunks.obj
 0001:0001b610       __acrt_AppPolicyGetWindowingModelInternal 000000018001c610 f   libucrt:winapi_thunks.obj
 0001:0001b660       __acrt_AreFileApisANSI     000000018001c660 f   libucrt:winapi_thunks.obj
 0001:0001b69c       __acrt_FlsAlloc            000000018001c69c f   libucrt:winapi_thunks.obj
 0001:0001b6e4       __acrt_FlsFree             000000018001c6e4 f   libucrt:winapi_thunks.obj
 0001:0001b72c       __acrt_FlsGetValue         000000018001c72c f   libucrt:winapi_thunks.obj
 0001:0001b774       __acrt_FlsSetValue         000000018001c774 f   libucrt:winapi_thunks.obj
 0001:0001b7c8       __acrt_InitializeCriticalSectionEx 000000018001c7c8 f   libucrt:winapi_thunks.obj
 0001:0001b82c       __acrt_LCMapStringEx       000000018001c82c f   libucrt:winapi_thunks.obj
 0001:0001b908       __acrt_LocaleNameToLCID    000000018001c908 f   libucrt:winapi_thunks.obj
 0001:0001b958       __acrt_MessageBoxW         000000018001c958 f   libucrt:winapi_thunks.obj
 0001:0001b9cc       __acrt_can_show_message_box 000000018001c9cc f   libucrt:winapi_thunks.obj
 0001:0001ba3c       __acrt_get_parent_window   000000018001ca3c f   libucrt:winapi_thunks.obj
 0001:0001bab4       __acrt_initialize_winapi_thunks 000000018001cab4 f   libucrt:winapi_thunks.obj
 0001:0001bae8       __acrt_is_interactive      000000018001cae8 f   libucrt:winapi_thunks.obj
 0001:0001bbb0       __acrt_uninitialize_winapi_thunks 000000018001cbb0 f   libucrt:winapi_thunks.obj
 0001:0001bbf4       _fcloseall                 000000018001cbf4 f   libucrt:closeall.obj
 0001:0001bca8       __acrt_stdio_free_buffer_nolock 000000018001cca8 f   libucrt:_freebuf.obj
 0001:0001bd74       _commit                    000000018001cd74 f   libucrt:commit.obj
 0001:0001c674       _write                     000000018001d674 f   libucrt:write.obj
 0001:0001c760       _write_nolock              000000018001d760 f   libucrt:write.obj
 0001:0001cab0       _close                     000000018001dab0 f   libucrt:close.obj
 0001:0001cb54       _close_nolock              000000018001db54 f   libucrt:close.obj
 0001:0001cc14       ?__acrt_stdio_free_stream@@YAXV__crt_stdio_stream@@@Z 000000018001dc14 f   libucrt:stream.obj
 0001:0001cc30       _malloc_base               000000018001dc30 f   libucrt:malloc_base.obj
 0001:0001cc90       wcstol                     000000018001dc90 f   libucrt:strtox.obj
 0001:0001ccbc       _mbtowc_l                  000000018001dcbc f   libucrt:mbtowc.obj
 0001:0001ce38       mbtowc                     000000018001de38 f   libucrt:mbtowc.obj
 0001:0001ce40       _wctomb_s_l                000000018001de40 f   libucrt:wctomb.obj
 0001:0001cfe0       wctomb_s                   000000018001dfe0 f   libucrt:wctomb.obj
 0001:0001cff4       __acrt_update_locale_info  000000018001dff4 f   libucrt:locale_update.obj
 0001:0001d028       __acrt_update_multibyte_info 000000018001e028 f   libucrt:locale_update.obj
 0001:0001da30       __acrt_fp_format           000000018001ea30 f   libucrt:cvt.obj
 0001:0001dcb8       _fputwc_nolock             000000018001ecb8 f   libucrt:fputwc.obj
 0001:0001de34       _get_printf_count_output   000000018001ee34 f   libucrt:printf_count_output.obj
 0001:0001de4c       __acrt_stdio_begin_temporary_buffering_nolock 000000018001ee4c f   libucrt:_sftbuf.obj
 0001:0001df1c       __acrt_stdio_end_temporary_buffering_nolock 000000018001ef1c f   libucrt:_sftbuf.obj
 0001:0001dfc8       __acrt_set_locale_changed  000000018001efc8 f   libucrt:wsetlocale.obj
 0001:0001dfd4       __acrt_uninitialize_locale 000000018001efd4 f   libucrt:wsetlocale.obj
 0001:0001e004       __acrt_stdio_allocate_buffer_nolock 000000018001f004 f   libucrt:_getbuf.obj
 0001:0001e1f8       _lseeki64                  000000018001f1f8 f   libucrt:lseek.obj
 0001:0001e200       _lseeki64_nolock           000000018001f200 f   libucrt:lseek.obj
 0001:0001e32c       _handle_error              000000018001f32c f   libucrt:libm_error.obj
 0001:0001e454       _handle_errorf             000000018001f454 f   libucrt:libm_error.obj
 0001:0001e588       _handle_nan                000000018001f588 f   libucrt:libm_error.obj
 0001:0001e5a4       _handle_nanf               000000018001f5a4 f   libucrt:libm_error.obj
 0001:0001e5b4       __acrt_get_developer_information_policy 000000018001f5b4 f   libucrt:win_policies.obj
 0001:0001e608       __acrt_get_process_end_policy 000000018001f608 f   libucrt:win_policies.obj
 0001:0001e644       __acrt_get_windowing_model_policy 000000018001f644 f   libucrt:win_policies.obj
 0001:0001e6b0       _realloc_base              000000018001f6b0 f   libucrt:realloc_base.obj
 0001:0001e72c       _isctype_l                 000000018001f72c f   libucrt:isctype.obj
 0001:0001e83c       __acrt_GetStringTypeA      000000018001f83c f   libucrt:getstringtypea.obj
 0001:0001ece4       __acrt_LCMapStringA        000000018001fce4 f   libucrt:lcmapstringa.obj
 0001:0001ed7c       iswctype                   000000018001fd7c f   libucrt:iswctype.obj
 0001:0001edec       _raise_exc                 000000018001fdec f   libucrt:fpexcept.obj
 0001:0001ee14       _raise_exc_ex              000000018001fe14 f   libucrt:fpexcept.obj
 0001:0001f124       _raise_excf                0000000180020124 f   libucrt:fpexcept.obj
 0001:0001f150       _set_errno_from_matherr    0000000180020150 f   libucrt:fpexcept.obj
 0001:0001f180       _clrfp                     0000000180020180 f   libucrt:fpctrl.obj
 0001:0001f1a0       _ctrlfp                    00000001800201a0 f   libucrt:fpctrl.obj
 0001:0001f21c       _set_statfp                000000018002021c f   libucrt:fpctrl.obj
 0001:0001f23c       _statfp                    000000018002023c f   libucrt:fpctrl.obj
 0001:0001f250       __acrt_initialize_fma3     0000000180020250 f   libucrt:fma3_available.obj
 0001:0001f2c0       _pow_special               00000001800202c0 f   libucrt:pow_special.obj
 0001:0001f3e4       _powf_special              00000001800203e4 f   libucrt:pow_special.obj
 0001:0001f570       __acrt_MultiByteToWideChar 0000000180020570 f   libucrt:multibytetowidechar.obj
 0001:0001f5cc       __acrt_WideCharToMultiByte 00000001800205cc f   libucrt:widechartomultibyte.obj
 0001:0001f664       __acrt_initialize_timeset  0000000180020664 f   libucrt:timeset.obj
 0001:0001f6a8       _isleadbyte_l              00000001800206a8 f i libucrt:_wctype.obj
 0001:0001f708       ??$__acrt_wcs_to_mbs_cp@U__crt_win32_buffer_internal_dynamic_resizing@@@@YAHQEB_WAEAV?$__crt_win32_buffer@DU__crt_win32_buffer_internal_dynamic_resizing@@@@I@Z 0000000180020708 f i libucrt:argv_wildcards.obj
 0001:0001ff38       __acrt_expand_narrow_argv_wildcards 0000000180020f38 f   libucrt:argv_wildcards.obj
 0001:0002066c       __acrt_initialize_multibyte 000000018002166c f   libucrt:mbctype.obj
 0001:000206cc       __acrt_update_thread_multibyte_data 00000001800216cc f   libucrt:mbctype.obj
 0001:000206e8       _setmbcp_nolock            00000001800216e8 f   libucrt:mbctype.obj
 0001:00020a1c       _ismbblead                 0000000180021a1c f   libucrt:ismbbyte.obj
 0001:00020a30       __acrt_initialize_command_line 0000000180021a30 f   libucrt:argv_data.obj
 0001:00020a58       __dcrt_get_narrow_environment_from_os 0000000180021a58 f   libucrt:get_environment_from_os.obj
 0001:00020b5c       _recalloc_base             0000000180021b5c f   libucrt:recalloc.obj
 0001:00020bf4       __acrt_initialize_heap     0000000180021bf4 f   libucrt:heap_handle.obj
 0001:00020c10       __acrt_uninitialize_heap   0000000180021c10 f   libucrt:heap_handle.obj
 0001:00020c1c       __acrt_execute_initializers 0000000180021c1c f   libucrt:shared_initialization.obj
 0001:00020c9c       __acrt_execute_uninitializers 0000000180021c9c f   libucrt:shared_initialization.obj
 0001:00020cd8       __acrt_has_user_matherr    0000000180021cd8 f   libucrt:matherr.obj
 0001:00020cf8       __acrt_initialize_user_matherr 0000000180021cf8 f   libucrt:matherr.obj
 0001:00020d00       __acrt_invoke_user_matherr 0000000180021d00 f   libucrt:matherr.obj
 0001:00020d30       __acrt_add_locale_ref      0000000180021d30 f   libucrt:locale_refcounting.obj
 0001:00020dbc       __acrt_free_locale         0000000180021dbc f   libucrt:locale_refcounting.obj
 0001:00020f34       __acrt_locale_add_lc_time_reference 0000000180021f34 f   libucrt:locale_refcounting.obj
 0001:00020f5c       __acrt_locale_free_lc_time_if_unreferenced 0000000180021f5c f   libucrt:locale_refcounting.obj
 0001:00020f94       __acrt_locale_release_lc_time_reference 0000000180021f94 f   libucrt:locale_refcounting.obj
 0001:00020fbc       __acrt_release_locale_ref  0000000180021fbc f   libucrt:locale_refcounting.obj
 0001:00021064       __acrt_update_thread_locale_data 0000000180022064 f   libucrt:locale_refcounting.obj
 0001:000210d4       _updatetlocinfoEx_nolock   00000001800220d4 f   libucrt:locale_refcounting.obj
 0001:0002113c       __acrt_lowio_create_handle_array 000000018002213c f   libucrt:osfinfo.obj
 0001:000211e4       __acrt_lowio_destroy_handle_array 00000001800221e4 f   libucrt:osfinfo.obj
 0001:00021234       __acrt_lowio_ensure_fh_exists 0000000180022234 f   libucrt:osfinfo.obj
 0001:000212dc       __acrt_lowio_lock_fh       00000001800222dc f   libucrt:osfinfo.obj
 0001:00021304       __acrt_lowio_unlock_fh     0000000180022304 f   libucrt:osfinfo.obj
 0001:0002132c       _free_osfhnd               000000018002232c f   libucrt:osfinfo.obj
 0001:000213e8       _get_osfhandle             00000001800223e8 f   libucrt:osfinfo.obj
 0001:00021460       _isatty                    0000000180022460 f   libucrt:isatty.obj
 0001:000214c0       _query_new_mode            00000001800224c0 f   libucrt:new_mode.obj
 0001:000215b0       __acrt_DownlevelLocaleNameToLCID 00000001800225b0 f   libucrt:lcidtoname_downlevel.obj
 0001:000215e4       ?__mbrtowc_utf8@__crt_mbstring@@YA_KPEA_WPEBD_KPEAU_Mbstatet@@@Z 00000001800225e4 f   libucrt:mbrtowc.obj
 0001:00021620       ?__mbsrtowcs_utf8@__crt_mbstring@@YA_KPEA_WPEAPEBD_KPEAU_Mbstatet@@@Z 0000000180022620 f   libucrt:mbrtowc.obj
 0001:00021798       _putwch_nolock             0000000180022798 f   libucrt:putwch.obj
 0001:000217d4       ?__c32rtomb_utf8@__crt_mbstring@@YA_KPEAD_UPEAU_Mbstatet@@@Z 00000001800227d4 f   libucrt:c32rtomb.obj
 0001:0002188c       __acrt_fp_strflt_to_string 000000018002288c f   libucrt:_fptostr.obj
 0001:00021970       __acrt_fltout              0000000180022970 f   libucrt:cfout.obj
 0001:00022ba4       __acrt_locale_free_monetary 0000000180023ba4 f   libucrt:initmon.obj
 0001:00022cb0       __acrt_locale_free_numeric 0000000180023cb0 f   libucrt:initnum.obj
 0001:00022d74       __acrt_locale_free_time    0000000180023d74 f   libucrt:inittime.obj
 0001:00022e7c       strncpy_s                  0000000180023e7c f   libucrt:strncpy_s.obj
 0001:00022f50       __acrt_GetStringTypeW      0000000180023f50 f   libucrt:getstringtypew.obj
 0001:00022f58       __acrt_fenv_get_control    0000000180023f58 f   libucrt:_fenvutils.obj
 0001:0002304c       __acrt_fenv_get_status     000000018002404c f   libucrt:_fenvutils.obj
 0001:000230a0       __acrt_fenv_set_control    00000001800240a0 f   libucrt:_fenvutils.obj
 0001:000231e8       __acrt_fenv_set_status     00000001800241e8 f   libucrt:_fenvutils.obj
 0001:00023280       _get_fpsr                  0000000180024280 f   libucrt:fpsr.obj
 0001:00023290       _set_fpsr                  0000000180024290 f   libucrt:fpsr.obj
 0001:0002329a       _fclrf                     000000018002429a f   libucrt:fpsr.obj
 0001:000232ae       _frnd                      00000001800242ae f   libucrt:fpsr.obj
 0001:000232d0       qsort                      00000001800242d0 f   libucrt:qsort.obj
 0001:00023730       strpbrk                    0000000180024730 f   libucrt:strpbrk.obj
 0001:00023b10       _mbsdec                    0000000180024b10 f   libucrt:mbsdec.obj
 0001:00023b18       _mbsdec_l                  0000000180024b18 f   libucrt:mbsdec.obj
 0001:00023bc4       _msize_base                0000000180024bc4 f   libucrt:msize.obj
 0001:00023c00       ?__mbrtoc32_utf8@__crt_mbstring@@YA_KPEA_UPEBD_KPEAU_Mbstatet@@@Z 0000000180024c00 f   libucrt:mbrtoc32.obj
 0001:00023ddc       __dcrt_lowio_ensure_console_output_initialized 0000000180024ddc f   libucrt:initcon.obj
 0001:00023e30       __dcrt_terminate_console_output 0000000180024e30 f   libucrt:initcon.obj
 0001:00023e4c       __dcrt_write_console       0000000180024e4c f   libucrt:initcon.obj
 0001:00023f0c       fegetenv                   0000000180024f0c f   libucrt:fegetenv.obj
 0001:00023f2c       fesetenv                   0000000180024f2c f   libucrt:fesetenv.obj
 0001:00023f7c       feholdexcept               0000000180024f7c f   libucrt:feholdexcept.obj
 0001:00023fcc       ceil                       0000000180024fcc f   libucrt:ceil.obj
 0001:00024090       log10                      0000000180025090 f   libucrt:log10.obj
 0001:0002463c       _clearfp                   000000018002563c f   libucrt:ieee.obj
 0001:000246b0       _log10_special             00000001800256b0 f   libucrt:log_special.obj
 0001:00024766       IsProcessorFeaturePresent  0000000180025766 f   kernel32:KERNEL32.dll
 0001:0002476c       ?DloadAcquireSectionWriteAccess@@YAXXZ 000000018002576c f i DelayImp:delayhlp.obj
 0001:00024818       ?DloadGetSRWLockFunctionPointers@@YAEXZ 0000000180025818 f i DelayImp:delayhlp.obj
 0001:000248b4       ?DloadMakePermanentImageCommit@@YAXPEAX_K@Z 00000001800258b4 f i DelayImp:delayhlp.obj
 0001:0002494c       ?DloadObtainSection@@YAPEAXPEAK0@Z 000000018002594c f i DelayImp:delayhlp.obj
 0001:000249e8       ?DloadProtectSection@@YAXKPEAK@Z 00000001800259e8 f i DelayImp:delayhlp.obj
 0001:00024a78       ?DloadReleaseSectionWriteAccess@@YAXXZ 0000000180025a78 f i DelayImp:delayhlp.obj
 0001:00024b0c       __delayLoadHelper2         0000000180025b0c f   DelayImp:delayhlp.obj
 0001:00024dd0       _FindPESection             0000000180025dd0 f   LIBCMT:pesect.obj
 0001:00024e20       _IsNonwritableInCurrentImage 0000000180025e20 f   LIBCMT:pesect.obj
 0001:00024e70       _ValidateImageBase         0000000180025e70 f   LIBCMT:pesect.obj
 0001:00024ea0       strrchr                    0000000180025ea0 f   libvcruntime:strrchr.obj
 0001:00025000       _guard_dispatch_icall_nop  0000000180026000 f   LIBCMT:guard_dispatch.obj
 0002:00000000       __imp_GetModuleHandleA     0000000180027000     kernel32:KERNEL32.dll
 0002:00000008       __imp_LoadLibraryExA       0000000180027008     kernel32:KERNEL32.dll
 0002:00000010       __imp_GetLastError         0000000180027010     kernel32:KERNEL32.dll
 0002:00000018       __imp_WideCharToMultiByte  0000000180027018     kernel32:KERNEL32.dll
 0002:00000020       __imp_EnterCriticalSection 0000000180027020     kernel32:KERNEL32.dll
 0002:00000028       __imp_LeaveCriticalSection 0000000180027028     kernel32:KERNEL32.dll
 0002:00000030       __imp_DeleteCriticalSection 0000000180027030     kernel32:KERNEL32.dll
 0002:00000038       __imp_SetLastError         0000000180027038     kernel32:KERNEL32.dll
 0002:00000040       __imp_InitializeCriticalSectionAndSpinCount 0000000180027040     kernel32:KERNEL32.dll
 0002:00000048       __imp_TlsAlloc             0000000180027048     kernel32:KERNEL32.dll
 0002:00000050       __imp_TlsGetValue          0000000180027050     kernel32:KERNEL32.dll
 0002:00000058       __imp_TlsSetValue          0000000180027058     kernel32:KERNEL32.dll
 0002:00000060       __imp_TlsFree              0000000180027060     kernel32:KERNEL32.dll
 0002:00000068       __imp_GetSystemTimeAsFileTime 0000000180027068     kernel32:KERNEL32.dll
 0002:00000070       __imp_GetModuleHandleW     0000000180027070     kernel32:KERNEL32.dll
 0002:00000078       __imp_GetProcAddress       0000000180027078     kernel32:KERNEL32.dll
 0002:00000080       __imp_EncodePointer        0000000180027080     kernel32:KERNEL32.dll
 0002:00000088       __imp_DecodePointer        0000000180027088     kernel32:KERNEL32.dll
 0002:00000090       __imp_MultiByteToWideChar  0000000180027090     kernel32:KERNEL32.dll
 0002:00000098       __imp_LCMapStringW         0000000180027098     kernel32:KERNEL32.dll
 0002:000000a0       __imp_GetStringTypeW       00000001800270a0     kernel32:KERNEL32.dll
 0002:000000a8       __imp_GetCPInfo            00000001800270a8     kernel32:KERNEL32.dll
 0002:000000b0       __imp_RtlCaptureContext    00000001800270b0     kernel32:KERNEL32.dll
 0002:000000b8       __imp_RtlLookupFunctionEntry 00000001800270b8     kernel32:KERNEL32.dll
 0002:000000c0       __imp_RtlVirtualUnwind     00000001800270c0     kernel32:KERNEL32.dll
 0002:000000c8       __imp_UnhandledExceptionFilter 00000001800270c8     kernel32:KERNEL32.dll
 0002:000000d0       __imp_SetUnhandledExceptionFilter 00000001800270d0     kernel32:KERNEL32.dll
 0002:000000d8       __imp_GetCurrentProcess    00000001800270d8     kernel32:KERNEL32.dll
 0002:000000e0       __imp_TerminateProcess     00000001800270e0     kernel32:KERNEL32.dll
 0002:000000e8       __imp_IsProcessorFeaturePresent 00000001800270e8     kernel32:KERNEL32.dll
 0002:000000f0       __imp_QueryPerformanceCounter 00000001800270f0     kernel32:KERNEL32.dll
 0002:000000f8       __imp_GetCurrentProcessId  00000001800270f8     kernel32:KERNEL32.dll
 0002:00000100       __imp_GetCurrentThreadId   0000000180027100     kernel32:KERNEL32.dll
 0002:00000108       __imp_InitializeSListHead  0000000180027108     kernel32:KERNEL32.dll
 0002:00000110       __imp_IsDebuggerPresent    0000000180027110     kernel32:KERNEL32.dll
 0002:00000118       __imp_GetStartupInfoW      0000000180027118     kernel32:KERNEL32.dll
 0002:00000120       __imp_RtlPcToFileHeader    0000000180027120     kernel32:KERNEL32.dll
 0002:00000128       __imp_RaiseException       0000000180027128     kernel32:KERNEL32.dll
 0002:00000130       __imp_RtlUnwindEx          0000000180027130     kernel32:KERNEL32.dll
 0002:00000138       __imp_InterlockedFlushSList 0000000180027138     kernel32:KERNEL32.dll
 0002:00000140       __imp_FreeLibrary          0000000180027140     kernel32:KERNEL32.dll
 0002:00000148       __imp_LoadLibraryExW       0000000180027148     kernel32:KERNEL32.dll
 0002:00000150       __imp_GetStdHandle         0000000180027150     kernel32:KERNEL32.dll
 0002:00000158       __imp_GetFileType          0000000180027158     kernel32:KERNEL32.dll
 0002:00000160       __imp_GetModuleFileNameW   0000000180027160     kernel32:KERNEL32.dll
 0002:00000168       __imp_GetModuleHandleExW   0000000180027168     kernel32:KERNEL32.dll
 0002:00000170       __imp_WriteConsoleW        0000000180027170     kernel32:KERNEL32.dll
 0002:00000178       __imp_ExitProcess          0000000180027178     kernel32:KERNEL32.dll
 0002:00000180       __imp_WriteFile            0000000180027180     kernel32:KERNEL32.dll
 0002:00000188       __imp_OutputDebugStringW   0000000180027188     kernel32:KERNEL32.dll
 0002:00000190       __imp_GetFileSizeEx        0000000180027190     kernel32:KERNEL32.dll
 0002:00000198       __imp_SetFilePointerEx     0000000180027198     kernel32:KERNEL32.dll
 0002:000001a0       __imp_HeapAlloc            00000001800271a0     kernel32:KERNEL32.dll
 0002:000001a8       __imp_HeapFree             00000001800271a8     kernel32:KERNEL32.dll
 0002:000001b0       __imp_FlushFileBuffers     00000001800271b0     kernel32:KERNEL32.dll
 0002:000001b8       __imp_GetConsoleCP         00000001800271b8     kernel32:KERNEL32.dll
 0002:000001c0       __imp_GetConsoleMode       00000001800271c0     kernel32:KERNEL32.dll
 0002:000001c8       __imp_CloseHandle          00000001800271c8     kernel32:KERNEL32.dll
 0002:000001d0       __imp_HeapReAlloc          00000001800271d0     kernel32:KERNEL32.dll
 0002:000001d8       __imp_FindClose            00000001800271d8     kernel32:KERNEL32.dll
 0002:000001e0       __imp_FindFirstFileExW     00000001800271e0     kernel32:KERNEL32.dll
 0002:000001e8       __imp_FindNextFileW        00000001800271e8     kernel32:KERNEL32.dll
 0002:000001f0       __imp_IsValidCodePage      00000001800271f0     kernel32:KERNEL32.dll
 0002:000001f8       __imp_GetACP               00000001800271f8     kernel32:KERNEL32.dll
 0002:00000200       __imp_GetOEMCP             0000000180027200     kernel32:KERNEL32.dll
 0002:00000208       __imp_GetCommandLineA      0000000180027208     kernel32:KERNEL32.dll
 0002:00000210       __imp_GetCommandLineW      0000000180027210     kernel32:KERNEL32.dll
 0002:00000218       __imp_GetEnvironmentStringsW 0000000180027218     kernel32:KERNEL32.dll
 0002:00000220       __imp_FreeEnvironmentStringsW 0000000180027220     kernel32:KERNEL32.dll
 0002:00000228       __imp_GetProcessHeap       0000000180027228     kernel32:KERNEL32.dll
 0002:00000230       __imp_SetStdHandle         0000000180027230     kernel32:KERNEL32.dll
 0002:00000238       __imp_CreateFileW          0000000180027238     kernel32:KERNEL32.dll
 0002:00000240       __imp_HeapSize             0000000180027240     kernel32:KERNEL32.dll
 0002:00000248       __imp_GetSystemInfo        0000000180027248     kernel32:KERNEL32.dll
 0002:00000250       __imp_VirtualProtect       0000000180027250     kernel32:KERNEL32.dll
 0002:00000258       __imp_VirtualQuery         0000000180027258     kernel32:KERNEL32.dll
 0002:00000260       \177KERNEL32_NULL_THUNK_DATA 0000000180027260     kernel32:KERNEL32.dll
 0002:00000268       __guard_check_icall_fptr   0000000180027268     LIBCMT:guard_support.obj
 0002:00000270       __guard_dispatch_icall_fptr 0000000180027270     LIBCMT:guard_support.obj
 0002:00000278       __xc_a                     0000000180027278     LIBCMT:initializers.obj
 0002:000002a8       _register_woff2_decode_    00000001800272a8     woff2_decode.obj
 0002:000002b0       __xc_z                     00000001800272b0     LIBCMT:initializers.obj
 0002:000002b8       __xi_a                     00000001800272b8     LIBCMT:initializers.obj
 0002:000002c8       __acrt_stdio_initializer   00000001800272c8     libucrt:stdio_initializer.obj
 0002:000002d0       __acrt_tran_fma3_initializer 00000001800272d0     libucrt:fma3_initializer.obj
 0002:000002d8       __acrt_timeset_initializer 00000001800272d8     libucrt:timeset_initializer.obj
 0002:000002e0       __acrt_multibyte_initializer 00000001800272e0     libucrt:multibyte_initializer.obj
 0002:000002e8       __xi_z                     00000001800272e8     LIBCMT:initializers.obj
 0002:000002f0       __xp_a                     00000001800272f0     LIBCMT:initializers.obj
 0002:000002f8       __acrt_locale_terminator   00000001800272f8     libucrt:locale_initializer.obj
 0002:00000300       __dcrt_console_output_terminator 0000000180027300     libucrt:console_output_initializer.obj
 0002:00000308       __acrt_stdio_terminator    0000000180027308     libucrt:stdio_initializer.obj
 0002:00000310       __xp_z                     0000000180027310     LIBCMT:initializers.obj
 0002:00000318       __xt_a                     0000000180027318     LIBCMT:initializers.obj
 0002:00000320       __xt_z                     0000000180027320     LIBCMT:initializers.obj
 0002:00000330       __sz_node_exe              0000000180027330     node:node.exe
 0002:00000348       ??_7exception@std@@6B@     0000000180027348     libcpmt:xthrow.obj
 0002:00000358       ??_C@_0BC@EOODALEL@Unknown?5exception@ 0000000180027358     libcpmt:xthrow.obj
 0002:00000378       ??_7bad_alloc@std@@6B@     0000000180027378     libcpmt:xthrow.obj
 0002:00000388       ??_C@_0P@GHFPNOJB@bad?5allocation@ 0000000180027388     libcpmt:xthrow.obj
 0002:000003a0       ??_7logic_error@std@@6B@   00000001800273a0     libcpmt:xthrow.obj
 0002:000003b8       ??_7length_error@std@@6B@  00000001800273b8     libcpmt:xthrow.obj
 0002:00000418       ??_C@_01NBENCBCI@?$CK@     0000000180027418     libcpmt:locale0.obj
 0002:00000420       ?_BADOFF@std@@3_JB         0000000180027420     libcpmt:ios.obj
 0002:00000b80       ??_C@_0BN@LKKBCCDB@address?5family?5not?5supported@ 0000000180027b80     libcpmt:syserror.obj
 0002:00000ba0       ??_C@_0P@LDMLAFHI@address?5in?5use@ 0000000180027ba0     libcpmt:syserror.obj
 0002:00000bb0       ??_C@_0BG@DHPCNBJB@address?5not?5available@ 0000000180027bb0     libcpmt:syserror.obj
 0002:00000bc8       ??_C@_0BC@DFIBIBIL@already?5connected@ 0000000180027bc8     libcpmt:syserror.obj
 0002:00000be0       ??_C@_0BH@CAKOHOMI@argument?5list?5too?5long@ 0000000180027be0     libcpmt:syserror.obj
 0002:00000bf8       ??_C@_0BH@CGIMPKIM@argument?5out?5of?5domain@ 0000000180027bf8     libcpmt:syserror.obj
 0002:00000c10       ??_C@_0M@KGHGGJGL@bad?5address@ 0000000180027c10     libcpmt:syserror.obj
 0002:00000c20       ??_C@_0BE@MPJPGCEO@bad?5file?5descriptor@ 0000000180027c20     libcpmt:syserror.obj
 0002:00000c38       ??_C@_0M@PMMIEFCP@bad?5message@ 0000000180027c38     libcpmt:syserror.obj
 0002:00000c48       ??_C@_0M@KPHOFDBE@broken?5pipe@ 0000000180027c48     libcpmt:syserror.obj
 0002:00000c58       ??_C@_0BD@MGNDDEGM@connection?5aborted@ 0000000180027c58     libcpmt:syserror.obj
 0002:00000c70       ??_C@_0BP@KAIHPOGN@connection?5already?5in?5progress@ 0000000180027c70     libcpmt:syserror.obj
 0002:00000c90       ??_C@_0BD@PJLIIJEL@connection?5refused@ 0000000180027c90     libcpmt:syserror.obj
[...]
 0004:000016d4       $pdata$_isctype_l          00000001800746d4     libucrt:isctype.obj
 0004:000016e0       $pdata$__acrt_GetStringTypeA 00000001800746e0     libucrt:getstringtypea.obj
 0004:000016ec       $pdata$?__acrt_LCMapStringA_stat@@YAHPEAU__crt_locale_pointers@@PEB_WKPEBDHPEADHHH@Z 00000001800746ec     libucrt:lcmapstringa.obj
 0004:000016f8       $pdata$__acrt_LCMapStringA 00000001800746f8     libucrt:lcmapstringa.obj
 0004:00001704       $pdata$iswctype            0000000180074704     libucrt:iswctype.obj
 0004:00001710       $pdata$_raise_exc          0000000180074710     libucrt:fpexcept.obj
 0004:0000171c       $pdata$_raise_exc_ex       000000018007471c     libucrt:fpexcept.obj
 0004:00001728       $pdata$_raise_excf         0000000180074728     libucrt:fpexcept.obj
 0004:00001734       $pdata$_set_errno_from_matherr 0000000180074734     libucrt:fpexcept.obj
 0004:00001740       $pdata$_clrfp              0000000180074740     libucrt:fpctrl.obj
 0004:0000174c       $pdata$_ctrlfp             000000018007474c     libucrt:fpctrl.obj
 0004:00001758       $pdata$_set_statfp         0000000180074758     libucrt:fpctrl.obj
 0004:00001764       $pdata$_statfp             0000000180074764     libucrt:fpctrl.obj
 0004:00001770       $pdata$__acrt_initialize_fma3 0000000180074770     libucrt:fma3_available.obj
 0004:0000177c       $pdata$_pow_special        000000018007477c     libucrt:pow_special.obj
 0004:00001788       $pdata$_powf_special       0000000180074788     libucrt:pow_special.obj
 0004:00001794       $pdata$__acrt_WideCharToMultiByte 0000000180074794     libucrt:widechartomultibyte.obj
 0004:000017a0       $pdata$_isleadbyte_l       00000001800747a0     libucrt:_wctype.obj
 0004:000017ac       $pdata$??$__acrt_wcs_to_mbs_cp@U__crt_win32_buffer_internal_dynamic_resizing@@@@YAHQEB_WAEAV?$__crt_win32_buffer@DU__crt_win32_buffer_internal_dynamic_resizing@@@@I@Z 00000001800747ac     libucrt:argv_wildcards.obj
 0004:000017b8       $pdata$??$common_expand_argv_wildcards@D@@YAHQEAPEADQEAPEAPEAD@Z 00000001800747b8     libucrt:argv_wildcards.obj
 0004:000017c4       $pdata$??$copy_and_add_argument_to_buffer@D@@YAHQEBD0_KAEAV?$argument_list@D@?A0x5f5c8891@@@Z 00000001800747c4     libucrt:argv_wildcards.obj
 0004:000017d0       $pdata$??$expand_argument_wildcards@D@@YAHQEAD0AEAV?$argument_list@D@?A0x5f5c8891@@@Z 00000001800747d0     libucrt:argv_wildcards.obj
 0004:000017dc       $pdata$??$?RV<lambda_efdfa57d1f175319df784efa44bb7b81>@@AEAV<lambda_5f0a4c1567f8adc6734073e5d1e1b35c>@@V<lambda_2e8a7d3640ea6ccb4c2413664c2db6fd>@@@?$__crt_seh_guarded_call@X@@QEAAX$$QEAV<lambda_efdfa57d1f175319df784efa44bb7b81>@@AEAV<lambda_5f0a4c1567f8adc6734073e5d1e1b35c>@@$$QEAV<lambda_2e8a7d3640ea6ccb4c2413664c2db6fd>@@@Z 00000001800747dc     libucrt:mbctype.obj
 0004:000017e8       $pdata$?getSystemCP@@YAHH@Z 00000001800747e8     libucrt:mbctype.obj
 0004:000017f4       $pdata$?setSBCS@@YAXPEAU__crt_multibyte_data@@@Z 00000001800747f4     libucrt:mbctype.obj
 0004:00001800       $pdata$?setSBUpLow@@YAXPEAU__crt_multibyte_data@@@Z 0000000180074800     libucrt:mbctype.obj
 0004:0000180c       $pdata$?setmbcp_internal@@YAHH_NQEAU__acrt_ptd@@QEAPEAU__crt_multibyte_data@@@Z 000000018007480c     libucrt:mbctype.obj
 0004:00001818       $pdata$?update_thread_multibyte_data_internal@@YAPEAU__crt_multibyte_data@@QEAU__acrt_ptd@@QEAPEAU1@@Z 0000000180074818     libucrt:mbctype.obj
 0004:00001824       $pdata$__acrt_initialize_multibyte 0000000180074824     libucrt:mbctype.obj
 0004:00001830       $pdata$__acrt_update_thread_multibyte_data 0000000180074830     libucrt:mbctype.obj
 0004:0000183c       $pdata$_setmbcp_nolock     000000018007483c     libucrt:mbctype.obj
 0004:00001848       $pdata$?x_ismbbtype_l@@YAHPEAU__crt_locale_pointers@@IHH@Z 0000000180074848     libucrt:ismbbyte.obj
 0004:00001854       $pdata$__acrt_initialize_command_line 0000000180074854     libucrt:argv_data.obj
 0004:00001860       $pdata$__dcrt_get_narrow_environment_from_os 0000000180074860     libucrt:get_environment_from_os.obj
 0004:0000186c       $pdata$_recalloc_base      000000018007486c     libucrt:recalloc.obj
 0004:00001878       $pdata$__acrt_initialize_heap 0000000180074878     libucrt:heap_handle.obj
 0004:00001884       $pdata$__acrt_execute_initializers 0000000180074884     libucrt:shared_initialization.obj
 0004:00001890       $pdata$__acrt_execute_uninitializers 0000000180074890     libucrt:shared_initialization.obj
 0004:0000189c       $pdata$__acrt_free_locale  000000018007489c     libucrt:locale_refcounting.obj
 0004:000018a8       $pdata$__acrt_locale_free_lc_time_if_unreferenced 00000001800748a8     libucrt:locale_refcounting.obj
 0004:000018b4       $pdata$__acrt_release_locale_ref 00000001800748b4     libucrt:locale_refcounting.obj
 0004:000018c0       $pdata$__acrt_update_thread_locale_data 00000001800748c0     libucrt:locale_refcounting.obj
 0004:000018cc       $pdata$_updatetlocinfoEx_nolock 00000001800748cc     libucrt:locale_refcounting.obj
 0004:000018d8       $pdata$__acrt_lowio_create_handle_array 00000001800748d8     libucrt:osfinfo.obj
 0004:000018e4       $pdata$__acrt_lowio_destroy_handle_array 00000001800748e4     libucrt:osfinfo.obj
 0004:000018f0       $pdata$__acrt_lowio_ensure_fh_exists 00000001800748f0     libucrt:osfinfo.obj
 0004:000018fc       $pdata$_free_osfhnd        00000001800748fc     libucrt:osfinfo.obj
 0004:00001908       $pdata$_get_osfhandle      0000000180074908     libucrt:osfinfo.obj
 0004:00001914       $pdata$_isatty             0000000180074914     libucrt:isatty.obj
 0004:00001920       $pdata$?GetTableIndexFromLocaleName@@YAHPEB_W@Z 0000000180074920     libucrt:lcidtoname_downlevel.obj
 0004:0000192c       $pdata$__acrt_DownlevelLocaleNameToLCID 000000018007492c     libucrt:lcidtoname_downlevel.obj
 0004:00001938       $pdata$?__mbrtowc_utf8@__crt_mbstring@@YA_KPEA_WPEBD_KPEAU_Mbstatet@@@Z 0000000180074938     libucrt:mbrtowc.obj
 0004:00001944       $pdata$?__mbsrtowcs_utf8@__crt_mbstring@@YA_KPEA_WPEAPEBD_KPEAU_Mbstatet@@@Z 0000000180074944     libucrt:mbrtowc.obj
 0004:00001950       $pdata$_putwch_nolock      0000000180074950     libucrt:putwch.obj
 0004:0000195c       $pdata$?__c32rtomb_utf8@__crt_mbstring@@YA_KPEAD_UPEAU_Mbstatet@@@Z 000000018007495c     libucrt:c32rtomb.obj
 0004:00001968       $pdata$__acrt_fp_strflt_to_string 0000000180074968     libucrt:_fptostr.obj
 0004:00001974       $pdata$__acrt_fltout       0000000180074974     libucrt:cfout.obj
 0004:00001980       $pdata$__acrt_locale_free_monetary 0000000180074980     libucrt:initmon.obj
 0004:0000198c       $pdata$__acrt_locale_free_numeric 000000018007498c     libucrt:initnum.obj
 0004:00001998       $pdata$?free_crt_array_internal@@YAXQEAPEBX_K@Z 0000000180074998     libucrt:inittime.obj
 0004:000019a4       $pdata$__acrt_locale_free_time 00000001800749a4     libucrt:inittime.obj
 0004:000019b0       $pdata$strncpy_s           00000001800749b0     libucrt:strncpy_s.obj
 0004:000019bc       $pdata$__acrt_fenv_set_control 00000001800749bc     libucrt:_fenvutils.obj
 0004:000019d4       $pdata$qsort               00000001800749d4     libucrt:qsort.obj
 0004:000019e0       $pdata$4$qsort             00000001800749e0     libucrt:qsort.obj
 0004:000019ec       $pdata$5$qsort             00000001800749ec     libucrt:qsort.obj
 0004:000019f8       $pdata$fallbackMethod      00000001800749f8     libucrt:strpbrk.obj
 0004:00001a04       $pdata$strpbrk             0000000180074a04     libucrt:strpbrk.obj
 0004:00001a10       $pdata$_mbsdec_l           0000000180074a10     libucrt:mbsdec.obj
 0004:00001a1c       $pdata$?initialize_multibyte@@YAHXZ 0000000180074a1c     libucrt:multibyte_initializer.obj
 0004:00001a28       $pdata$_msize_base         0000000180074a28     libucrt:msize.obj
 0004:00001a34       $pdata$?__mbrtoc32_utf8@__crt_mbstring@@YA_KPEA_UPEBD_KPEAU_Mbstatet@@@Z 0000000180074a34     libucrt:mbrtoc32.obj
 0004:00001a40       $pdata$__dcrt_lowio_ensure_console_output_initialized 0000000180074a40     libucrt:initcon.obj
 0004:00001a4c       $pdata$__dcrt_terminate_console_output 0000000180074a4c     libucrt:initcon.obj
 0004:00001a58       $pdata$__dcrt_write_console 0000000180074a58     libucrt:initcon.obj
 0004:00001a64       $pdata$fegetenv            0000000180074a64     libucrt:fegetenv.obj
 0004:00001a70       $pdata$fesetenv            0000000180074a70     libucrt:fesetenv.obj
 0004:00001a7c       $pdata$feholdexcept        0000000180074a7c     libucrt:feholdexcept.obj
 0004:00001a94       $pdata$_clearfp            0000000180074a94     libucrt:ieee.obj
 0004:00001aa0       $pdata$_log10_special      0000000180074aa0     libucrt:log_special.obj
 0004:00001aac       $pdata$_log_special_common 0000000180074aac     libucrt:log_special.obj
 0004:00001ab8       $pdata$?DloadAcquireSectionWriteAccess@@YAXXZ 0000000180074ab8     DelayImp:delayhlp.obj
 0004:00001ac4       $pdata$?DloadGetSRWLockFunctionPointers@@YAEXZ 0000000180074ac4     DelayImp:delayhlp.obj
 0004:00001ad0       $pdata$?DloadMakePermanentImageCommit@@YAXPEAX_K@Z 0000000180074ad0     DelayImp:delayhlp.obj
 0004:00001adc       $pdata$?DloadObtainSection@@YAPEAXPEAK0@Z 0000000180074adc     DelayImp:delayhlp.obj
 0004:00001ae8       $pdata$?DloadProtectSection@@YAXKPEAK@Z 0000000180074ae8     DelayImp:delayhlp.obj
 0004:00001af4       $pdata$?DloadReleaseSectionWriteAccess@@YAXXZ 0000000180074af4     DelayImp:delayhlp.obj
 0004:00001b00       $pdata$__delayLoadHelper2  0000000180074b00     DelayImp:delayhlp.obj
 0004:00001b0c       $pdata$_IsNonwritableInCurrentImage 0000000180074b0c     LIBCMT:pesect.obj
 0004:00001b18       $pdata$strrchr             0000000180074b18     libvcruntime:strrchr.obj
 0004:00001b30       $pdata$?fin$0@?0??dllmain_crt_process_attach@@YAHQEAUHINSTANCE__@@QEAX@Z@4HA 0000000180074b30     LIBCMT:dll_dllmain.obj
 0004:00001b3c       $pdata$?fin$0@?0??dllmain_crt_process_detach@@YAH_N@Z@4HA 0000000180074b3c     LIBCMT:dll_dllmain.obj
 0004:00001b48       $pdata$?filt$0@?0??dllmain_dispatch@@YAHQEAUHINSTANCE__@@KQEAX@Z@4HA 0000000180074b48     LIBCMT:dll_dllmain.obj
 0004:00001b54       $pdata$__scrt_is_nonwritable_in_current_image$filt$0 0000000180074b54     LIBCMT:utility.obj
 0004:00001b60       $pdata$?filt$0@?0???$_CallSETranslator@V__FrameHandler3@@@@YAHPEAUEHExceptionRecord@@PEA_KPEAU_CONTEXT@@PEAU_xDISPATCHER_CONTEXT@@PEBU_s_FuncInfo@@K1@Z@4HA 0000000180074b60     libvcruntime:risctrnsctrl.obj
 0004:00001b6c       $pdata$__DestructExceptionObject$filt$0 0000000180074b6c     libvcruntime:ehhelpers.obj
 0004:00001b78       $pdata$?filt$0@?0??CxxCallCatchBlock@__FrameHandler3@@SAPEAXPEAU_EXCEPTION_RECORD@@@Z@4HA 0000000180074b78     libvcruntime:frame.obj
 0004:00001b84       $pdata$?fin$1@?0??CxxCallCatchBlock@__FrameHandler3@@SAPEAXPEAU_EXCEPTION_RECORD@@@Z@4HA 0000000180074b84     libvcruntime:frame.obj
 0004:00001b90       $pdata$?filt$0@?0??FrameUnwindToState@__FrameHandler3@@SAXPEA_KPEAU_xDISPATCHER_CONTEXT@@PEBU_s_FuncInfo@@H@Z@4HA 0000000180074b90     libvcruntime:frame.obj
 0004:00001b9c       $pdata$?fin$1@?0??FrameUnwindToState@__FrameHandler3@@SAXPEA_KPEAU_xDISPATCHER_CONTEXT@@PEBU_s_FuncInfo@@H@Z@4HA 0000000180074b9c     libvcruntime:frame.obj
 0004:00001ba8       $pdata$?fin$0@?0???$?RV<lambda_84ec643ea9557e2f7dc01bb0e9624395>@@AEAV<lambda_ca71763b3c0644891230e4f79ea54fa6>@@V<lambda_439a761618c59b0600e24586724d733b>@@@?$__crt_seh_guarded_call@H@@QEAAH$$QEAV<lambda_84ec643ea9557e2f7dc01bb0e9624395>@@AEAV<lambda_ca71763b3c0644891230e4f79ea54fa6>@@$$QEAV<lambda_439a761618c59b0600e24586724d733b>@@@Z@4HA 0000000180074ba8     libucrt:setvbuf.obj
 0004:00001ba8       $pdata$?fin$0@?0???$?RV<lambda_0d412022a4b28cc8a401ea49574e8ae6>@@AEAV<lambda_a775ed57af18ba8e4d5dc780aa9068fe>@@V<lambda_975a71a6baa488a08f4e15f6b0339b9e>@@@?$__crt_seh_guarded_call@H@@QEAAH$$QEAV<lambda_0d412022a4b28cc8a401ea49574e8ae6>@@AEAV<lambda_a775ed57af18ba8e4d5dc780aa9068fe>@@$$QEAV<lambda_975a71a6baa488a08f4e15f6b0339b9e>@@@Z@4HA 0000000180074ba8     libucrt:output.obj
 0004:00001ba8       $pdata$?fin$0@?0???$?RV<lambda_842d9ff0dc9ef11c61343bbaebe7f885>@@AEAV<lambda_c5860995281e5c4ce005b3de8f5874ee>@@V<lambda_d90129c13df834fdcbf8d2b88dafcf2d>@@@?$__crt_seh_guarded_call@X@@QEAAX$$QEAV<lambda_842d9ff0dc9ef11c61343bbaebe7f885>@@AEAV<lambda_c5860995281e5c4ce005b3de8f5874ee>@@$$QEAV<lambda_d90129c13df834fdcbf8d2b88dafcf2d>@@@Z@4HA 0000000180074ba8     libucrt:fflush.obj
 0004:00001ba8       $pdata$?fin$0@?0???$?RV<lambda_c376a267cfb53b6959b3b692ec76b120>@@AEAV<lambda_9a32fed5bf61b6b509b2d3f6003082a1>@@V<lambda_572fbb9fa0ab338edf41edfd4b5fcc8d>@@@?$__crt_seh_guarded_call@H@@QEAAH$$QEAV<lambda_c376a267cfb53b6959b3b692ec76b120>@@AEAV<lambda_9a32fed5bf61b6b509b2d3f6003082a1>@@$$QEAV<lambda_572fbb9fa0ab338edf41edfd4b5fcc8d>@@@Z@4HA 0000000180074ba8     libucrt:fflush.obj
 0004:00001bb4       $pdata$?fin$0@?0???$?RV<lambda_886d6c58226a84441f68b9f2b8217b83>@@AEAV<lambda_ab61a845afdef5b7c387490eaf3616ee>@@V<lambda_f7f22ab5edc0698d5f6905b0d3f44752>@@@?$__crt_seh_guarded_call@X@@QEAAX$$QEAV<lambda_886d6c58226a84441f68b9f2b8217b83>@@AEAV<lambda_ab61a845afdef5b7c387490eaf3616ee>@@$$QEAV<lambda_f7f22ab5edc0698d5f6905b0d3f44752>@@@Z@4HA 0000000180074bb4     libucrt:fflush.obj
 0004:00001bc0       $pdata$fclose$fin$0        0000000180074bc0     libucrt:fclose.obj
 0004:00001bcc       $pdata$?fin$0@?0???$?RV<lambda_efdfa57d1f175319df784efa44bb7b81>@@AEAV<lambda_5f0a4c1567f8adc6734073e5d1e1b35c>@@V<lambda_2e8a7d3640ea6ccb4c2413664c2db6fd>@@@?$__crt_seh_guarded_call@X@@QEAAX$$QEAV<lambda_efdfa57d1f175319df784efa44bb7b81>@@AEAV<lambda_5f0a4c1567f8adc6734073e5d1e1b35c>@@$$QEAV<lambda_2e8a7d3640ea6ccb4c2413664c2db6fd>@@@Z@4HA 0000000180074bcc     libucrt:mbctype.obj
 0004:00001bcc       $pdata$?fin$0@?0???$?RV<lambda_638799b9deba96c50f710eeac98168cd>@@AEAV<lambda_22ebabd17bc4fa466a2aca6d8deb888d>@@V<lambda_a6f7d7db0129f75315ebf26d50c089f1>@@@?$__crt_seh_guarded_call@H@@QEAAH$$QEAV<lambda_638799b9deba96c50f710eeac98168cd>@@AEAV<lambda_22ebabd17bc4fa466a2aca6d8deb888d>@@$$QEAV<lambda_a6f7d7db0129f75315ebf26d50c089f1>@@@Z@4HA 0000000180074bcc     libucrt:onexit.obj
 0004:00001bcc       $pdata$?fin$0@?0???$?RV<lambda_d80eeec6fff315bfe5c115232f3240e3>@@AEAV<lambda_6e4b09c48022b2350581041d5f6b0c4c>@@V<lambda_2358e3775559c9db80273638284d5e45>@@@?$__crt_seh_guarded_call@X@@QEAAX$$QEAV<lambda_d80eeec6fff315bfe5c115232f3240e3>@@AEAV<lambda_6e4b09c48022b2350581041d5f6b0c4c>@@$$QEAV<lambda_2358e3775559c9db80273638284d5e45>@@@Z@4HA 0000000180074bcc     libucrt:exit.obj
 0004:00001bcc       $pdata$?fin$0@?0???$?RV<lambda_2d41944a1d46af3157314b8a01080d33>@@AEAV<lambda_8f455de75cd7d7f24b4096f044d8b9e6>@@V<lambda_aa500f224e6afead328df44964fe2772>@@@?$__crt_seh_guarded_call@X@@QEAAX$$QEAV<lambda_2d41944a1d46af3157314b8a01080d33>@@AEAV<lambda_8f455de75cd7d7f24b4096f044d8b9e6>@@$$QEAV<lambda_aa500f224e6afead328df44964fe2772>@@@Z@4HA 0000000180074bcc     libucrt:per_thread_data.obj
 0004:00001bcc       $pdata$?fin$0@?0???$?RV<lambda_f2e299630e499de9f9a165e60fcd3db5>@@AEAV<lambda_2ae9d31cdba2644fcbeaf08da7c24588>@@V<lambda_40d01ff24d0e7b3814fdbdcee8eab3c7>@@@?$__crt_seh_guarded_call@X@@QEAAX$$QEAV<lambda_f2e299630e499de9f9a165e60fcd3db5>@@AEAV<lambda_2ae9d31cdba2644fcbeaf08da7c24588>@@$$QEAV<lambda_40d01ff24d0e7b3814fdbdcee8eab3c7>@@@Z@4HA 0000000180074bcc     libucrt:per_thread_data.obj
 0004:00001bcc       $pdata$?fin$0@?0???$?RV<lambda_aa87e3671a710a21b5dc78c0bdf72e11>@@AEAV<lambda_92619d2358a28f41a33ba319515a20b9>@@V<lambda_6992ecaafeb10aed2b74cb1fae11a551>@@@?$__crt_seh_guarded_call@X@@QEAAX$$QEAV<lambda_aa87e3671a710a21b5dc78c0bdf72e11>@@AEAV<lambda_92619d2358a28f41a33ba319515a20b9>@@$$QEAV<lambda_6992ecaafeb10aed2b74cb1fae11a551>@@@Z@4HA 0000000180074bcc     libucrt:per_thread_data.obj
 0004:00001bcc       $pdata$?fin$0@?0???$?RV<lambda_0ae27a3a962d80f24befdcbee591983d>@@AEAV<lambda_8d0ee55de4b1038c4002e0adecdf1839>@@V<lambda_dc504788e8f1664fe9b84e20bfb512f2>@@@?$__crt_seh_guarded_call@X@@QEAAX$$QEAV<lambda_0ae27a3a962d80f24befdcbee591983d>@@AEAV<lambda_8d0ee55de4b1038c4002e0adecdf1839>@@$$QEAV<lambda_dc504788e8f1664fe9b84e20bfb512f2>@@@Z@4HA 0000000180074bcc     libucrt:per_thread_data.obj
 0004:00001bcc       $pdata$?fin$0@?0???$?RV<lambda_450d765d439847d4c735a33c368b5fc0>@@AEAV<lambda_44731a7d0e6d81c3e6aa82d741081786>@@V<lambda_601a2a7da3b7a96e9554ac7215c4b07c>@@@?$__crt_seh_guarded_call@P6AXH@Z@@QEAAP6AXH@Z$$QEAV<lambda_450d765d439847d4c735a33c368b5fc0>@@AEAV<lambda_44731a7d0e6d81c3e6aa82d741081786>@@$$QEAV<lambda_601a2a7da3b7a96e9554ac7215c4b07c>@@@Z@4HA 0000000180074bcc     libucrt:signal.obj
 0004:00001bcc       $pdata$?fin$0@?0???$?RV<lambda_7777bce6b2f8c936911f934f8298dc43>@@AEAV<lambda_f03950bc5685219e0bcd2087efbe011e>@@V<lambda_3883c3dff614d5e0c5f61bb1ac94921c>@@@?$__crt_seh_guarded_call@H@@QEAAH$$QEAV<lambda_7777bce6b2f8c936911f934f8298dc43>@@AEAV<lambda_f03950bc5685219e0bcd2087efbe011e>@@$$QEAV<lambda_3883c3dff614d5e0c5f61bb1ac94921c>@@@Z@4HA 0000000180074bcc     libucrt:onexit.obj
 0004:00001bd8       $pdata$?filt$0@?0???R<lambda_6e4b09c48022b2350581041d5f6b0c4c>@@QEBA@XZ@4HA 0000000180074bd8     libucrt:exit.obj
 0004:00001be4       $pdata$_query_new_handler$fin$0 0000000180074be4     libucrt:new_handler.obj
 0004:00001bf0       $pdata$raise$fin$0         0000000180074bf0     libucrt:signal.obj
 0004:00001bfc       $pdata$__acrt_initialize_lowio$fin$0 0000000180074bfc     libucrt:ioinit.obj
 0004:00001bfc       $pdata$__acrt_lowio_ensure_fh_exists$fin$0 0000000180074bfc     libucrt:osfinfo.obj
 0004:00001c08       $pdata$_fcloseall$fin$0    0000000180074c08     libucrt:closeall.obj
 0004:00001c14       $pdata$?fin$0@?0???$?RV<lambda_751a882b2c74d4b022dec766aa51a29a>@@AEAV<lambda_628dfdc04ba53c8bfc02c9951375f3f5>@@V<lambda_f6c7be5f7998530c34de24c7437d6b54>@@@?$__crt_seh_guarded_call@H@@QEAAH$$QEAV<lambda_751a882b2c74d4b022dec766aa51a29a>@@AEAV<lambda_628dfdc04ba53c8bfc02c9951375f3f5>@@$$QEAV<lambda_f6c7be5f7998530c34de24c7437d6b54>@@@Z@4HA 0000000180074c14     libucrt:close.obj
 0004:00001c14       $pdata$?fin$0@?0???$?RV<lambda_a37b2b86f63e897a80ea819b0eb08c01>@@AEAV<lambda_38ce7e780aa69e748d6df282ebc68efe>@@V<lambda_99fb1378e971ab6e7edea83e3a7a83a2>@@@?$__crt_seh_guarded_call@H@@QEAAH$$QEAV<lambda_a37b2b86f63e897a80ea819b0eb08c01>@@AEAV<lambda_38ce7e780aa69e748d6df282ebc68efe>@@$$QEAV<lambda_99fb1378e971ab6e7edea83e3a7a83a2>@@@Z@4HA 0000000180074c14     libucrt:commit.obj
 0004:00001c20       $pdata$?fin$0@?0???$common_lseek@_J@@YA_JH_JH@Z@4HA 0000000180074c20     libucrt:lseek.obj
 0004:00001c20       $pdata$_write$fin$0        0000000180074c20     libucrt:write.obj
 0004:00001c2c       $pdata$?fin$0@?0???$?RV<lambda_410d79af7f07d98d83a3f525b3859a53>@@AEAV<lambda_3e16ef9562a7dcce91392c22ab16ea36>@@V<lambda_38119f0e861e05405d8a144b9b982f0a>@@@?$__crt_seh_guarded_call@X@@QEAAX$$QEAV<lambda_410d79af7f07d98d83a3f525b3859a53>@@AEAV<lambda_3e16ef9562a7dcce91392c22ab16ea36>@@$$QEAV<lambda_38119f0e861e05405d8a144b9b982f0a>@@@Z@4HA 0000000180074c2c     libucrt:wsetlocale.obj
 0004:00001c38       $pdata$_ctrlfp$filt$0      0000000180074c38     libucrt:fpctrl.obj
 0004:00001c44       $pdata$?fin$0@?0??update_thread_multibyte_data_internal@@YAPEAU__crt_multibyte_data@@QEAU__acrt_ptd@@QEAPEAU1@@Z@4HA 0000000180074c44     libucrt:mbctype.obj
 0004:00001c50       $pdata$__acrt_update_thread_locale_data$fin$0 0000000180074c50     libucrt:locale_refcounting.obj
 0004:00001c5c       $pdata$_IsNonwritableInCurrentImage$filt$0 0000000180074c5c     LIBCMT:pesect.obj
 0004:00001c68       $pdata$??__Fclassic_locale@std@@YAXXZ 0000000180074c68     libcpmt:locale0.obj
 0004:00001c74       $pdata$??__Finit_atexit@@YAXXZ 0000000180074c74     libcpmt:iosptrs.obj
 0005:00000060       $R000000                   0000000180075060     * linker generated manifest res *

 Exports

  ordinal    name

        1    _register_woff2_decode_
